04-10 10:32:42.590   191   191 I servicemanager: type=1400 audit(0.0:45): avc: denied { search } for name="329" dev="proc" ino=3632 scontext=u:r:servicemanager:s0 tcontext=u:r:guiext-server:s0 tclass=dir permissive=1
04-10 10:32:42.590   191   191 I servicemanager: type=1400 audit(0.0:46): avc: denied { read } for name="current" dev="proc" ino=432 scontext=u:r:servicemanager:s0 tcontext=u:r:guiext-server:s0 tclass=file permissive=1
04-10 10:32:42.590   191   191 I servicemanager: type=1400 audit(0.0:47): avc: denied { open } for path="/proc/329/attr/current" dev="proc" ino=432 scontext=u:r:servicemanager:s0 tcontext=u:r:guiext-server:s0 tclass=file permissive=1
04-10 10:32:42.590   191   191 I servicemanager: type=1400 audit(0.0:48): avc: denied { getattr } for scontext=u:r:servicemanager:s0 tcontext=u:r:guiext-server:s0 tclass=process permissive=1
04-10 10:32:42.594   329   329 I GuiExt  : GuiExt service start...
04-10 10:32:42.595   329   329 I GuiExt  : [GuiExtS] GuiExtService ctor
04-10 10:32:42.595   329   329 I GuiExt  : [GuiExtI] GuiExtPool ctor
04-10 10:32:42.617   195   195 I 6620_launcher: get property(service.wcn.driver.ready) is yes
04-10 10:32:42.617   195   195 E 6620_launcher: open device node succeed.(Node:/dev/stpwmt, fd:5) 
04-10 10:32:42.617   195   195 I 6620_launcher: key:(persist.mtk.wcn.combo.chipid)-value:(0x6580),chipId:0x6580
04-10 10:32:42.617   195   195 I 6620_launcher: chip id is 0x6580
04-10 10:32:42.617   195   195 I 6620_launcher: chiId:0x6580, setting to property(persist.mtk.wcn.combo.chipid)
04-10 10:32:42.619   328   328 D BnMtkCodec: MtkCodec Service initiate
04-10 10:32:42.619   328   328 D BnMtkCodec: Ctor
04-10 10:32:42.620   328   328 D         : mtkcodecservice re-adjust caps is not in root user
04-10 10:32:42.639   340   340 I gatekeeperd: Starting gatekeeperd...
04-10 10:32:42.640   340   340 W gatekeeperd: falling back to software GateKeeper
04-10 10:32:42.640   340   340 I gatekeeperd: cold boot: clearing state
04-10 10:32:42.697   192   192 D libEGL  : loaded /system/lib/egl/libGLES_mali.so
04-10 10:32:42.739   213   355 D PQ      : [PQ_SERIVCE] DISP_IOCTL_SET_PQ_CAM_PARAM 0...
04-10 10:32:42.739   213   355 D PQ      : [PQ_SERIVCE] DISP_IOCTL_SET_TDSHPINDEX 0...
04-10 10:32:42.741   212   375 I chatty  : uid=0(root) /system/bin/nvram_daemon expire 24 lines
04-10 10:32:42.744   343   343 F libc    : page record for 0xb6f8201c was not found (block_size=16)
04-10 10:32:42.748   212   378 I chatty  : uid=0(root) /system/bin/nvram_daemon expire 3 lines
04-10 10:32:42.752   212   376 I chatty  : uid=0(root) /system/bin/nvram_daemon expire 23 lines
04-10 10:32:42.752   212   377 I chatty  : uid=0(root) /system/bin/nvram_daemon expire 23 lines
04-10 10:32:42.752   212   380 I chatty  : uid=0(root) /system/bin/nvram_daemon expire 8 lines
04-10 10:32:42.752   212   374 I chatty  : uid=0(root) /system/bin/nvram_daemon expire 23 lines
04-10 10:32:42.754   195   195 I 6620_launcher: set property(persist.mtk.wcn.combo.chipid) to 0x6580 succeed.
04-10 10:32:42.754   195   195 I 6620_launcher: chipIdProp:key(persist.mtk.wcn.combo.chipid)value(0x6580)
04-10 10:32:42.755   195   195 I 6620_launcher: chiId:0x6580
04-10 10:32:42.755   195   195 I 6620_launcher: run SOC chip flow
04-10 10:32:42.755   195   195 I 6620_launcher: key:(ro.build.type)-value:(userdebug)
04-10 10:32:42.755   195   195 I 6620_launcher: get coredump_mode property(service.wcn.coredump.mode) failed
04-10 10:32:42.755   195   195 I 6620_launcher: Connectivity coredump is disabled!
04-10 10:32:42.755   195   195 I 6620_launcher: create pwr on thread ok
04-10 10:32:42.758   195   382 I 6620_launcher: enter power on connsys flow
04-10 10:32:42.786   212   379 I chatty  : uid=0(root) /system/bin/nvram_daemon expire 27 lines
04-10 10:32:42.836   195   195 I 6620_launcher: patch name pre-fix:ROMv2_lm_patch
04-10 10:32:42.836   195   195 I 6620_launcher: fwVersion:0x8a00
04-10 10:32:42.836   195   195 I 6620_launcher: /system/etc/firmware//ROMv2_lm_patch_1_0_hdr.bin
04-10 10:32:42.837   192   192 I [MALI][Gralloc]: dlopen libsec_mem.so fail
04-10 10:32:42.837   192   192 I gralloc : [Gralloc] refreshRate = 0, info.pixclock = ffffffff
04-10 10:32:42.837   192   192 I gralloc : [Gralloc] info.upper_margin = ffffffff, info.lower_margin = ffffffff
04-10 10:32:42.837   192   192 I gralloc : [Gralloc] info.yres = 500, info.hsync_len = ffffffff
04-10 10:32:42.837   192   192 I gralloc : [Gralloc] info.left_margin = ffffffff, info.right_margin = ffffffff
04-10 10:32:42.837   195   195 I 6620_launcher: fw Ver in patch: 0x8a00
04-10 10:32:42.837   195   195 I 6620_launcher: read patch info:0x22,0x00,0x06,0x00
04-10 10:32:42.837   192   192 I [MALI][Gralloc]: ro_dpi: 320.000000
04-10 10:32:42.837   195   195 I 6620_launcher: gpatchnum = [2]
04-10 10:32:42.837   195   195 I 6620_launcher: gdwonseq = [2]
04-10 10:32:42.837   192   192 I [MALI][Gralloc]: using (fd=15)
04-10 10:32:42.837   192   192 I [MALI][Gralloc]: id           = mtkfb
04-10 10:32:42.837   192   192 I [MALI][Gralloc]: xres         = 720 px
04-10 10:32:42.837   192   192 I [MALI][Gralloc]: yres         = 1280 px
04-10 10:32:42.837   192   192 I [MALI][Gralloc]: xres_virtual = 736 px
04-10 10:32:42.837   192   192 I [MALI][Gralloc]: yres_virtual = 3840 px
04-10 10:32:42.837   192   192 I [MALI][Gralloc]: bpp          = 32
04-10 10:32:42.837   192   192 I [MALI][Gralloc]: r            = 16:8
04-10 10:32:42.837   192   192 I [MALI][Gralloc]: g            =  8:8
04-10 10:32:42.837   192   192 I [MALI][Gralloc]: b            =  0:8
04-10 10:32:42.837   195   195 I 6620_launcher: /system/etc/firmware//ROMv2_lm_patch_1_1_hdr.bin
04-10 10:32:42.837   192   192 I [MALI][Gralloc]: width        = 57 mm (320.842102 dpi)
04-10 10:32:42.837   192   192 I [MALI][Gralloc]: height       = 102 mm (318.745087 dpi)
04-10 10:32:42.837   192   192 I [MALI][Gralloc]: refresh rate = 60.00 Hz
04-10 10:32:42.838   192   192 I [MALI][Gralloc]: init_framebuffer va: 0xb5566000 mva: 0xbf300000
04-10 10:32:42.838   195   195 I 6620_launcher: fw Ver in patch: 0x8a00
04-10 10:32:42.838   195   195 I 6620_launcher: read patch info:0x21,0x00,0x0e,0xf0
04-10 10:32:42.846   180   182 D NVRAM   : nvram restore ready!
04-10 10:32:42.853   180   182 D NVRAM   : read st  nvram_fd=12   Ret=16  usb=1  adb=1  rndis=0  rec_size=16  rec_num=1
04-10 10:32:42.853   180   182 D NVRAM   : OMADM NVRAM read  Ret=0, IsEnable=1, Usb=1, Adb=1, Rndis=0
04-10 10:32:42.889   212   212 I chatty  : uid=0(root) /system/bin/nvram_daemon expire 1 line
04-10 10:32:42.890   192   192 W hwcomposer: [EVENT] Start to listen uevent, addr.nl_pid(192)
04-10 10:32:42.894   193   193 I chatty  : uid=0(root) /system/bin/boot_logo_updater expire 7 lines
04-10 10:32:42.897   191   191 E SELinux : avc:  denied  { find } for service=GuiExtService scontext=u:r:surfaceflinger:s0 tcontext=u:object_r:guiext-server_service:s0 tclass=service_manager
04-10 10:32:42.897   329   329 D GuiExt  : [GuiExtI]   configDisplay, type=0, enable=1, w=720, h=1280, bufNum=3
04-10 10:32:42.897   329   329 I GuiExt  : [GuiExtI]   configDisplay, try to modify primary display, type=0, w=720, h=1280, bufNum=3
04-10 10:32:42.897   329   329 I GuiExt  : [GuiExtI]   configDisplay, add new type=0, w=720, h=1280, bufNum=3
04-10 10:32:42.898   192   192 W hwcomposer: [EVENT] HW VSync State(1)
04-10 10:32:42.898   192   192 I hwcomposer: [DPY] Display Information:
04-10 10:32:42.898   192   192 I hwcomposer: [DPY] # fo current devices : 1
04-10 10:32:42.898   192   192 I hwcomposer: [DPY] ------------------------------------
04-10 10:32:42.898   192   192 I hwcomposer: [DPY] Device id   : 0
04-10 10:32:42.898   192   192 I hwcomposer: [DPY] Width       : 720
04-10 10:32:42.898   192   192 I hwcomposer: [DPY] Height      : 1280
04-10 10:32:42.898   192   192 I hwcomposer: [DPY] xdpi        : 320.000000
04-10 10:32:42.898   192   192 I hwcomposer: [DPY] ydpi        : 320.000000
04-10 10:32:42.898   192   192 I hwcomposer: [DPY] vsync       : 1
04-10 10:32:42.898   192   192 I hwcomposer: [DPY] refresh     : 18076645
04-10 10:32:42.898   192   192 I hwcomposer: [DPY] connected   : 1
04-10 10:32:42.898   192   192 I hwcomposer: [DPY] hwrotation  : 0
04-10 10:32:42.898   192   192 I hwcomposer: [DPY] subtype     : 0
04-10 10:32:42.898   192   192 I hwcomposer: [DPY] aspect      : 0.562, 1.778
04-10 10:32:42.898   192   192 I hwcomposer: [DPY] protrait    : [   0,   0, 720,1280]
04-10 10:32:42.898   192   192 I hwcomposer: [DPY] landscape   : [   0,   0, 720,1280]
04-10 10:32:42.898   192   192 I SurfaceFlinger: Using composer version 1.4
04-10 10:32:42.899   192   192 I hwcomposer: [HWC] getConfigs Display(0)
04-10 10:32:42.899   192   192 I hwcomposer: [HWC] getAttributes Display(0)
04-10 10:32:42.899   192   192 I hwcomposer: [HWC] getConfigs Display(1)
04-10 10:32:42.899   192   192 I hwcomposer: [HWC] getAttributes Display(1)
04-10 10:32:42.899   192   192 W hwcomposer: [HWC] Failed to get display attributes (dpy=1 is not connected)
04-10 10:32:42.899   192   192 I hwcomposer: [HWC] getAttributes Display(1)
04-10 10:32:42.899   192   192 W hwcomposer: [HWC] Failed to get display attributes (dpy=1 is not connected)
04-10 10:32:42.899   192   192 I SurfaceFlinger: EGL information:
04-10 10:32:42.899   192   192 I SurfaceFlinger: vendor    : Android
04-10 10:32:42.899   192   192 I SurfaceFlinger: version   : 1.4 Android META-EGL
04-10 10:32:42.899   192   192 I SurfaceFlinger: extensions: EGL_KHR_get_all_proc_addresses EGL_ANDROID_presentation_time EGL_KHR_swap_buffers_with_damage EGL_KHR_image EGL_KHR_image_base EGL_KHR_image_pixmap EGL_KHR_gl_texture_2D_image EGL_KHR_gl_texture_cubemap_image EGL_KHR_gl_renderbuffer_image EGL_KHR_fence_sync EGL_KHR_create_context EGL_EXT_create_context_robustness EGL_ANDROID_image_native_buffer EGL_ANDROID_recordable EGL_KHR_partial_update EGL_EXT_buffer_age 
04-10 10:32:42.899   192   192 I SurfaceFlinger: Client API: OpenGL_ES
04-10 10:32:42.899   192   192 I SurfaceFlinger: EGLSurface: 8-8-8-8, config=0x60000016
04-10 10:32:42.901   192   192 I SurfaceFlinger: OpenGL ES informations:
04-10 10:32:42.902   192   192 I SurfaceFlinger: vendor    : ARM
04-10 10:32:42.902   192   192 I SurfaceFlinger: renderer  : Mali-400 MP
04-10 10:32:42.902   192   192 I SurfaceFlinger: version   : OpenGL ES 2.0
04-10 10:32:42.902   192   192 I SurfaceFlinger: extensions: GL_EXT_debug_marker GL_OES_texture_npot GL_OES_vertex_array_object GL_OES_compressed_ETC1_RGB8_texture GL_EXT_compressed_ETC1_RGB8_sub_texture GL_OES_standard_derivatives GL_OES_EGL_image GL_OES_depth24 GL_ARM_rgba8 GL_ARM_mali_shader_binary GL_OES_depth_texture GL_OES_packed_depth_stencil GL_EXT_texture_format_BGRA8888 GL_OES_vertex_half_float GL_EXT_blend_minmax GL_OES_EGL_image_external GL_OES_EGL_sync GL_OES_rgb8_rgba8 GL_EXT_multisampled_render_to_texture GL_EXT_discard_framebuffer GL_OES_get_program_binary GL_ARM_mali_program_binary GL_EXT_shader_texture_lod GL_EXT_robustness GL_OES_depth_texture_cube_map GL_KHR_debug GL_ARM_shader_framebuffer_fetch GL_ARM_shader_framebuffer_fetch_depth_stencil GL_OES_mapbuffer
04-10 10:32:42.902   192   192 I SurfaceFlinger: GL_MAX_TEXTURE_SIZE = 4096
04-10 10:32:42.902   192   192 I SurfaceFlinger: GL_MAX_VIEWPORT_DIMS = 4096
04-10 10:32:42.904   192   192 I [MALI][Gralloc]: usage: 0x1e02, format: 5 stride: 736 vertical_stride: 1280 size: 3768320
04-10 10:32:42.904   192   192 I [MALI][Gralloc]: xxx alloc ION_FB_HEAP
04-10 10:32:42.914   192   192 D SurfaceFlinger: Set power mode=2, type=0 flinger=0xb6b24000
04-10 10:32:42.914   192   192 I hwcomposer: [HWC] SetPowerMode(2) Display(0)
04-10 10:32:42.934   198   198 I chatty  : uid=0(root) /system/bin/ccci_mdinit expire 97 lines
04-10 10:32:43.008   180   183 E Cryptfs : Cannot remove dm-crypt device, retry(2), rtn(-1)
04-10 10:32:43.261   207   207 I chatty  : uid=0(root) /system/bin/mediaserver expire 30 lines
04-10 10:32:43.262   206   206 D WVMDrmPlugIn: WVMDrmPlugin::onGetSupportInfo : 0
04-10 10:32:43.271   206   206 D DrmMtkPlugIn: DrmMtkPlugIn() : check the Forward-lock-only property
04-10 10:32:43.271   206   206 D DrmMtkUtil/SecureTimer: load() : re-load secure timer.
04-10 10:32:43.271   206   206 E DrmMtkUtil/SecureTimer: load() : failed to open ST file, reason: [No such file or directory].
04-10 10:32:43.271   206   206 D DrmMtkPlugIn: SecureTimer DrmMtkPlugIn() : load securetimer result=[-2000]
04-10 10:32:43.271   206   206 D DrmMtkUtil/SecureTimer: updateTimeBase()
04-10 10:32:43.271   206   206 D DrmMtkUtil/SecureTimer: uptime = 4.570000,idletime = 7.150000,return value = 4
04-10 10:32:43.272   206   206 D DrmMtkUtil/SecureTimer: updateTimeBase(): base=[1523356363], tick=[4]
04-10 10:32:43.272   206   206 D DrmMtkPlugIn: SecureTimer DrmMtkPlugIn() : updateTimeBase
04-10 10:32:43.276   206   206 D WVMDrmPlugIn: WVMDrmPlugin::onGetSupportInfo : 0
04-10 10:32:43.277   206   206 D DrmMtkPlugIn: DrmMtkPlugIn::onGetSupportInfo : 0
04-10 10:32:43.321   411   411 I MDLOGGER: previous mask value is 077
04-10 10:32:43.321   411   411 I MDLOGGER: Starting MDLogger. Version=W1413.p1 (Feb 23 2016 16:04:59)
04-10 10:32:43.321   411   411 I MDLOGGER: MDlogger init with LGE
04-10 10:32:43.321   411   411 I MDLOGGER: signal ignore
04-10 10:32:43.326   411   411 D MDLOGGER: Normal Mode 0
04-10 10:32:43.326   411   411 D MDLOGGER: [isBootCompleted]==> Normal mode:Ready = 0
04-10 10:32:43.326   411   411 D MDLOGGER: Make Dir: Create directory [/data/mdl/]
04-10 10:32:43.349   411   411 I MDLOGGER: Customize Prop file exist.
04-10 10:32:43.349   411   411 I MDLOGGER: Log Save debug.mdlogger.log2sd.defaultpath = internal_sd.
04-10 10:32:43.349   411   411 I MDLOGGER: Auto Run com.mediatek.log.modem.enabled = false.
04-10 10:32:43.349   411   411 D MDLOGGER: Default recycle size is set to 600
04-10 10:32:43.350   411   411 D MDLOGGER: Init config file: Create MDLogger config file /data/mdl/mdl_config
04-10 10:32:43.350   411   411 D MDLOGGER: Init config file: Default mode is set to 0
04-10 10:32:43.350   411   411 D MDLOGGER: Get recycle size: 600
04-10 10:32:43.350   411   411 D MDLOGGER: Get auto start mode: 0
04-10 10:32:43.351   411   411 E MDLOGGER: mSockListenId ok
04-10 10:32:43.354   411   411 D MDLOGGER: start Mdlogger mode 0
04-10 10:32:43.354   411   411 D MDLOGGER: Normal boot 1
04-10 10:32:43.354   411   411 I MDLOGGER: Need create thread start Logging
04-10 10:32:43.354   411   411 D MDLOGGER: Normal boot 1
04-10 10:32:43.355   411   411 D MDLOGGER: Main: Create server FIFO /data/mdl/mdl_serv_fifo
04-10 10:32:43.356   411   411 D MDLOGGER: Handle request: Create client FIFO ok
04-10 10:32:43.356   411   411 D MDLOGGER: Open servFifoFd FIFO -1
04-10 10:32:43.356   411   419 D MDLOGGER: runListener
04-10 10:32:43.356   411   419 D MDLOGGER: mdlogger socket select start
04-10 10:32:43.356   411   420 I MDLOGGER: startLoggingThreadFun start Mdlogging
04-10 10:32:43.356   411   420 I MDLOGGER: g_pLogWriterRegister is 0
04-10 10:32:43.356   411   420 I MDLOGGER: Start MDLogging: Enter idle mode.
04-10 10:32:43.356   411   420 I MDLOGGER: g_pLogWriterRegister is 1
04-10 10:32:43.369   192   192 I [MALI][Gralloc]: usage: 0x1e02, format: 5 stride: 736 vertical_stride: 1280 size: 3768320
04-10 10:32:43.369   192   192 I [MALI][Gralloc]: xxx alloc ION_FB_HEAP
04-10 10:32:43.396   399   417 D libEGL  : loaded /system/lib/egl/libGLES_mali.so
04-10 10:32:43.488   192   350 I [MALI][Gralloc]: usage: 0xf02, format: 1 stride: 720 vertical_stride: 1280 size: 3686400
04-10 10:32:43.500   399   417 E BootAnimation: couldn't find audio_conf.txt
04-10 10:32:43.508   180   183 E Cryptfs : Cannot remove dm-crypt device, retry(3), rtn(-1)
04-10 10:32:44.009   180   183 E Cryptfs : Cannot remove dm-crypt device, retry(4), rtn(-1)
04-10 10:32:44.054   330   330 I chatty  : uid=0(root) expire 49 lines
04-10 10:32:44.135   207   207 I chatty  : uid=0(root) /system/bin/mediaserver expire 232 lines
04-10 10:32:44.188   454   454 I chatty  : uid=0(root) /system/bin/dex2oat expire 2 lines
04-10 10:32:44.230   216   300 D agps    : [agps] WARNING: [CP] cp2_fd_1_req_sim_num_timeout
04-10 10:32:44.231   216   277 D agps    : [agps][n][CP] [MD_1] write  sim_info_req
04-10 10:32:44.235   216   277 D agps    : [agps][n][CP] [MD_1] read  sim_info_rsp  sim_number=2 md_type=0 (0=fdd, 1=tdd) ecid=0 otdoa=0 band_num=0
04-10 10:32:44.235   216   277 E agps    : [agps] ERR: [CP] band_num is not ready  retry=0
04-10 10:32:44.237   399   417 D BootAnimation: Use save memory method, maybe small fps in actual.
04-10 10:32:44.254   192   350 I [MALI][Gralloc]: usage: 0xf02, format: 1 stride: 720 vertical_stride: 1280 size: 3686400
04-10 10:32:44.357   411   419 E MDLOGGER: select timeout
04-10 10:32:44.357   411   419 D MDLOGGER: mdlogger socket select start
04-10 10:32:44.396   192   352 I [MALI][Gralloc]: usage: 0xf02, format: 1 stride: 720 vertical_stride: 1280 size: 3686400
04-10 10:32:44.509   180   183 E Cryptfs : Cannot remove dm-crypt device, retry(5), rtn(-1)
04-10 10:32:44.758   192   350 I [MALI][Gralloc]: usage: 0xf02, format: 1 stride: 720 vertical_stride: 1280 size: 3686400
04-10 10:32:45.009   180   183 E Cryptfs : Cannot remove dm-crypt device, retry(6), rtn(-1)
04-10 10:32:45.370   412   412 I chatty  : uid=0(root) /system/bin/gsm0710muxd expire 1 line
04-10 10:32:45.470   531   531 I chatty  : uid=0(root) /system/bin/mtkrild expire 2 lines
04-10 10:32:45.510   180   183 E Cryptfs : Cannot remove dm-crypt device, retry(7), rtn(-1)
04-10 10:32:46.000   180   180 E NVRAM   : Coldboot: fail for sem_timedwait(Connection timed out)
04-10 10:32:46.000   180   180 I vold    : 'nvdata' partition exists.
04-10 10:32:46.010   180   183 E Cryptfs : Cannot remove dm-crypt device, retry(8), rtn(-1)
04-10 10:32:46.231   216   300 D agps    : [agps] WARNING: [CP] cp2_fd_1_req_sim_num_timeout
04-10 10:32:46.231   216   277 D agps    : [agps][n][CP] [MD_1] write  sim_info_req
04-10 10:32:46.232   216   277 D agps    : [agps][n][CP] [MD_1] read  sim_info_rsp  sim_number=2 md_type=0 (0=fdd, 1=tdd) ecid=0 otdoa=0 band_num=0
04-10 10:32:46.232   216   277 E agps    : [agps] ERR: [CP] band_num is not ready  retry=1
04-10 10:32:46.295   207   207 I chatty  : uid=0(root) /system/bin/mediaserver expire 237 lines
04-10 10:32:46.510   180   183 E Cryptfs : Cannot remove dm-crypt device, retry(9), rtn(-1)
04-10 10:32:46.822   203   203 I chatty  : uid=0(root) /system/bin/netd expire 9 lines
04-10 10:32:47.000   183   183 I chatty  : uid=0(root) /system/bin/vold expire 3 lines
04-10 10:32:47.012   180   183 I Cryptfs : Enabling support for allow_discards in dmcrypt.
04-10 10:32:47.014   180   183 I Cryptfs : The dm-crypt device is already created, /dev/block/dm-0
04-10 10:32:47.015   180   183 V vold    : ----------------
04-10 10:32:47.015   180   183 V vold    : handleBlockEvent with action 1
04-10 10:32:47.015   180   183 D NetlinkEvent: NL param 'DEVPATH=/devices/mtk-msdc.0/11130000.msdc1/mmc_host/mmc1/mmc1:1234/block/mmcblk1/mmcblk1p1'
04-10 10:32:47.015   180   183 D NetlinkEvent: NL param 'MAJOR=179'
04-10 10:32:47.015   180   183 D NetlinkEvent: NL param 'MINOR=129'
04-10 10:32:47.015   180   183 D NetlinkEvent: NL param 'DEVNAME=mmcblk1p1'
04-10 10:32:47.015   180   183 D NetlinkEvent: NL param 'DEVTYPE=partition'
04-10 10:32:47.015   180   183 D NetlinkEvent: NL param 'PARTN=1'
04-10 10:32:47.015   180   183 D NetlinkEvent: NL param 'PARTNAME=android_meta'
04-10 10:32:47.015   180   183 V vold    : ----------------
04-10 10:32:47.015   180   183 V vold    : handleBlockEvent with action 1
04-10 10:32:47.015   180   183 D NetlinkEvent: NL param 'DEVPATH=/devices/mtk-msdc.0/11130000.msdc1/mmc_host/mmc1/mmc1:1234/block/mmcblk1/mmcblk1p2'
04-10 10:32:47.015   180   183 D NetlinkEvent: NL param 'MAJOR=179'
04-10 10:32:47.015   180   183 D NetlinkEvent: NL param 'MINOR=130'
04-10 10:32:47.015   180   183 D NetlinkEvent: NL param 'DEVNAME=mmcblk1p2'
04-10 10:32:47.015   180   183 D NetlinkEvent: NL param 'DEVTYPE=partition'
04-10 10:32:47.015   180   183 D NetlinkEvent: NL param 'PARTN=2'
04-10 10:32:47.015   180   183 D NetlinkEvent: NL param 'PARTNAME=android_expand'
04-10 10:32:47.015   180   183 I Vold    : Coldboot: sem_post() because all uevent has handled
04-10 10:32:47.018   180   183 V vold    : ----------------
04-10 10:32:47.018   180   183 V vold    : handleBlockEvent with action 1
04-10 10:32:47.018   180   183 D NetlinkEvent: NL param 'DEVPATH=/devices/virtual/block/dm-0'
04-10 10:32:47.018   180   183 D NetlinkEvent: NL param 'MAJOR=253'
04-10 10:32:47.018   180   183 D NetlinkEvent: NL param 'MINOR=0'
04-10 10:32:47.018   180   183 D NetlinkEvent: NL param 'DEVNAME=dm-0'
04-10 10:32:47.018   180   183 D NetlinkEvent: NL param 'DEVTYPE=disk'
04-10 10:32:47.019   180   183 D NetlinkEvent: NL param 'NPARTS=0'
04-10 10:32:47.019   180   183 V vold    : ----------------
04-10 10:32:47.019   180   183 V vold    : handleBlockEvent with action 3
04-10 10:32:47.019   180   183 D NetlinkEvent: NL param 'DEVPATH=/devices/virtual/block/dm-0'
04-10 10:32:47.019   180   183 D NetlinkEvent: NL param 'MAJOR=253'
04-10 10:32:47.019   180   183 D NetlinkEvent: NL param 'MINOR=0'
04-10 10:32:47.019   180   183 D NetlinkEvent: NL param 'DEVNAME=dm-0'
04-10 10:32:47.019   180   183 D NetlinkEvent: NL param 'DEVTYPE=disk'
04-10 10:32:47.019   180   183 D NetlinkEvent: NL param 'NPARTS=0'
04-10 10:32:47.019   180   183 D vold    : Disk at 253:0 changed
04-10 10:32:47.210   654   654 F libc    : page record for 0xb6f1901c was not found (block_size=16)
04-10 10:32:47.843   399   417 D BootAnimation: Use save memory method, maybe small fps in actual.
04-10 10:32:48.231   216   300 D agps    : [agps] WARNING: [CP] cp2_fd_1_req_sim_num_timeout
04-10 10:32:48.232   216   277 D agps    : [agps][n][CP] [MD_1] write  sim_info_req
04-10 10:32:48.232   216   277 D agps    : [agps][n][CP] [MD_1] read  sim_info_rsp  sim_number=2 md_type=0 (0=fdd, 1=tdd) ecid=0 otdoa=0 band_num=0
04-10 10:32:48.232   216   277 E agps    : [agps] ERR: [CP] band_num is not ready  retry=2
04-10 10:32:48.371   197   197 I chatty  : uid=0(root) /system/bin/ccci_fsd expire 1 line
04-10 10:32:48.587   203   706 I chatty  : uid=0(root) /system/bin/netd expire 2 lines
04-10 10:32:49.088   199   199 I chatty  : uid=0(root) /system/bin/ccci_mdinit expire 1 line
04-10 10:32:50.232   216   300 D agps    : [agps] WARNING: [CP] cp2_fd_1_req_sim_num_timeout
04-10 10:32:50.232   216   277 D agps    : [agps][n][CP] [MD_1] write  sim_info_req
04-10 10:32:50.233   216   277 D agps    : [agps][n][CP] [MD_1] read  sim_info_rsp  sim_number=2 md_type=0 (0=fdd, 1=tdd) ecid=0 otdoa=0 band_num=0
04-10 10:32:50.233   216   277 E agps    : [agps] ERR: [CP] band_num is not ready  retry=3
04-10 10:32:50.290   710   710 I chatty  : uid=0(root) /system/bin/mediaserver expire 1 line
04-10 10:32:50.554   207   207 I chatty  : uid=0(root) /system/bin/mediaserver expire 955 lines
04-10 10:32:50.757   207   715 I chatty  : uid=0(root) /system/bin/mediaserver expire 60 lines
04-10 10:32:50.773   207   711 I chatty  : uid=0(root) /system/bin/mediaserver expire 5 lines
04-10 10:32:50.803   207   207 D NVRAM   : NVM_GetCfgFileTable : file_lid = 62
04-10 10:32:50.803   207   207 D NVRAM   : NVM_CheckFileSize:stat_size:1262,size in table:1260
04-10 10:32:50.803   207   207 D NVRAM   : NVM_ProtectUserData
04-10 10:32:50.803   207   207 D NVRAM   : NVM_ProtectUserData:Check File
04-10 10:32:50.818   207   207 D NVRAM   : NVM_CheckFile: File is correct!
04-10 10:32:50.818   207   207 D NVRAM   : NVM_ProtectUserData:Check Success
04-10 10:32:50.818   207   207 D NVRAM   : NVM_GetFileDesc ProtectDataFile Check Success!!
04-10 10:32:50.818   207   207 D NVRAM   : NVM_GetFileDesc --
04-10 10:32:50.818   207   207 D NVRAM   : no need to enc/dnc
04-10 10:32:50.818   207   207 D NVRAM   : NVM_CloseFileDesc: Open by Readonly, no need to check when close
04-10 10:32:50.818   207   207 D MtkAudioLoud: bIsZeroCoeff 1 mFilterType 1
04-10 10:32:50.818   207   207 D MtkAudioLoud: Channel 2
04-10 10:32:50.818   207   207 D MtkAudioLoud: Sampling_Rate 48000
04-10 10:32:50.818   207   207 D MtkAudioLoud: PCM_Format 0
04-10 10:32:50.818   207   207 D MtkAudioLoud: copyParam mIsSepLR_Filter [0]
04-10 10:32:50.818   207   207 D MtkAudioLoud: LHSF_Coeff [0][0]=0x0, addr = 0xb60f6d40,
04-10 10:32:50.818   207   207 D MtkAudioLoud: LHSF_Coeff [0][1]=0x0, addr = 0xb60f6d44,
04-10 10:32:50.819   207   207 D MtkAudioLoud: LBPF_Coeff [0][0]=0x0, addr = 0xb60f6d68,
04-10 10:32:50.819   207   207 D MtkAudioLoud: LBPF_Coeff [0][1]=0x0, addr = 0xb60f6d6c,
04-10 10:32:50.819   207   207 D MtkAudioLoud: RHSF_Coeff [0][0]=0x0, addr = 0xb60f6e80,
04-10 10:32:50.819   207   207 D MtkAudioLoud: RHSF_Coeff [0][1]=0x0, addr = 0xb60f6e84,
04-10 10:32:50.819   207   207 D MtkAudioLoud: RBPF_Coeff [0][0]=0x0, addr = 0xb60f6ea8,
04-10 10:32:50.819   207   207 D MtkAudioLoud: RBPF_Coeff [0][1]=0x0, addr = 0xb60f6eac,
04-10 10:32:50.819   207   207 D MtkAudioLoud: WS_Gain_Max 0
04-10 10:32:50.819   207   207 D MtkAudioLoud: WS_Gain_Min 0
04-10 10:32:50.819   207   207 D MtkAudioLoud: Filter_First 0
04-10 10:32:50.819   207   207 D MtkAudioLoud: Num_Bands 0
04-10 10:32:50.819   207   207 D MtkAudioLoud: Flt_Bank_Order 0
04-10 10:32:50.819   207   207 D MtkAudioLoud: DRC_Delay 0
04-10 10:32:50.819   207   207 D MtkAudioLoud: Lim_Th 0
04-10 10:32:50.819   207   207 D MtkAudioLoud: Lim_Gn 0
04-10 10:32:50.819   207   207 D MtkAudioLoud: Lim_Const 0
04-10 10:32:50.819   207   207 D MtkAudioLoud: Lim_Delay 0
04-10 10:32:50.819   207   207 D MtkAudioLoud: Sep_LR_Filter 0
04-10 10:32:50.819   207   207 D MtkAudioLoud: Att_Time[0][0] = 0
04-10 10:32:50.819   207   207 D MtkAudioLoud: Rel_Time[0][0] = 0
04-10 10:32:50.819   207   207 D MtkAudioLoud: Att_Time[0][1] = 0
04-10 10:32:50.819   207   207 D MtkAudioLoud: Rel_Time[0][1] = 0
04-10 10:32:50.819   207   207 D MtkAudioLoud: Att_Time[0][2] = 0
04-10 10:32:50.819   207   207 D MtkAudioLoud: Rel_Time[0][2] = 0
04-10 10:32:50.819   207   207 D MtkAudioLoud: Att_Time[0][3] = 0
04-10 10:32:50.819   207   207 D MtkAudioLoud: Rel_Time[0][3] = 0
04-10 10:32:50.819   207   207 D MtkAudioLoud: Att_Time[0][4] = 0
04-10 10:32:50.819   207   207 D MtkAudioLoud: Rel_Time[0][4] = 0
04-10 10:32:50.819   207   207 D MtkAudioLoud: Att_Time[0][5] = 0
04-10 10:32:50.819   207   207 D MtkAudioLoud: Rel_Time[0][5] = 0
04-10 10:32:50.819   207   207 D MtkAudioLoud: DRC_Th[0][0] = 0
04-10 10:32:50.819   207   207 D MtkAudioLoud: DRC_Gn[0][0] = 0
04-10 10:32:50.819   207   207 D MtkAudioLoud: DRC_Th[0][1] = 0
04-10 10:32:50.819   207   207 D MtkAudioLoud: DRC_Gn[0][1] = 0
04-10 10:32:50.819   207   207 D MtkAudioLoud: DRC_Th[0][2] = 0
04-10 10:32:50.819   207   207 D MtkAudioLoud: DRC_Gn[0][2] = 0
04-10 10:32:50.820   207   207 D MtkAudioLoud: DRC_Th[0][3] = 0
04-10 10:32:50.820   207   207 D MtkAudioLoud: DRC_Gn[0][3] = 0
04-10 10:32:50.820   207   207 D MtkAudioLoud: DRC_Th[0][4] = 0
04-10 10:32:50.820   207   207 D MtkAudioLoud: DRC_Gn[0][4] = 0
04-10 10:32:50.820   207   207 D MtkAudioLoud: -SetParameter()
04-10 10:32:50.820   207   207 D MtkAudioLoud: BesSound Ver : 0x552
04-10 10:32:50.820   207   207 D MtkAudioLoud: BesSound FlushOutSampleCount : 0x40
04-10 10:32:50.820   207   207 D MtkAudioLoud: NvRam Format  : V5
04-10 10:32:50.820   207   207 D MtkAudioLoud: MtkAudioLoud Constructor
04-10 10:32:50.820   207   207 D MtkAudioLoud: +SetParameter(), paramID 0, param 0x2
04-10 10:32:50.820   207   207 D MtkAudioLoud: -SetParameter()
04-10 10:32:50.820   207   207 D MtkAudioLoud: +SetParameter(), paramID 4, param 0x0
04-10 10:32:50.820   207   207 D MtkAudioLoud: -SetParameter()
04-10 10:32:50.820   207   207 D MtkAudioLoud: +SetParameter(), paramID 2, param 0x2
04-10 10:32:50.820   207   207 D MtkAudioLoud: -SetParameter()
04-10 10:32:50.820   207   207 D MtkAudioLoud: +SetParameter(), paramID 3, param 0xbb80
04-10 10:32:50.820   207   207 D MtkAudioLoud: -SetParameter()
04-10 10:32:50.820   207   207 D MtkAudioLoud: +SetParameter(), paramID 1, param 0x7
04-10 10:32:50.820   207   207 D MtkAudioLoud: -SetParameter()
04-10 10:32:50.820   207   207 D MtkAudioLoud: +SetParameter(), paramID 5, param 0x0
04-10 10:32:50.820   207   207 D MtkAudioLoud: bIsZeroCoeff 1 mFilterType 2
04-10 10:32:50.820   207   207 D MtkAudioLoud: Channel 2
04-10 10:32:50.820   207   207 D MtkAudioLoud: Sampling_Rate 48000
04-10 10:32:50.820   207   207 D MtkAudioLoud: PCM_Format 0
04-10 10:32:50.820   207   207 D MtkAudioLoud: copyParam mIsSepLR_Filter [0]
04-10 10:32:50.820   207   207 D MtkAudioLoud: LHSF_Coeff [0][0]=0x0, addr = 0xb60f6fc0,
04-10 10:32:50.820   207   207 D MtkAudioLoud: LHSF_Coeff [0][1]=0x0, addr = 0xb60f6fc4,
04-10 10:32:50.820   207   207 D MtkAudioLoud: LBPF_Coeff [0][0]=0x0, addr = 0xb60f6fe8,
04-10 10:32:50.820   207   207 D MtkAudioLoud: LBPF_Coeff [0][1]=0x0, addr = 0xb60f6fec,
04-10 10:32:50.820   207   207 D MtkAudioLoud: RHSF_Coeff [0][0]=0x0, addr = 0xb60f7100,
04-10 10:32:50.820   207   207 D MtkAudioLoud: RHSF_Coeff [0][1]=0x0, addr = 0xb60f7104,
04-10 10:32:50.821   207   207 D MtkAudioLoud: RBPF_Coeff [0][0]=0x0, addr = 0xb60f7128,
04-10 10:32:50.821   207   207 D MtkAudioLoud: RBPF_Coeff [0][1]=0x0, addr = 0xb60f712c,
04-10 10:32:50.821   207   207 D MtkAudioLoud: WS_Gain_Max 0
04-10 10:32:50.821   207   207 D MtkAudioLoud: WS_Gain_Min 0
04-10 10:32:50.821   207   207 D MtkAudioLoud: Filter_First 0
04-10 10:32:50.821   207   207 D MtkAudioLoud: Num_Bands 0
04-10 10:32:50.821   207   207 D MtkAudioLoud: Flt_Bank_Order 0
04-10 10:32:50.821   207   207 D MtkAudioLoud: DRC_Delay 0
04-10 10:32:50.821   207   207 D MtkAudioLoud: Lim_Th 0
04-10 10:32:50.821   207   207 D MtkAudioLoud: Lim_Gn 0
04-10 10:32:50.821   207   207 D MtkAudioLoud: Lim_Const 0
04-10 10:32:50.821   207   207 D MtkAudioLoud: Lim_Delay 0
04-10 10:32:50.821   207   207 D MtkAudioLoud: Sep_LR_Filter 0
04-10 10:32:50.821   207   207 D MtkAudioLoud: Att_Time[0][0] = 0
04-10 10:32:50.821   207   207 D MtkAudioLoud: Rel_Time[0][0] = 0
04-10 10:32:50.821   207   207 D MtkAudioLoud: Att_Time[0][1] = 0
04-10 10:32:50.821   207   207 D MtkAudioLoud: Rel_Time[0][1] = 0
04-10 10:32:50.821   207   207 D MtkAudioLoud: Att_Time[0][2] = 0
04-10 10:32:50.821   207   207 D MtkAudioLoud: Rel_Time[0][2] = 0
04-10 10:32:50.821   207   207 D MtkAudioLoud: Att_Time[0][3] = 0
04-10 10:32:50.821   207   207 D MtkAudioLoud: Rel_Time[0][3] = 0
04-10 10:32:50.821   207   207 D MtkAudioLoud: Att_Time[0][4] = 0
04-10 10:32:50.821   207   207 D MtkAudioLoud: Rel_Time[0][4] = 0
04-10 10:32:50.821   207   207 D MtkAudioLoud: Att_Time[0][5] = 0
04-10 10:32:50.821   207   207 D MtkAudioLoud: Rel_Time[0][5] = 0
04-10 10:32:50.821   207   207 D MtkAudioLoud: DRC_Th[0][0] = 0
04-10 10:32:50.821   207   207 D MtkAudioLoud: DRC_Gn[0][0] = 0
04-10 10:32:50.821   207   207 D MtkAudioLoud: DRC_Th[0][1] = 0
04-10 10:32:50.821   207   207 D MtkAudioLoud: DRC_Gn[0][1] = 0
04-10 10:32:50.821   207   207 D MtkAudioLoud: DRC_Th[0][2] = 0
04-10 10:32:50.821   207   207 D MtkAudioLoud: DRC_Gn[0][2] = 0
04-10 10:32:50.821   207   207 D MtkAudioLoud: DRC_Th[0][3] = 0
04-10 10:32:50.822   207   207 D MtkAudioLoud: DRC_Gn[0][3] = 0
04-10 10:32:50.822   207   207 D MtkAudioLoud: DRC_Th[0][4] = 0
04-10 10:32:50.822   207   207 D MtkAudioLoud: DRC_Gn[0][4] = 0
04-10 10:32:50.822   207   207 D MtkAudioLoud: -SetParameter()
04-10 10:32:50.822   207   207 D MtkAudioLoud: BesSound Ver : 0x552
04-10 10:32:50.822   207   207 D MtkAudioLoud: BesSound FlushOutSampleCount : 0x40
04-10 10:32:50.822   207   207 D MtkAudioLoud: NvRam Format  : V5
04-10 10:32:50.822   207   207 D NVRAM   : NVM_GetFileDesc ++
04-10 10:32:50.822   207   207 D NVRAM   : NVM_GetCfgFileTable : file_lid = 16
04-10 10:32:50.822   207   207 D NVRAM   : NVM_GetCfgFileTable done
04-10 10:32:50.822   207   207 D NVRAM   : Open /data/nvram/media/Audio_AudEnh_Control_Opt,LID:16
04-10 10:32:50.822   207   207 D NVRAM   : NVM_CmpFileVerNo 16  
04-10 10:32:50.822   207   207 D NVRAM   : NVM_GetCfgFileTable : file_lid = 16
04-10 10:32:50.822   207   207 D NVRAM   : Check if FILE_VER exists before openning it!
04-10 10:32:50.822   207   207 D NVRAM   : NVM_CheckVerFile: 1
04-10 10:32:50.822   207   207 D NVRAM   : New version info file
04-10 10:32:50.822   207   207 D NVRAM   : Load File Version: 000, NvRam File Version: 000
04-10 10:32:50.822   207   207 D NVRAM   : no need to enc/dnc
04-10 10:32:50.822   207   207 D NVRAM   : NVM_CheckFileSize : 16 ++
04-10 10:32:50.822   207   207 D NVRAM   : iCustomBeginLID = 50
04-10 10:32:50.823   207   207 D NVRAM   : NVM_CheckVerFile: 1
04-10 10:32:50.823   207   207 D NVRAM   : NVM_GetCfgFileTable : file_lid = 16
04-10 10:32:50.823   207   207 D NVRAM   : NVM_CheckFileSize:stat_size:6,size in table:4
04-10 10:32:50.823   207   207 D NVRAM   : NVM_ProtectUserData
04-10 10:32:50.823   207   207 D NVRAM   : NVM_ProtectUserData:Check File
04-10 10:32:50.823   207   207 D NVRAM   : NVM_CheckFile: File is correct!
04-10 10:32:50.823   207   207 D NVRAM   : NVM_ProtectUserData:Check Success
04-10 10:32:50.823   207   207 D NVRAM   : NVM_GetFileDesc ProtectDataFile Check Success!!
04-10 10:32:50.823   207   207 D NVRAM   : NVM_GetFileDesc --
04-10 10:32:50.823   207   207 D AudioYusuParam: GetAudEnhControlOptionParamFromNV rec_size = 4 rec_num = 1
04-10 10:32:50.824   207   207 D NVRAM   : no need to enc/dnc
04-10 10:32:50.824   207   207 D NVRAM   : NVM_CloseFileDesc: Open by Readonly, no need to check when close
04-10 10:32:50.824   207   207 D AudioYusuParam: GetAudEnh [0x3] result [4]
04-10 10:32:50.826   207   207 D AudioMTKFilterManager: mFixedParam 1
04-10 10:32:50.826   207   207 D AudioMTKFilterManager: +Init AudioMTKFilter_VibSpkAddTone
04-10 10:32:50.826   207   207 D AudioMTKFilterManager: sampleRate [48000] channel [2] format [0x1] bufferSize [1024]
04-10 10:32:50.826   207   207 D AudioVIBSPKControl: getInstance()
04-10 10:32:50.826   207   207 D AudioFtm: GetVibSpkCalibrationStatus()
04-10 10:32:50.827   207   207 D NVRAM   : NVM_GetFileDesc ++
04-10 10:32:50.837   207   207 D AudioVIBSPKControl: setParameters:bb80 9c f 5
04-10 10:32:50.837   207   207 D MtkAudioLoud: MtkAudioLoud Constructor
04-10 10:32:50.837   207   207 D MtkAudioLoud: +SetParameter(), paramID 0, param 0x3
04-10 10:32:50.837   207   207 D MtkAudioLoud: -SetParameter()
04-10 10:32:50.837   207   207 D MtkAudioLoud: +SetParameter(), paramID 4, param 0x0
04-10 10:32:50.837   207   207 D MtkAudioLoud: -SetParameter()
04-10 10:32:50.837   207   207 D MtkAudioLoud: +SetParameter(), paramID 2, param 0x2
04-10 10:32:50.837   207   207 D MtkAudioLoud: -SetParameter()
04-10 10:32:50.837   207   207 D MtkAudioLoud: +SetParameter(), paramID 3, param 0xbb80
04-10 10:32:50.837   207   207 D MtkAudioLoud: -SetParameter()
04-10 10:32:50.837   207   207 D MtkAudioLoud: +SetParameter(), paramID 1, param 0x4
04-10 10:32:50.837   207   207 D MtkAudioLoud: -SetParameter()
04-10 10:32:50.837   207   207 D MtkAudioLoud: +SetParameter(), paramID 5, param 0x0
04-10 10:32:50.837   207   207 D NVRAM   : NVM_GetFileDesc ++
04-10 10:32:50.837   207   207 D NVRAM   : NVM_GetCfgFileTable : file_lid = 68
04-10 10:32:50.837   207   207 D NVRAM   : NVM_GetCfgFileTable done
04-10 10:32:50.837   207   207 D NVRAM   : Open /data/nvram/media/VibSpk_CompFlt,LID:68
04-10 10:32:50.837   207   207 D NVRAM   : NVM_CmpFileVerNo 68  
04-10 10:32:50.837   207   207 D NVRAM   : NVM_GetCfgFileTable : file_lid = 68
04-10 10:32:50.837   207   207 D NVRAM   : Check if FILE_VER exists before openning it!
04-10 10:32:50.837   207   207 D NVRAM   : NVM_CheckVerFile: 1
04-10 10:32:50.838   207   207 D NVRAM   : New version info file
04-10 10:32:50.838   207   207 D NVRAM   : Load File Version: 001, NvRam File Version: 001
04-10 10:32:50.838   207   207 D NVRAM   : no need to enc/dnc
04-10 10:32:50.838   207   207 D NVRAM   : NVM_CheckFileSize : 68 ++
04-10 10:32:50.838   207   207 D NVRAM   : iCustomBeginLID = 50
04-10 10:32:50.838   207   207 D NVRAM   : NVM_CheckVerFile: 1
04-10 10:32:50.838   207   207 D NVRAM   : NVM_GetCfgFileTable : file_lid = 68
04-10 10:32:50.838   207   207 D NVRAM   : NVM_CheckFileSize:stat_size:1262,size in table:1260
04-10 10:32:50.838   207   207 D NVRAM   : NVM_ProtectUserData
04-10 10:32:50.838   207   207 D NVRAM   : NVM_ProtectUserData:Check File
04-10 10:32:50.840   207   207 D NVRAM   : NVM_CheckFile: File is correct!
04-10 10:32:50.841   207   207 D NVRAM   : NVM_ProtectUserData:Check Success
04-10 10:32:50.841   207   207 D NVRAM   : NVM_GetFileDesc ProtectDataFile Check Success!!
04-10 10:32:50.841   207   207 D NVRAM   : NVM_GetFileDesc --
04-10 10:32:50.844   207   207 D NVRAM   : no need to enc/dnc
04-10 10:32:50.844   207   207 D NVRAM   : NVM_CloseFileDesc: Open by Readonly, no need to check when close
04-10 10:32:50.844   207   207 D MtkAudioLoud: bIsZeroCoeff 0 mFilterType 3
04-10 10:32:50.844   207   207 D MtkAudioLoud: Channel 2
04-10 10:32:50.844   207   207 D MtkAudioLoud: Sampling_Rate 48000
04-10 10:32:50.844   207   207 D MtkAudioLoud: PCM_Format 0
04-10 10:32:50.844   207   207 D MtkAudioLoud: copyParam mIsSepLR_Filter [0]
04-10 10:32:50.844   207   207 D MtkAudioLoud: LHSF_Coeff [0][0]=0x0, addr = 0xb60f7240,
04-10 10:32:50.844   207   207 D MtkAudioLoud: LHSF_Coeff [0][1]=0x0, addr = 0xb60f7244,
04-10 10:32:50.844   207   207 D MtkAudioLoud: LBPF_Coeff [0][0]=0x3dea8433, addr = 0xb60f7268,
04-10 10:32:50.844   207   207 D MtkAudioLoud: LBPF_Coeff [0][1]=0x3dea7d5c, addr = 0xb60f726c,
04-10 10:32:50.844   207   207 D MtkAudioLoud: RHSF_Coeff [0][0]=0x0, addr = 0xb60f7380,
04-10 10:32:50.844   207   207 D MtkAudioLoud: RHSF_Coeff [0][1]=0x0, addr = 0xb60f7384,
04-10 10:32:50.844   207   207 D MtkAudioLoud: RBPF_Coeff [0][0]=0x0, addr = 0xb60f73a8,
04-10 10:32:50.844   207   207 D MtkAudioLoud: RBPF_Coeff [0][1]=0x0, addr = 0xb60f73ac,
04-10 10:32:50.845   207   207 D MtkAudioLoud: WS_Gain_Max 34952
04-10 10:32:50.845   207   207 D MtkAudioLoud: WS_Gain_Min 156
04-10 10:32:50.845   207   207 D MtkAudioLoud: Filter_First 0
04-10 10:32:50.845   207   207 D MtkAudioLoud: Num_Bands 0
04-10 10:32:50.845   207   207 D MtkAudioLoud: Flt_Bank_Order 0
04-10 10:32:50.845   207   207 D MtkAudioLoud: DRC_Delay 0
04-10 10:32:50.845   207   207 D MtkAudioLoud: Lim_Th 0
04-10 10:32:50.845   207   207 D MtkAudioLoud: Lim_Gn 0
04-10 10:32:50.845   207   207 D MtkAudioLoud: Lim_Const 0
04-10 10:32:50.845   207   207 D MtkAudioLoud: Lim_Delay 0
04-10 10:32:50.845   207   207 D MtkAudioLoud: Sep_LR_Filter 0
04-10 10:32:50.845   207   207 D MtkAudioLoud: Att_Time[0][0] = 0
04-10 10:32:50.845   207   207 D MtkAudioLoud: Rel_Time[0][0] = 0
04-10 10:32:50.845   207   207 D MtkAudioLoud: Att_Time[0][1] = 0
04-10 10:32:50.845   207   207 D MtkAudioLoud: Rel_Time[0][1] = 0
04-10 10:32:50.845   207   207 D MtkAudioLoud: Att_Time[0][2] = 0
04-10 10:32:50.845   207   207 D MtkAudioLoud: Rel_Time[0][2] = 0
04-10 10:32:50.845   207   207 D MtkAudioLoud: Att_Time[0][3] = 0
04-10 10:32:50.845   207   207 D MtkAudioLoud: Rel_Time[0][3] = 0
04-10 10:32:50.845   207   207 D MtkAudioLoud: Att_Time[0][4] = 0
04-10 10:32:50.845   207   207 D MtkAudioLoud: Rel_Time[0][4] = 0
04-10 10:32:50.845   207   207 D MtkAudioLoud: Att_Time[0][5] = 0
04-10 10:32:50.845   207   207 D MtkAudioLoud: Rel_Time[0][5] = 0
04-10 10:32:50.845   207   207 D MtkAudioLoud: DRC_Th[0][0] = 0
04-10 10:32:50.845   207   207 D MtkAudioLoud: DRC_Gn[0][0] = 0
04-10 10:32:50.845   207   207 D MtkAudioLoud: DRC_Th[0][1] = 0
04-10 10:32:50.845   207   207 D MtkAudioLoud: DRC_Gn[0][1] = 0
04-10 10:32:50.845   207   207 D MtkAudioLoud: DRC_Th[0][2] = 0
04-10 10:32:50.845   207   207 D MtkAudioLoud: DRC_Gn[0][2] = 0
04-10 10:32:50.845   207   207 D MtkAudioLoud: DRC_Th[0][3] = 0
04-10 10:32:50.845   207   207 D MtkAudioLoud: DRC_Gn[0][3] = 0
04-10 10:32:50.845   207   207 D MtkAudioLoud: DRC_Th[0][4] = 0
04-10 10:32:50.845   207   207 D MtkAudioLoud: DRC_Gn[0][4] = 0
04-10 10:32:50.845   207   207 D MtkAudioLoud: -SetParameter()
04-10 10:32:50.845   207   207 D MtkAudioLoud: BesSound Ver : 0x552
04-10 10:32:50.845   207   207 D MtkAudioLoud: BesSound FlushOutSampleCount : 0x40
04-10 10:32:50.845   207   207 D MtkAudioLoud: NvRam Format  : V5
04-10 10:32:50.846   207   207 D AudioMTKFilterManager: init() fixedParam 1
04-10 10:32:50.846   207   207 D AudioALSAStreamManager: -openOutputStream(), out = 0xb1f36180, status = 0x0, mStreamOutVector.size() = 2
04-10 10:32:50.846   207   207 I AudioFlinger: AudioStreamOut::open(), mHalFormatIsLinearPcm = 1
04-10 10:32:50.846   207   207 I AudioFlinger: HAL output buffer size 256 frames, normal sink buffer size 960 frames
04-10 10:32:50.852   207   207 E MonoPipe: Failed to fetch local time frequency when constructing a MonoPipe (res = -32).  getNextWriteTimestamp calls will be non-functional
04-10 10:32:50.852   207   207 D AudioALSAStreamOut: latency(), flags 4, return 10
04-10 10:32:50.852   207   207 D AudioALSAStreamOut: latency(), flags 4, return 10
04-10 10:32:50.864   207   717 I AudioFlinger: AudioFlinger's thread 0xb1b00000 ready to run
04-10 10:32:50.864   207   717 D AudioALSAHardware: +createAudioPatch num_sources [1] , num_sinks [1]
04-10 10:32:50.864   207   717 D AudioALSAHardware: handlecheck createAudioPatch handle [0x0] current size 1
04-10 10:32:50.865   207   717 D AudioALSAHardware: == source [0]/[1] ==
04-10 10:32:50.865   207   717 D AudioALSAHardware: id 0x4
04-10 10:32:50.865   207   717 D AudioALSAHardware: role 0x1 AUDIO_PORT_ROLE_SOURCE
04-10 10:32:50.865   207   717 D AudioALSAHardware: type 0x2 AUDIO_PORT_TYPE_MIX
04-10 10:32:50.865   207   717 D AudioALSAHardware: config_mask 0x7
04-10 10:32:50.865   207   717 D AudioALSAHardware: sample_rate 0xbb80
04-10 10:32:50.865   207   717 D AudioALSAHardware: channel_mask 0x3
04-10 10:32:50.865   207   717 D AudioALSAHardware: gain.index 0xffffffff
04-10 10:32:50.865   207   717 D AudioALSAHardware: gain.mode 0x0
04-10 10:32:50.865   207   717 D AudioALSAHardware: gain.channel_mask 0x0
04-10 10:32:50.865   207   717 D AudioALSAHardware: gain.ramp_duration_ms 0x0
04-10 10:32:50.865   207   717 D AudioALSAHardware: mix.hw_module 1
04-10 10:32:50.865   207   717 D AudioALSAHardware: mix.handle 4
04-10 10:32:50.865   207   717 D AudioALSAHardware: mix.usecase.stream ffffffff
04-10 10:32:50.865   207   717 D AudioALSAHardware: mix.usecase.source ffffffff
04-10 10:32:50.865   207   717 D AudioALSAHardware: == sinks [0]/[1] ==
04-10 10:32:50.865   207   717 D AudioALSAHardware: id 0x2
04-10 10:32:50.865   207   717 D AudioALSAHardware: role 0x2 AUDIO_PORT_ROLE_SINK
04-10 10:32:50.865   207   717 D AudioALSAHardware: type 0x1 AUDIO_PORT_TYPE_DEVICE
04-10 10:32:50.865   207   717 D AudioALSAHardware: config_mask 0x2
04-10 10:32:50.865   207   717 D AudioALSAHardware: sample_rate 0x0
04-10 10:32:50.865   207   717 D AudioALSAHardware: channel_mask 0x0
04-10 10:32:50.865   207   717 D AudioALSAHardware: gain.index 0xffffffff
04-10 10:32:50.865   207   717 D AudioALSAHardware: gain.mode 0x0
04-10 10:32:50.865   207   717 D AudioALSAHardware: gain.channel_mask 0x0
04-10 10:32:50.865   207   717 D AudioALSAHardware: gain.ramp_duration_ms 0x0
04-10 10:32:50.865   207   717 D AudioALSAHardware: device.hw_module 1
04-10 10:32:50.865   207   717 D AudioALSAHardware: device.type 2
04-10 10:32:50.865   207   717 D AudioALSAHardware: device.address 
04-10 10:32:50.865   207   717 D AudioALSAHardware: +routing createAudioPatch Mixer->2
04-10 10:32:50.865   207   717 D AudioALSAStreamManager: +setParameters(), IOport = 4, keyValuePairs = routing=2
04-10 10:32:50.865   207   717 D AudioALSAStreamManager: Send to mStreamOutVector[1]
04-10 10:32:50.865   207   717 D AudioALSAStreamOut: +setParameters(): routing=2
04-10 10:32:50.865   207   717 D AudioALSAStreamOut: setParameters(), mydevice 0x2
04-10 10:32:50.866   207   717 D AudioALSAStreamManager: +routingOutputDevice(), output_devices: 0x0 => 0x2
04-10 10:32:50.866   207   717 D AudioALSAVoiceWakeUpController: +updateDeviceInfoForVoiceWakeUp(), mIsUseHeadsetMic = 0
04-10 10:32:50.866   207   717 D AudioHeadSetMessager: /sys/class/switch/h2w/state => 0
04-10 10:32:50.866   207   717 D AudioALSAVoiceWakeUpController: -updateDeviceInfoForVoiceWakeUp(), mIsUseHeadsetMic = 0
04-10 10:32:50.866   207   717 D AudioALSAStreamManager: +CheckHeadsetChange(), current_output_devices = 0 output_device = 2 
04-10 10:32:50.866   207   717 D AudioALSAStreamManager: mHeadsetChange = 1
04-10 10:32:50.866   207   717 D AudioALSAStreamOut: +routing(), output_devices = 0x2
04-10 10:32:50.866   207   717 D AudioALSAStreamOut: -routing()
04-10 10:32:50.866   207   717 D AudioALSAStreamManager: routingOutputDevice(), mStreamInVector.size() = 0
04-10 10:32:50.866   207   717 D AudioALSAVolumeController: AudioALSAVolumeController getMasterVolume
04-10 10:32:50.866   207   717 D AudioALSAVolumeController: AudioALSAVolumeController setMasterVolume v = 1.000000 mode = 0 devices = 0x2
04-10 10:32:50.866   207   717 D AudioALSAVolumeController: ApplyExtAmpHeadPhoneGain  Gain = 256 mode= 0 device = 3
04-10 10:32:50.866   207   717 D AudioALSAVolumeController: DegradedBGain   = 5
04-10 10:32:50.866   207   717 D AudioALSAVolumeController: SetHeadPhoneLGain = 2
04-10 10:32:50.866   207   717 D AudioALSAVolumeController: SetHeadPhoneRGain = 2
04-10 10:32:50.866   207   717 D AudioALSAStreamManager: -routingOutputDevice(), output_devices = 0x2
04-10 10:32:50.866   207   717 D AudioALSAStreamOut: -setParameters(): routing=2 
04-10 10:32:50.866   207   717 D AudioALSAStreamManager: -setParameters()
04-10 10:32:50.866   207   717 D AudioALSAHardware: handlecheck createAudioPatch sucess new *handle 0x2
04-10 10:32:50.866   207   717 D AudioALSAHardware: -createAudioPatch num_sources [1] , num_sinks [1]
04-10 10:32:50.867   207   717 D AudioALSAStreamOut: latency(), flags 4, return 10
04-10 10:32:50.867   207   717 D AudioALSAStreamOut: standby()
04-10 10:32:50.867   207   717 E AudioFlinger: no wake lock to update!
04-10 10:32:50.868   207   207 D AudioALSAStreamManager: +openInputStream()
04-10 10:32:50.868   207   207 D AudioALSAStreamManager: openInputStream(), devices = 0x80000004, format = 0x1, channels = 0xc, sampleRate = 48000, status = 6, acoustics = 0x0
04-10 10:32:50.868   207   207 D AudioALSAStreamIn: AudioALSAStreamIn()
04-10 10:32:50.868   207   207 D AudioALSAStreamIn: set(), devices = 0x80000004, format = 0x1, channels = 0xc, sampleRate = 48000, acoustics = 0x0, flags = 0
04-10 10:32:50.868   207   207 D AudioALSAStreamIn: +CheckBesRecordInfo()
04-10 10:32:50.868   207   207 D AudioSpeechEnhanceInfo: GetBesRecScene() -1
04-10 10:32:50.869   207   207 D AudioSpeechEnhanceInfo: IsBesRecTuningEnable()+
04-10 10:32:50.869   207   207 D AudioSpeechEnhanceInfo: IsBesRecTuningEnable()- 0
04-10 10:32:50.869   207   207 D AudioYusuParam: QueryFeatureSupportInfo(),feature support 2098055 
04-10 10:32:50.869   207   207 D AudioSpeechEnhanceInfo: GetBesRecVMFileName()+
04-10 10:32:50.869   207   207 D AudioSpeechEnhanceInfo: GetBesRecVMFileName(), mVMFileName=, VMFileName=
04-10 10:32:50.869   207   207 D AudioYusuParam: QueryFeatureSupportInfo(),feature support 2098055 
04-10 10:32:50.869   207   207 D AudioSpeechEnhanceInfo: GetForceMagiASRState(), feature_support=2098055, 0, mForceMagiASR=0
04-10 10:32:50.869   207   207 D AudioSpeechEnhanceInfo: GetForceAECRecState(), mForceAECRec=0
04-10 10:32:50.869   207   207 D AudioALSAStreamIn: -CheckBesRecordInfo()
04-10 10:32:50.869   207   207 D AudioALSAStreamIn: set() done, sampleRate = 48000, num_channels = 2, buffer_size=3840
04-10 10:32:50.869   207   207 D AudioALSAStreamManager: -openInputStream(), in = 0xb1f36300, status = 0x0, mStreamInVector.size() = 1
04-10 10:32:50.869   207   207 D AudioALSAStreamIn: +setParameters(): input_source=1
04-10 10:32:50.869   207   207 D AudioALSAStreamIn: setParameters() InputSource = 1
04-10 10:32:50.869   207   207 D AudioALSAStreamIn: -setParameters(): input_source=1 
04-10 10:32:50.881   207   718 I AudioFlinger: AudioFlinger's thread 0xb1800000 ready to run
04-10 10:32:50.881   207   207 D AudioALSAStreamManager: +closeInputStream(), in = 0xb1f36300
04-10 10:32:50.881   207   207 D AudioALSAStreamIn: ~AudioALSAStreamIn()
04-10 10:32:50.881   207   207 D AudioALSAStreamManager: -closeInputStream(), mStreamInVector.size() = 0
04-10 10:32:50.883   207   207 I bt_a2dp_hw: adev_open:  adev_open in A2dp_hw module
04-10 10:32:50.884   207   207 I AudioFlinger: loadHwModule() Loaded a2dp audio interface from A2DP Audio HW HAL (audio) handle 7
04-10 10:32:50.888   207   207 D modules.usbaudio.audio_hal: [USB_AUD] adev_open
04-10 10:32:50.888   207   207 I AudioFlinger: loadHwModule() Loaded usb audio interface from USB audio HW HAL (audio) handle 8
04-10 10:32:50.891   207   207 I r_submix: adev_open(name=audio_hw_if)
04-10 10:32:50.892   207   207 I r_submix: adev_init_check()
04-10 10:32:50.892   207   207 I AudioFlinger: loadHwModule() Loaded r_submix audio interface from Wifi Display audio HAL (audio) handle 9
04-10 10:32:50.892   207   207 D r_submix: adev_open_input_stream(addr=0)
04-10 10:32:50.892   207   207 D r_submix: submix_audio_device_create_pipe_l(addr=0, idx=9)
