04-10 10:01:06.265  3625  3676 E AndroidRuntime: 	at com.android.providers.contacts.ContactsProvider2.performBackgroundTask(ContactsProvider2.java:1687)
04-10 10:01:06.265  3625  3676 E AndroidRuntime: 	at com.android.providers.contacts.ContactsProvider2$1.handleMessage(ContactsProvider2.java:1516)
04-10 10:01:06.265  3625  3676 E AndroidRuntime: 	at android.os.Handler.dispatchMessage(Handler.java:102)
04-10 10:01:06.265  3625  3676 E AndroidRuntime: 	at android.os.Looper.loop(Looper.java:148)
04-10 10:01:06.265  3625  3676 E AndroidRuntime: 	at android.os.HandlerThread.run(HandlerThread.java:61)
04-10 10:01:06.267  3625  3676 E AndroidRuntime: Error reporting crash
04-10 10:01:06.267  3625  3676 E AndroidRuntime: android.os.DeadObjectException
04-10 10:01:06.267  3625  3676 E AndroidRuntime: 	at android.os.BinderProxy.transactNative(Native Method)
04-10 10:01:06.267  3625  3676 E AndroidRuntime: 	at android.os.BinderProxy.transact(Binder.java:503)
04-10 10:01:06.267  3625  3676 E AndroidRuntime: 	at android.app.ActivityManagerProxy.handleApplicationCrash(ActivityManagerNative.java:4427)
04-10 10:01:06.267  3625  3676 E AndroidRuntime: 	at com.android.internal.os.RuntimeInit$UncaughtHandler.uncaughtException(RuntimeInit.java:90)
04-10 10:01:06.267  3625  3676 E AndroidRuntime: 	at java.lang.ThreadGroup.uncaughtException(ThreadGroup.java:693)
04-10 10:01:06.267  3625  3676 E AndroidRuntime: 	at java.lang.ThreadGroup.uncaughtException(ThreadGroup.java:690)
04-10 10:01:06.319  3230  3230 E AndroidRuntime: FATAL EXCEPTION: main
04-10 10:01:06.319  3230  3230 E AndroidRuntime: Process: com.android.systemui, PID: 3230
04-10 10:01:06.319  3230  3230 E AndroidRuntime: java.lang.RuntimeException: android.os.DeadObjectException
04-10 10:01:06.319  3230  3230 E AndroidRuntime: 	at com.android.systemui.statusbar.policy.UserInfoController.queryForUserInformation(UserInfoController.java:134)
04-10 10:01:06.319  3230  3230 E AndroidRuntime: 	at com.android.systemui.statusbar.policy.UserInfoController.reloadUserInfo(UserInfoController.java:119)
04-10 10:01:06.319  3230  3230 E AndroidRuntime: 	at com.android.systemui.statusbar.phone.PhoneStatusBar.makeStatusBarView(PhoneStatusBar.java:1017)
04-10 10:01:06.319  3230  3230 E AndroidRuntime: 	at com.android.systemui.statusbar.slim.SlimStatusBar.makeStatusBarView(SlimStatusBar.java:224)
04-10 10:01:06.319  3230  3230 E AndroidRuntime: 	at com.android.systemui.statusbar.phone.PhoneStatusBar.addStatusBarWindow(PhoneStatusBar.java:2937)
04-10 10:01:06.319  3230  3230 E AndroidRuntime: 	at com.android.systemui.statusbar.phone.PhoneStatusBar.createAndAddWindows(PhoneStatusBar.java:2933)
04-10 10:01:06.319  3230  3230 E AndroidRuntime: 	at com.android.systemui.statusbar.BaseStatusBar.start(BaseStatusBar.java:615)
04-10 10:01:06.319  3230  3230 E AndroidRuntime: 	at com.android.systemui.statusbar.phone.PhoneStatusBar.start(PhoneStatusBar.java:664)
04-10 10:01:06.319  3230  3230 E AndroidRuntime: 	at com.android.systemui.statusbar.slim.SlimStatusBar.start(SlimStatusBar.java:209)
04-10 10:01:06.319  3230  3230 E AndroidRuntime: 	at com.android.systemui.statusbar.SystemBars.createStatusBarFromConfig(SystemBars.java:106)
04-10 10:01:06.319  3230  3230 E AndroidRuntime: 	at com.android.systemui.statusbar.SystemBars.onNoService(SystemBars.java:58)
04-10 10:01:06.319  3230  3230 E AndroidRuntime: 	at com.android.systemui.statusbar.ServiceMonitor.startService(ServiceMonitor.java:230)
04-10 10:01:06.319  3230  3230 E AndroidRuntime: 	at com.android.systemui.statusbar.ServiceMonitor.-wrap5(ServiceMonitor.java)
04-10 10:01:06.319  3230  3230 E AndroidRuntime: 	at com.android.systemui.statusbar.ServiceMonitor$1.handleMessage(ServiceMonitor.java:73)
04-10 10:01:06.319  3230  3230 E AndroidRuntime: 	at android.os.Handler.dispatchMessage(Handler.java:102)
04-10 10:01:06.319  3230  3230 E AndroidRuntime: 	at android.os.Looper.loop(Looper.java:148)
04-10 10:01:06.319  3230  3230 E AndroidRuntime: 	at android.app.ActivityThread.main(ActivityThread.java:5439)
04-10 10:01:06.319  3230  3230 E AndroidRuntime: 	at java.lang.reflect.Method.invoke(Native Method)
04-10 10:01:06.319  3230  3230 E AndroidRuntime: 	at com.android.internal.os.ZygoteInit$MethodAndArgsCaller.run(ZygoteInit.java:726)
04-10 10:01:06.319  3230  3230 E AndroidRuntime: 	at com.android.internal.os.ZygoteInit.main(ZygoteInit.java:616)
04-10 10:01:06.319  3230  3230 E AndroidRuntime: Caused by: android.os.DeadObjectException
04-10 10:01:06.319  3230  3230 E AndroidRuntime: 	at android.os.BinderProxy.transactNative(Native Method)
04-10 10:01:06.319  3230  3230 E AndroidRuntime: 	at android.os.BinderProxy.transact(Binder.java:503)
04-10 10:01:06.319  3230  3230 E AndroidRuntime: 	at android.app.ActivityManagerProxy.getCurrentUser(ActivityManagerNative.java:5074)
04-10 10:01:06.319  3230  3230 E AndroidRuntime: 	at com.android.systemui.statusbar.policy.UserInfoController.queryForUserInformation(UserInfoController.java:126)
04-10 10:01:06.319  3230  3230 E AndroidRuntime: 	... 19 more
04-10 10:01:06.320  3230  3230 E AndroidRuntime: Error reporting crash
04-10 10:01:06.320  3230  3230 E AndroidRuntime: android.os.DeadObjectException
04-10 10:01:06.320  3230  3230 E AndroidRuntime: 	at android.os.BinderProxy.transactNative(Native Method)
04-10 10:01:06.320  3230  3230 E AndroidRuntime: 	at android.os.BinderProxy.transact(Binder.java:503)
04-10 10:01:06.320  3230  3230 E AndroidRuntime: 	at android.app.ActivityManagerProxy.handleApplicationCrash(ActivityManagerNative.java:4427)
04-10 10:01:06.320  3230  3230 E AndroidRuntime: 	at com.android.internal.os.RuntimeInit$UncaughtHandler.uncaughtException(RuntimeInit.java:90)
04-10 10:01:06.320  3230  3230 E AndroidRuntime: 	at java.lang.ThreadGroup.uncaughtException(ThreadGroup.java:693)
04-10 10:01:06.320  3230  3230 E AndroidRuntime: 	at java.lang.ThreadGroup.uncaughtException(ThreadGroup.java:690)
04-10 10:01:09.514  3755  3755 F libc    : page record for 0xb6ef201c was not found (block_size=16)
04-10 10:01:11.205  3800  3800 I chatty  : uid=1000 system_server expire 241 lines
04-10 10:01:11.303  3800  3823 I chatty  : uid=1000 system_server expire 5 lines
04-10 10:01:11.305  3800  3825 I chatty  : uid=1000 system_server expire 2 lines
04-10 10:01:11.449  3800  3834 I chatty  : uid=1000 system_server expire 4 lines
04-10 10:01:11.461  3800  3837 I chatty  : uid=1000 system_server expire 2 lines
04-10 10:01:13.171  3800  3920 I chatty  : uid=1000 system_server expire 1 line
04-10 10:01:13.431  3800  3942 I chatty  : uid=1000 system_server expire 33 lines
04-10 10:01:13.433   181   574 I Ext4Crypt: ext4 crypto complete called on /data
04-10 10:01:13.433   181   574 I Ext4Crypt: No master key, so not ext4enc
04-10 10:01:13.435  3800  3945 I chatty  : uid=1000 system_server expire 2 lines
04-10 10:01:13.439   181   573 D VoldCmdListener: asec list
04-10 10:01:13.440  3800  3944 I chatty  : uid=1000 system_server expire 39 lines
04-10 10:01:13.543   181   573 D VoldCmdListener: asec list
04-10 10:01:13.572  3800  3951 I chatty  : uid=1000 system_server expire 2 lines
04-10 10:01:13.643  3800  3933 I chatty  : uid=1000 system_server expire 1 line
04-10 10:01:14.417  3998  3998 F libc    : page record for 0xb6f5801c was not found (block_size=16)
04-10 10:01:19.037  4032  4032 F libc    : page record for 0xb6ebe01c was not found (block_size=16)
04-10 10:01:19.130  3800  4023 I chatty  : uid=1000 system_server expire 2 lines
04-10 10:01:19.143  3800  4024 I chatty  : uid=1000 system_server expire 1 line
04-10 10:01:19.304   181   573 D VoldCmdListener: volume reset
04-10 10:01:19.602   181   573 V vold    : /system/bin/sgdisk
04-10 10:01:19.602   181   573 V vold    :     --android-dump
04-10 10:01:19.602   181   573 V vold    :     /dev/block/vold/disk:179,128
04-10 10:01:19.663   181   573 V vold    : DISK gpt F342FEEA-A652-4F60-B694-D8C566F84758
04-10 10:01:19.663   181   573 V vold    : PART 1 19A710A2-B3CA-11E4-B026-10604B889DCF 66CC8B1B-DB76-4226-AE5F-989E287F70EC android_meta
04-10 10:01:19.663   181   573 V vold    : PART 2 193D1EA4-B3CA-11E4-B075-10604B889DCF A0C0EE3A-FFB3-980B-8C9C-0DFF5E38A832 android_expand
04-10 10:01:19.664   181   573 D vold    : Found key for GUID a0c0ee3affb3980b8c9c0dff5e38a832
04-10 10:01:19.664   181   573 D vold    : PrivateVolume(private:179,130) is newed
04-10 10:01:19.665   181   573 E Cryptfs : Cannot remove dm-crypt device, retry(0), rtn(-1)
04-10 10:01:20.121  3800  4031 I chatty  : uid=1000 system_server expire 1 line
04-10 10:01:20.165   181   573 E Cryptfs : Cannot remove dm-crypt device, retry(1), rtn(-1)
04-10 10:01:20.666   181   573 E Cryptfs : Cannot remove dm-crypt device, retry(2), rtn(-1)
04-10 10:01:21.166   181   573 E Cryptfs : Cannot remove dm-crypt device, retry(3), rtn(-1)
04-10 10:01:21.666   181   573 E Cryptfs : Cannot remove dm-crypt device, retry(4), rtn(-1)
04-10 10:01:22.166   181   573 E Cryptfs : Cannot remove dm-crypt device, retry(5), rtn(-1)
04-10 10:01:22.667   181   573 E Cryptfs : Cannot remove dm-crypt device, retry(6), rtn(-1)
04-10 10:01:23.167   181   573 E Cryptfs : Cannot remove dm-crypt device, retry(7), rtn(-1)
04-10 10:01:23.667   181   573 E Cryptfs : Cannot remove dm-crypt device, retry(8), rtn(-1)
04-10 10:01:24.136  4047  4047 F libc    : page record for 0xb6f1801c was not found (block_size=16)
04-10 10:01:24.167   181   573 E Cryptfs : Cannot remove dm-crypt device, retry(9), rtn(-1)
04-10 10:01:24.669   181   573 I Cryptfs : Enabling support for allow_discards in dmcrypt.
04-10 10:01:24.772   181   573 I Cryptfs : The dm-crypt device is already created, /dev/block/dm-0
04-10 10:01:24.772   181   186 V vold    : ----------------
04-10 10:01:24.772   181   186 V vold    : handleBlockEvent with action 2
04-10 10:01:24.772   181   186 D NetlinkEvent: NL param 'DEVPATH=/devices/virtual/block/dm-0'
04-10 10:01:24.772   181   186 D NetlinkEvent: NL param 'MAJOR=253'
04-10 10:01:24.772   181   186 D NetlinkEvent: NL param 'MINOR=0'
04-10 10:01:24.772   181   186 D NetlinkEvent: NL param 'DEVNAME=dm-0'
04-10 10:01:24.772   181   186 D NetlinkEvent: NL param 'DEVTYPE=disk'
04-10 10:01:24.772   181   186 D NetlinkEvent: NL param 'NPARTS=0'
04-10 10:01:24.772   181   186 V vold    : ----------------
04-10 10:01:24.772   181   186 V vold    : handleBlockEvent with action 2
04-10 10:01:24.772   181   186 D NetlinkEvent: NL param 'DEVPATH=/devices/virtual/block/dm-0'
04-10 10:01:24.772   181   186 D NetlinkEvent: NL param 'MAJOR=253'
04-10 10:01:24.772   181   186 D NetlinkEvent: NL param 'MINOR=0'
04-10 10:01:24.772   181   186 D NetlinkEvent: NL param 'DEVNAME=dm-0'
04-10 10:01:24.773   181   186 D NetlinkEvent: NL param 'DEVTYPE=disk'
04-10 10:01:24.773   181   186 D NetlinkEvent: NL param 'NPARTS=0'
04-10 10:01:24.773   181   186 V vold    : ----------------
04-10 10:01:24.773   181   186 V vold    : handleBlockEvent with action 1
04-10 10:01:24.773   181   186 D NetlinkEvent: NL param 'DEVPATH=/devices/virtual/block/dm-0'
04-10 10:01:24.773   181   186 D NetlinkEvent: NL param 'MAJOR=253'
04-10 10:01:24.773   181   186 D NetlinkEvent: NL param 'MINOR=0'
04-10 10:01:24.773   181   186 D NetlinkEvent: NL param 'DEVNAME=dm-0'
04-10 10:01:24.773   181   186 D NetlinkEvent: NL param 'DEVTYPE=disk'
04-10 10:01:24.773   181   186 D NetlinkEvent: NL param 'NPARTS=0'
04-10 10:01:24.773   181   186 V vold    : ----------------
04-10 10:01:24.773   181   186 V vold    : handleBlockEvent with action 3
04-10 10:01:24.773   181   186 D NetlinkEvent: NL param 'DEVPATH=/devices/virtual/block/dm-0'
04-10 10:01:24.773   181   186 D NetlinkEvent: NL param 'MAJOR=253'
04-10 10:01:24.773   181   186 D NetlinkEvent: NL param 'MINOR=0'
04-10 10:01:24.773   181   186 D NetlinkEvent: NL param 'DEVNAME=dm-0'
04-10 10:01:24.774   181   186 D NetlinkEvent: NL param 'DEVTYPE=disk'
04-10 10:01:24.774   181   186 D NetlinkEvent: NL param 'NPARTS=0'
04-10 10:01:24.774   181   186 D vold    : Disk at 253:0 changed
04-10 10:01:24.774  3800  3942 I chatty  : uid=1000 system_server expire 6 lines
04-10 10:01:24.775   181   573 D VoldCmdListener: volume user_added 0 0
04-10 10:01:24.780  3800  3800 I chatty  : uid=1000 system_server expire 36 lines
04-10 10:01:24.800   181   573 D VoldCmdListener: volume mount private:179,130 0 -1
04-10 10:01:24.800   181   573 V vold    : /system/bin/blkid
04-10 10:01:24.800   181   573 V vold    :     -c
04-10 10:01:24.800   181   573 V vold    :     /dev/null
04-10 10:01:24.800   181   573 V vold    :     -s
04-10 10:01:24.800   181   573 V vold    :     TYPE
04-10 10:01:24.801   181   573 V vold    :     -s
04-10 10:01:24.801   181   573 V vold    :     UUID
04-10 10:01:24.801   181   573 V vold    :     -s
04-10 10:01:24.801   181   573 V vold    :     LABEL
04-10 10:01:24.801   181   573 V vold    :     /dev/block/dm-0
04-10 10:01:24.873   181   573 V vold    : /dev/block/dm-0: UUID="629a8e05-8eb0-4b97-b721-a3c19235831f" TYPE="ext4" 
04-10 10:01:25.022   181   573 V vold    : /system/bin/e2fsck
04-10 10:01:25.022   181   573 V vold    :     -y
04-10 10:01:25.022   181   573 V vold    :     /dev/block/dm-0
04-10 10:01:25.102   181   573 D vold    : private:179,130 passed filesystem check
04-10 10:01:25.118   181   573 V vold    : Starting restorecon of /mnt/expand/629a8e05-8eb0-4b97-b721-a3c19235831f
04-10 10:01:25.412  3800  4088 I chatty  : uid=1000 system_server expire 2 lines
04-10 10:01:26.267  3800  3818 I chatty  : uid=1000 system_server expire 1 line
04-10 10:01:26.372   181   573 V vold    : Waiting for restorecon...
04-10 10:01:27.113  3800  4119 I chatty  : uid=1000 system_server expire 1 line
04-10 10:01:27.372   181   573 V vold    : Waiting for restorecon...
04-10 10:01:27.372   181   573 V vold    : Finished restorecon of /mnt/expand/629a8e05-8eb0-4b97-b721-a3c19235831f
04-10 10:01:27.374   181   573 D vold    : EmulatedVolume(emulated:179,130) is newed
04-10 10:01:27.376  3800  3826 I chatty  : uid=1000 system_server expire 1 line
04-10 10:01:27.378   181   573 D VoldCmdListener: volume mount emulated:179,130 3 -1
04-10 10:01:27.381   181   573 V vold    : Waiting for FUSE to spin up...
04-10 10:01:27.431   181   573 V vold    : Waiting for FUSE to spin up...
04-10 10:01:27.491   181   573 I vold    : Linking /storage/emulated/0 to /mnt/m_external_sd
04-10 10:01:27.491   181   573 D NVRAM   : create_link_for_mtklogger(ext_sd_path = /storage/emulated/0)
04-10 10:01:27.491   181   573 D NVRAM   : This is normal boot.
04-10 10:01:28.264   181   573 D VoldCmdListener: volume user_started 0
04-10 10:01:28.270   181   573 D vold    : Linking /storage/emulated/0 to /mnt/user/0/primary
04-10 10:01:28.421  3800  3822 I chatty  : uid=1000 system_server expire 1 line
04-10 10:01:28.474  4405  4405 I ActivityThread: Switching default density from 300 to 320
04-10 10:01:28.672  4435  4435 I chatty  : uid=1000(system) com.android.settings:CryptKeeper expire 1 line
04-10 10:01:28.680  3800  4489 I chatty  : uid=1000 system_server expire 1 line
04-10 10:01:28.702  3800  4492 I chatty  : uid=1000 system_server expire 2 lines
04-10 10:01:29.106  3800  3800 E AndroidRuntime: *** FATAL EXCEPTION IN SYSTEM PROCESS: main
04-10 10:01:29.106  3800  3800 E AndroidRuntime: java.lang.RuntimeException: createnewuserdir threw exception
04-10 10:01:29.106  3800  3800 E AndroidRuntime: 	at com.android.server.MountService.createNewUserDir(MountService.java:2659)
04-10 10:01:29.106  3800  3800 E AndroidRuntime: 	at android.os.storage.StorageManager.createNewUserDir(StorageManager.java:965)
04-10 10:01:29.106  3800  3800 E AndroidRuntime: 	at com.android.server.pm.UserManagerService.prepareUserDirectory(UserManagerService.java:1989)
04-10 10:01:29.106  3800  3800 E AndroidRuntime: 	at com.android.server.pm.PackageManagerService.reconcileUsers(PackageManagerService.java:16239)
04-10 10:01:29.106  3800  3800 E AndroidRuntime: 	at com.android.server.pm.PackageManagerService.-wrap34(PackageManagerService.java)
04-10 10:01:29.106  3800  3800 E AndroidRuntime: 	at com.android.server.pm.PackageManagerService$1.onVolumeStateChanged(PackageManagerService.java:1670)
04-10 10:01:29.106  3800  3800 E AndroidRuntime: 	at android.os.storage.StorageManager$StorageEventListenerDelegate.handleMessage(StorageManager.java:128)
04-10 10:01:29.106  3800  3800 E AndroidRuntime: 	at android.os.Handler.dispatchMessage(Handler.java:98)
04-10 10:01:29.106  3800  3800 E AndroidRuntime: 	at android.os.Looper.loop(Looper.java:148)
04-10 10:01:29.106  3800  3800 E AndroidRuntime: 	at com.android.server.SystemServer.run(SystemServer.java:285)
04-10 10:01:29.106  3800  3800 E AndroidRuntime: 	at com.android.server.SystemServer.main(SystemServer.java:170)
04-10 10:01:29.106  3800  3800 E AndroidRuntime: 	at java.lang.reflect.Method.invoke(Native Method)
04-10 10:01:29.106  3800  3800 E AndroidRuntime: 	at com.android.internal.os.ZygoteInit$MethodAndArgsCaller.run(ZygoteInit.java:726)
04-10 10:01:29.106  3800  3800 E AndroidRuntime: 	at com.android.internal.os.ZygoteInit.main(ZygoteInit.java:616)
04-10 10:01:29.106  3800  3800 E AndroidRuntime: Caused by: com.android.server.NativeDaemonConnector$NativeDaemonArgumentException: command '2 cryptfs createnewuserdir 0 /mnt/expand/629a8e05-8eb0-4b97-b721-a3c19235831f/user/0' failed with '500 2 Unknown cryptfs cmd'
04-10 10:01:29.106  3800  3800 E AndroidRuntime: 	at com.android.server.NativeDaemonConnector.executeForList(NativeDaemonConnector.java:441)
04-10 10:01:29.106  3800  3800 E AndroidRuntime: 	at com.android.server.NativeDaemonConnector.execute(NativeDaemonConnector.java:345)
04-10 10:01:29.106  3800  3800 E AndroidRuntime: 	at com.android.server.NativeDaemonConnector.execute(NativeDaemonConnector.java:340)
04-10 10:01:29.106  3800  3800 E AndroidRuntime: 	at com.android.server.MountService.createNewUserDir(MountService.java:2648)
04-10 10:01:29.106  3800  3800 E AndroidRuntime: 	... 13 more
04-10 10:01:29.179  4551  4551 F libc    : page record for 0xb6f8c01c was not found (block_size=16)
04-10 10:01:29.246  4504  4504 I ActivityThread: Switching default density from 300 to 320
04-10 10:01:29.289  3800  4498 I chatty  : uid=1000 system_server expire 2 lines
04-10 10:01:29.420  4491  4553 E ActivityThread: Failed to find provider info for settings
04-10 10:01:29.421  4491  4553 E AndroidRuntime: FATAL EXCEPTION: ContactsProviderWorker
04-10 10:01:29.421  4491  4553 E AndroidRuntime: Process: android.process.acore, PID: 4491
04-10 10:01:29.421  4491  4553 E AndroidRuntime: java.lang.NullPointerException: Attempt to invoke interface method 'android.os.Bundle android.content.IContentProvider.call(java.lang.String, java.lang.String, java.lang.String, android.os.Bundle)' on a null object reference
04-10 10:01:29.421  4491  4553 E AndroidRuntime: 	at android.provider.Settings$NameValueCache.getStringForUser(Settings.java:1369)
04-10 10:01:29.421  4491  4553 E AndroidRuntime: 	at android.provider.Settings$Global.getStringForUser(Settings.java:7872)
04-10 10:01:29.421  4491  4553 E AndroidRuntime: 	at android.provider.Settings$Global.getString(Settings.java:7861)
04-10 10:01:29.421  4491  4553 E AndroidRuntime: 	at android.provider.Settings$Global.getInt(Settings.java:7928)
04-10 10:01:29.421  4491  4553 E AndroidRuntime: 	at com.android.providers.contacts.ContactsProvider2.initForDefaultLocale(ContactsProvider2.java:1604)
04-10 10:01:29.421  4491  4553 E AndroidRuntime: 	at com.android.providers.contacts.ContactsProvider2.performBackgroundTask(ContactsProvider2.java:1687)
04-10 10:01:29.421  4491  4553 E AndroidRuntime: 	at com.android.providers.contacts.ContactsProvider2$1.handleMessage(ContactsProvider2.java:1516)
04-10 10:01:29.421  4491  4553 E AndroidRuntime: 	at android.os.Handler.dispatchMessage(Handler.java:102)
04-10 10:01:29.421  4491  4553 E AndroidRuntime: 	at android.os.Looper.loop(Looper.java:148)
04-10 10:01:29.421  4491  4553 E AndroidRuntime: 	at android.os.HandlerThread.run(HandlerThread.java:61)
04-10 10:01:29.422  4491  4553 E AndroidRuntime: Error reporting crash
04-10 10:01:29.422  4491  4553 E AndroidRuntime: android.os.DeadObjectException: Transaction failed on small parcel; remote process probably died
04-10 10:01:29.422  4491  4553 E AndroidRuntime: 	at android.os.BinderProxy.transactNative(Native Method)
04-10 10:01:29.422  4491  4553 E AndroidRuntime: 	at android.os.BinderProxy.transact(Binder.java:503)
04-10 10:01:29.422  4491  4553 E AndroidRuntime: 	at android.app.ActivityManagerProxy.handleApplicationCrash(ActivityManagerNative.java:4427)
04-10 10:01:29.422  4491  4553 E AndroidRuntime: 	at com.android.internal.os.RuntimeInit$UncaughtHandler.uncaughtException(RuntimeInit.java:90)
04-10 10:01:29.422  4491  4553 E AndroidRuntime: 	at java.lang.ThreadGroup.uncaughtException(ThreadGroup.java:693)
04-10 10:01:29.422  4491  4553 E AndroidRuntime: 	at java.lang.ThreadGroup.uncaughtException(ThreadGroup.java:690)
04-10 10:01:33.524  4692  4692 I chatty  : uid=1000 system_server expire 241 lines
04-10 10:01:33.612  4692  4714 I chatty  : uid=1000 system_server expire 5 lines
04-10 10:01:33.614  4692  4715 I chatty  : uid=1000 system_server expire 2 lines
04-10 10:01:33.752  4692  4725 I chatty  : uid=1000 system_server expire 4 lines
04-10 10:01:33.765  4692  4728 I chatty  : uid=1000 system_server expire 2 lines
04-10 10:01:34.558  4764  4764 F libc    : page record for 0xb6ed301c was not found (block_size=16)
04-10 10:01:35.412  4692  4801 I chatty  : uid=1000 system_server expire 1 line
04-10 10:01:35.686  4692  4826 I chatty  : uid=1000 system_server expire 33 lines
04-10 10:01:35.696   181   574 I Ext4Crypt: ext4 crypto complete called on /data
04-10 10:01:35.696   181   574 I Ext4Crypt: No master key, so not ext4enc
04-10 10:01:35.697  4692  4829 I chatty  : uid=1000 system_server expire 2 lines
04-10 10:01:35.704   181   573 D VoldCmdListener: asec list
04-10 10:01:35.705  4692  4827 I chatty  : uid=1000 system_server expire 19 lines
04-10 10:01:35.836  4692  4835 I chatty  : uid=1000 system_server expire 2 lines
04-10 10:01:35.838   181   573 D VoldCmdListener: asec list
04-10 10:01:35.919  4692  4821 I chatty  : uid=1000 system_server expire 1 line
04-10 10:01:39.666  4895  4895 F libc    : page record for 0xb6f7201c was not found (block_size=16)
04-10 10:01:41.377  4692  4900 I chatty  : uid=1000 system_server expire 2 lines
04-10 10:01:41.389  4692  4901 I chatty  : uid=1000 system_server expire 1 line
04-10 10:01:41.534   181   573 D VoldCmdListener: volume reset
04-10 10:01:41.800   181   573 V vold    : /system/bin/sgdisk
04-10 10:01:41.801   181   573 V vold    :     --android-dump
04-10 10:01:41.801   181   573 V vold    :     /dev/block/vold/disk:179,128
04-10 10:01:41.857   181   573 V vold    : DISK gpt F342FEEA-A652-4F60-B694-D8C566F84758
04-10 10:01:41.857   181   573 V vold    : PART 1 19A710A2-B3CA-11E4-B026-10604B889DCF 66CC8B1B-DB76-4226-AE5F-989E287F70EC android_meta
04-10 10:01:41.857   181   573 V vold    : PART 2 193D1EA4-B3CA-11E4-B075-10604B889DCF A0C0EE3A-FFB3-980B-8C9C-0DFF5E38A832 android_expand
04-10 10:01:41.858   181   573 D vold    : Found key for GUID a0c0ee3affb3980b8c9c0dff5e38a832
04-10 10:01:41.858   181   573 D vold    : PrivateVolume(private:179,130) is newed
04-10 10:01:41.859   181   573 E Cryptfs : Cannot remove dm-crypt device, retry(0), rtn(-1)
04-10 10:01:42.359   181   573 E Cryptfs : Cannot remove dm-crypt device, retry(1), rtn(-1)
04-10 10:01:42.860   181   573 E Cryptfs : Cannot remove dm-crypt device, retry(2), rtn(-1)
04-10 10:01:43.360   181   573 E Cryptfs : Cannot remove dm-crypt device, retry(3), rtn(-1)
04-10 10:01:43.694  4935  4935 F libc    : page record for 0xb6eaf01c was not found (block_size=16)
04-10 10:01:43.860   181   573 E Cryptfs : Cannot remove dm-crypt device, retry(4), rtn(-1)
04-10 10:01:44.360   181   573 E Cryptfs : Cannot remove dm-crypt device, retry(5), rtn(-1)
04-10 10:01:44.861   181   573 E Cryptfs : Cannot remove dm-crypt device, retry(6), rtn(-1)
04-10 10:01:45.361   181   573 E Cryptfs : Cannot remove dm-crypt device, retry(7), rtn(-1)
04-10 10:01:45.862   181   573 E Cryptfs : Cannot remove dm-crypt device, retry(8), rtn(-1)
04-10 10:01:46.362   181   573 E Cryptfs : Cannot remove dm-crypt device, retry(9), rtn(-1)
04-10 10:01:46.863   181   573 I Cryptfs : Enabling support for allow_discards in dmcrypt.
04-10 10:01:46.965   181   573 I Cryptfs : The dm-crypt device is already created, /dev/block/dm-0
04-10 10:01:46.966  4692  4827 I chatty  : uid=1000 system_server expire 20 lines
04-10 10:01:46.966   181   186 V vold    : ----------------
04-10 10:01:46.966   181   186 V vold    : handleBlockEvent with action 2
04-10 10:01:46.966   181   186 D NetlinkEvent: NL param 'DEVPATH=/devices/virtual/block/dm-0'
04-10 10:01:46.966   181   186 D NetlinkEvent: NL param 'MAJOR=253'
04-10 10:01:46.966   181   186 D NetlinkEvent: NL param 'MINOR=0'
04-10 10:01:46.966   181   186 D NetlinkEvent: NL param 'DEVNAME=dm-0'
04-10 10:01:46.966   181   186 D NetlinkEvent: NL param 'DEVTYPE=disk'
04-10 10:01:46.966   181   186 D NetlinkEvent: NL param 'NPARTS=0'
04-10 10:01:46.966   181   186 V vold    : ----------------
04-10 10:01:46.966   181   186 V vold    : handleBlockEvent with action 2
04-10 10:01:46.966   181   186 D NetlinkEvent: NL param 'DEVPATH=/devices/virtual/block/dm-0'
04-10 10:01:46.967   181   186 D NetlinkEvent: NL param 'MAJOR=253'
04-10 10:01:46.967   181   186 D NetlinkEvent: NL param 'MINOR=0'
04-10 10:01:46.967   181   186 D NetlinkEvent: NL param 'DEVNAME=dm-0'
04-10 10:01:46.967   181   186 D NetlinkEvent: NL param 'DEVTYPE=disk'
04-10 10:01:46.967   181   186 D NetlinkEvent: NL param 'NPARTS=0'
04-10 10:01:46.967   181   186 V vold    : ----------------
04-10 10:01:46.967   181   186 V vold    : handleBlockEvent with action 1
04-10 10:01:46.967   181   186 D NetlinkEvent: NL param 'DEVPATH=/devices/virtual/block/dm-0'
04-10 10:01:46.967   181   186 D NetlinkEvent: NL param 'MAJOR=253'
04-10 10:01:46.967   181   186 D NetlinkEvent: NL param 'MINOR=0'
04-10 10:01:46.967   181   186 D NetlinkEvent: NL param 'DEVNAME=dm-0'
04-10 10:01:46.967   181   186 D NetlinkEvent: NL param 'DEVTYPE=disk'
04-10 10:01:46.967   181   186 D NetlinkEvent: NL param 'NPARTS=0'
04-10 10:01:46.967   181   186 V vold    : ----------------
04-10 10:01:46.967   181   186 V vold    : handleBlockEvent with action 3
04-10 10:01:46.967   181   186 D NetlinkEvent: NL param 'DEVPATH=/devices/virtual/block/dm-0'
04-10 10:01:46.967   181   186 D NetlinkEvent: NL param 'MAJOR=253'
04-10 10:01:46.967   181   186 D NetlinkEvent: NL param 'MINOR=0'
04-10 10:01:46.967   181   186 D NetlinkEvent: NL param 'DEVNAME=dm-0'
04-10 10:01:46.967   181   186 D NetlinkEvent: NL param 'DEVTYPE=disk'
04-10 10:01:46.967   181   186 D NetlinkEvent: NL param 'NPARTS=0'
04-10 10:01:46.967   181   186 D vold    : Disk at 253:0 changed
04-10 10:01:46.968  4692  4826 I chatty  : uid=1000 system_server expire 6 lines
04-10 10:01:46.969   181   573 D VoldCmdListener: volume user_added 0 0
04-10 10:01:46.978  4692  4692 I chatty  : uid=1000 system_server expire 36 lines
04-10 10:01:46.983   181   573 D VoldCmdListener: volume mount private:179,130 0 -1
04-10 10:01:46.983   181   573 V vold    : /system/bin/blkid
04-10 10:01:46.983   181   573 V vold    :     -c
04-10 10:01:46.983   181   573 V vold    :     /dev/null
04-10 10:01:46.983   181   573 V vold    :     -s
04-10 10:01:46.983   181   573 V vold    :     TYPE
04-10 10:01:46.984   181   573 V vold    :     -s
04-10 10:01:46.984   181   573 V vold    :     UUID
04-10 10:01:46.984   181   573 V vold    :     -s
04-10 10:01:46.984   181   573 V vold    :     LABEL
04-10 10:01:46.984   181   573 V vold    :     /dev/block/dm-0
04-10 10:01:47.069   181   573 V vold    : /dev/block/dm-0: UUID="629a8e05-8eb0-4b97-b721-a3c19235831f" TYPE="ext4" 
04-10 10:01:47.166   181   573 V vold    : /system/bin/e2fsck
04-10 10:01:47.166   181   573 V vold    :     -y
04-10 10:01:47.166   181   573 V vold    :     /dev/block/dm-0
04-10 10:01:47.227   181   573 D vold    : private:179,130 passed filesystem check
04-10 10:01:47.249   181   573 V vold    : Starting restorecon of /mnt/expand/629a8e05-8eb0-4b97-b721-a3c19235831f
04-10 10:01:47.560  4692  4982 I chatty  : uid=1000 system_server expire 2 lines
04-10 10:01:48.106  4692  4710 I chatty  : uid=1000 system_server expire 2 lines
04-10 10:01:48.502   181   573 V vold    : Waiting for restorecon...
04-10 10:01:48.737  5214  5214 F libc    : page record for 0xb6f2901c was not found (block_size=16)
04-10 10:01:49.502   181   573 V vold    : Waiting for restorecon...
04-10 10:01:49.503   181   573 V vold    : Finished restorecon of /mnt/expand/629a8e05-8eb0-4b97-b721-a3c19235831f
04-10 10:01:49.505   181   573 D vold    : EmulatedVolume(emulated:179,130) is newed
04-10 10:01:49.514  4692  4717 I chatty  : uid=1000 system_server expire 1 line
04-10 10:01:49.515   181   573 D VoldCmdListener: volume mount emulated:179,130 3 -1
04-10 10:01:49.517   181   573 V vold    : Waiting for FUSE to spin up...
04-10 10:01:49.568   181   573 I vold    : Linking /storage/emulated/0 to /mnt/m_external_sd
04-10 10:01:49.569   181   573 D NVRAM   : create_link_for_mtklogger(ext_sd_path = /storage/emulated/0)
04-10 10:01:49.569   181   573 D NVRAM   : This is normal boot.
04-10 10:01:49.905   181   573 D VoldCmdListener: volume user_started 0
04-10 10:01:49.906   181   573 D vold    : Linking /storage/emulated/0 to /mnt/user/0/primary
04-10 10:01:50.046  5291  5291 I ActivityThread: Switching default density from 300 to 320
04-10 10:01:50.117  4692  4713 I chatty  : uid=1000 system_server expire 1 line
04-10 10:01:50.144  5315  5315 I ActivityThread: Switching default density from 300 to 320
04-10 10:01:50.167  5307  5307 I ActivityThread: Switching default density from 300 to 320
04-10 10:01:50.314  5326  5326 I chatty  : uid=1000(system) com.android.settings:CryptKeeper expire 1 line
04-10 10:01:50.404  4692  4983 I chatty  : uid=1000 system_server expire 2 lines
04-10 10:01:50.545  4692  5384 I chatty  : uid=1000 system_server expire 1 line
04-10 10:01:50.605  4692  4692 E AndroidRuntime: *** FATAL EXCEPTION IN SYSTEM PROCESS: main
04-10 10:01:50.605  4692  4692 E AndroidRuntime: java.lang.RuntimeException: createnewuserdir threw exception
04-10 10:01:50.605  4692  4692 E AndroidRuntime: 	at com.android.server.MountService.createNewUserDir(MountService.java:2659)
04-10 10:01:50.605  4692  4692 E AndroidRuntime: 	at android.os.storage.StorageManager.createNewUserDir(StorageManager.java:965)
04-10 10:01:50.605  4692  4692 E AndroidRuntime: 	at com.android.server.pm.UserManagerService.prepareUserDirectory(UserManagerService.java:1989)
04-10 10:01:50.605  4692  4692 E AndroidRuntime: 	at com.android.server.pm.PackageManagerService.reconcileUsers(PackageManagerService.java:16239)
04-10 10:01:50.605  4692  4692 E AndroidRuntime: 	at com.android.server.pm.PackageManagerService.-wrap34(PackageManagerService.java)
04-10 10:01:50.605  4692  4692 E AndroidRuntime: 	at com.android.server.pm.PackageManagerService$1.onVolumeStateChanged(PackageManagerService.java:1670)
04-10 10:01:50.605  4692  4692 E AndroidRuntime: 	at android.os.storage.StorageManager$StorageEventListenerDelegate.handleMessage(StorageManager.java:128)
04-10 10:01:50.605  4692  4692 E AndroidRuntime: 	at android.os.Handler.dispatchMessage(Handler.java:98)
04-10 10:01:50.605  4692  4692 E AndroidRuntime: 	at android.os.Looper.loop(Looper.java:148)
04-10 10:01:50.605  4692  4692 E AndroidRuntime: 	at com.android.server.SystemServer.run(SystemServer.java:285)
04-10 10:01:50.605  4692  4692 E AndroidRuntime: 	at com.android.server.SystemServer.main(SystemServer.java:170)
04-10 10:01:50.605  4692  4692 E AndroidRuntime: 	at java.lang.reflect.Method.invoke(Native Method)
04-10 10:01:50.605  4692  4692 E AndroidRuntime: 	at com.android.internal.os.ZygoteInit$MethodAndArgsCaller.run(ZygoteInit.java:726)
04-10 10:01:50.605  4692  4692 E AndroidRuntime: 	at com.android.internal.os.ZygoteInit.main(ZygoteInit.java:616)
04-10 10:01:50.605  4692  4692 E AndroidRuntime: Caused by: com.android.server.NativeDaemonConnector$NativeDaemonArgumentException: command '2 cryptfs createnewuserdir 0 /mnt/expand/629a8e05-8eb0-4b97-b721-a3c19235831f/user/0' failed with '500 2 Unknown cryptfs cmd'
04-10 10:01:50.605  4692  4692 E AndroidRuntime: 	at com.android.server.NativeDaemonConnector.executeForList(NativeDaemonConnector.java:441)
04-10 10:01:50.605  4692  4692 E AndroidRuntime: 	at com.android.server.NativeDaemonConnector.execute(NativeDaemonConnector.java:345)
04-10 10:01:50.605  4692  4692 E AndroidRuntime: 	at com.android.server.NativeDaemonConnector.execute(NativeDaemonConnector.java:340)
04-10 10:01:50.605  4692  4692 E AndroidRuntime: 	at com.android.server.MountService.createNewUserDir(MountService.java:2648)
04-10 10:01:50.605  4692  4692 E AndroidRuntime: 	... 13 more
04-10 10:01:50.706  5291  5416 E ActivityThread: Failed to find provider info for user_dictionary
04-10 10:01:50.717  4975  4975 E AndroidRuntime: FATAL EXCEPTION: main
04-10 10:01:50.717  4975  4975 E AndroidRuntime: Process: com.android.systemui, PID: 4975
04-10 10:01:50.717  4975  4975 E AndroidRuntime: android.view.InflateException: Binary XML file line #22: Binary XML file line #22: Error inflating class com.android.systemui.statusbar.phone.SlimNavigationBarView
04-10 10:01:50.717  4975  4975 E AndroidRuntime: 	at android.view.LayoutInflater.inflate(LayoutInflater.java:539)
04-10 10:01:50.717  4975  4975 E AndroidRuntime: 	at android.view.LayoutInflater.inflate(LayoutInflater.java:423)
04-10 10:01:50.717  4975  4975 E AndroidRuntime: 	at android.view.LayoutInflater.inflate(LayoutInflater.java:374)
04-10 10:01:50.717  4975  4975 E AndroidRuntime: 	at android.view.View.inflate(View.java:19803)
04-10 10:01:50.717  4975  4975 E AndroidRuntime: 	at com.android.systemui.statusbar.slim.SlimStatusBar.makeStatusBarView(SlimStatusBar.java:228)
04-10 10:01:50.717  4975  4975 E AndroidRuntime: 	at com.android.systemui.statusbar.phone.PhoneStatusBar.addStatusBarWindow(PhoneStatusBar.java:2937)
04-10 10:01:50.717  4975  4975 E AndroidRuntime: 	at com.android.systemui.statusbar.phone.PhoneStatusBar.createAndAddWindows(PhoneStatusBar.java:2933)
04-10 10:01:50.717  4975  4975 E AndroidRuntime: 	at com.android.systemui.statusbar.BaseStatusBar.start(BaseStatusBar.java:615)
04-10 10:01:50.717  4975  4975 E AndroidRuntime: 	at com.android.systemui.statusbar.phone.PhoneStatusBar.start(PhoneStatusBar.java:664)
04-10 10:01:50.717  4975  4975 E AndroidRuntime: 	at com.android.systemui.statusbar.slim.SlimStatusBar.start(SlimStatusBar.java:209)
04-10 10:01:50.717  4975  4975 E AndroidRuntime: 	at com.android.systemui.statusbar.SystemBars.createStatusBarFromConfig(SystemBars.java:106)
04-10 10:01:50.717  4975  4975 E AndroidRuntime: 	at com.android.systemui.statusbar.SystemBars.onNoService(SystemBars.java:58)
04-10 10:01:50.717  4975  4975 E AndroidRuntime: 	at com.android.systemui.statusbar.ServiceMonitor.startService(ServiceMonitor.java:230)
04-10 10:01:50.717  4975  4975 E AndroidRuntime: 	at com.android.systemui.statusbar.ServiceMonitor.-wrap5(ServiceMonitor.java)
04-10 10:01:50.717  4975  4975 E AndroidRuntime: 	at com.android.systemui.statusbar.ServiceMonitor$1.handleMessage(ServiceMonitor.java:73)
04-10 10:01:50.717  4975  4975 E AndroidRuntime: 	at android.os.Handler.dispatchMessage(Handler.java:102)
04-10 10:01:50.717  4975  4975 E AndroidRuntime: 	at android.os.Looper.loop(Looper.java:148)
04-10 10:01:50.717  4975  4975 E AndroidRuntime: 	at android.app.ActivityThread.main(ActivityThread.java:5439)
04-10 10:01:50.717  4975  4975 E AndroidRuntime: 	at java.lang.reflect.Method.invoke(Native Method)
04-10 10:01:50.717  4975  4975 E AndroidRuntime: 	at com.android.internal.os.ZygoteInit$MethodAndArgsCaller.run(ZygoteInit.java:726)
04-10 10:01:50.717  4975  4975 E AndroidRuntime: 	at com.android.internal.os.ZygoteInit.main(ZygoteInit.java:616)
04-10 10:01:50.717  4975  4975 E AndroidRuntime: Caused by: android.view.InflateException: Binary XML file line #22: Error inflating class com.android.systemui.statusbar.phone.SlimNavigationBarView
04-10 10:01:50.717  4975  4975 E AndroidRuntime: 	at android.view.LayoutInflater.createView(LayoutInflater.java:645)
04-10 10:01:50.717  4975  4975 E AndroidRuntime: 	at android.view.LayoutInflater.createViewFromTag(LayoutInflater.java:764)
04-10 10:01:50.717  4975  4975 E AndroidRuntime: 	at android.view.LayoutInflater.createViewFromTag(LayoutInflater.java:704)
04-10 10:01:50.717  4975  4975 E AndroidRuntime: 	at android.view.LayoutInflater.inflate(LayoutInflater.java:492)
04-10 10:01:50.717  4975  4975 E AndroidRuntime: 	... 20 more
04-10 10:01:50.717  4975  4975 E AndroidRuntime: Caused by: java.lang.reflect.InvocationTargetException
04-10 10:01:50.717  4975  4975 E AndroidRuntime: 	at java.lang.reflect.Constructor.newInstance(Native Method)
04-10 10:01:50.717  4975  4975 E AndroidRuntime: 	at android.view.LayoutInflater.createView(LayoutInflater.java:619)
04-10 10:01:50.717  4975  4975 E AndroidRuntime: 	... 23 more
04-10 10:01:50.717  4975  4975 E AndroidRuntime: Caused by: java.lang.NullPointerException: Attempt to invoke virtual method 'android.graphics.drawable.Drawable android.graphics.drawable.Drawable.mutate()' on a null object reference
04-10 10:01:50.717  4975  4975 E AndroidRuntime: 	at com.android.systemui.statusbar.phone.SlimNavigationBarView.getIcons(SlimNavigationBarView.java:343)
04-10 10:01:50.717  4975  4975 E AndroidRuntime: 	at com.android.systemui.statusbar.phone.SlimNavigationBarView.<init>(SlimNavigationBarView.java:271)
04-10 10:01:50.717  4975  4975 E AndroidRuntime: 	... 25 more
04-10 10:01:50.718  4975  4975 E AndroidRuntime: Error reporting crash
04-10 10:01:50.718  4975  4975 E AndroidRuntime: android.os.DeadObjectException
04-10 10:01:50.718  4975  4975 E AndroidRuntime: 	at android.os.BinderProxy.transactNative(Native Method)
04-10 10:01:50.718  4975  4975 E AndroidRuntime: 	at android.os.BinderProxy.transact(Binder.java:503)
04-10 10:01:50.718  4975  4975 E AndroidRuntime: 	at android.app.ActivityManagerProxy.handleApplicationCrash(ActivityManagerNative.java:4427)
04-10 10:01:50.718  4975  4975 E AndroidRuntime: 	at com.android.internal.os.RuntimeInit$UncaughtHandler.uncaughtException(RuntimeInit.java:90)
04-10 10:01:50.718  4975  4975 E AndroidRuntime: 	at java.lang.ThreadGroup.uncaughtException(ThreadGroup.java:693)
04-10 10:01:50.718  4975  4975 E AndroidRuntime: 	at java.lang.ThreadGroup.uncaughtException(ThreadGroup.java:690)
04-10 10:01:50.779  5397  5397 E AndroidRuntime: FATAL EXCEPTION: main
04-10 10:01:50.779  5397  5397 E AndroidRuntime: PID: 5397
04-10 10:01:50.779  5397  5397 E AndroidRuntime: java.lang.NullPointerException: Attempt to invoke interface method 'void android.app.IActivityManager.attachApplication(android.app.IApplicationThread)' on a null object reference
04-10 10:01:50.779  5397  5397 E AndroidRuntime: 	at android.app.ActivityThread.attach(ActivityThread.java:5267)
04-10 10:01:50.779  5397  5397 E AndroidRuntime: 	at android.app.ActivityThread.main(ActivityThread.java:5426)
04-10 10:01:50.779  5397  5397 E AndroidRuntime: 	at java.lang.reflect.Method.invoke(Native Method)
04-10 10:01:50.779  5397  5397 E AndroidRuntime: 	at com.android.internal.os.ZygoteInit$MethodAndArgsCaller.run(ZygoteInit.java:726)
04-10 10:01:50.779  5397  5397 E AndroidRuntime: 	at com.android.internal.os.ZygoteInit.main(ZygoteInit.java:616)
04-10 10:01:50.780  5397  5397 E AndroidRuntime: Error reporting crash
04-10 10:01:50.780  5397  5397 E AndroidRuntime: java.lang.NullPointerException: Attempt to invoke interface method 'void android.app.IActivityManager.handleApplicationCrash(android.os.IBinder, android.app.ApplicationErrorReport$CrashInfo)' on a null object reference
04-10 10:01:50.780  5397  5397 E AndroidRuntime: 	at com.android.internal.os.RuntimeInit$UncaughtHandler.uncaughtException(RuntimeInit.java:90)
04-10 10:01:50.780  5397  5397 E AndroidRuntime: 	at java.lang.ThreadGroup.uncaughtException(ThreadGroup.java:693)
04-10 10:01:50.780  5397  5397 E AndroidRuntime: 	at java.lang.ThreadGroup.uncaughtException(ThreadGroup.java:690)
04-10 10:01:54.184  5508  5508 F libc    : page record for 0xb6f1501c was not found (block_size=16)
04-10 10:01:55.882  5561  5561 I chatty  : uid=1000 system_server expire 280 lines
04-10 10:01:55.977  5561  5584 I chatty  : uid=1000 system_server expire 3 lines
04-10 10:01:55.979  5561  5585 I chatty  : uid=1000 system_server expire 3 lines
04-10 10:01:56.115  5561  5594 I chatty  : uid=1000 system_server expire 4 lines
04-10 10:01:56.126  5561  5596 I chatty  : uid=1000 system_server expire 2 lines
04-10 10:01:57.775  5561  5667 I chatty  : uid=1000 system_server expire 1 line
04-10 10:01:58.032  5561  5690 I chatty  : uid=1000 system_server expire 33 lines
04-10 10:01:58.050   181   574 I Ext4Crypt: ext4 crypto complete called on /data
04-10 10:01:58.050   181   574 I Ext4Crypt: No master key, so not ext4enc
04-10 10:01:58.052  5561  5692 I chatty  : uid=1000 system_server expire 2 lines
04-10 10:01:58.061   181   573 D VoldCmdListener: asec list
04-10 10:01:58.061  5561  5691 I chatty  : uid=1000 system_server expire 39 lines
04-10 10:01:58.088  5561  5694 I chatty  : uid=1000 system_server expire 2 lines
04-10 10:01:58.178   181   573 D VoldCmdListener: asec list
04-10 10:01:58.246  5561  5685 I chatty  : uid=1000 system_server expire 1 line
04-10 10:01:59.022  5742  5742 F libc    : page record for 0xb6f2001c was not found (block_size=16)
04-10 10:02:03.620  5561  5767 I chatty  : uid=1000 system_server expire 2 lines
04-10 10:02:03.634  5561  5768 I chatty  : uid=1000 system_server expire 1 line
04-10 10:02:03.788   181   573 D VoldCmdListener: volume reset
04-10 10:02:03.794  5785  5785 F libc    : page record for 0xb6ee701c was not found (block_size=16)
04-10 10:02:04.017   181   573 V vold    : /system/bin/sgdisk
04-10 10:02:04.017   181   573 V vold    :     --android-dump
04-10 10:02:04.018   181   573 V vold    :     /dev/block/vold/disk:179,128
04-10 10:02:04.080   181   573 V vold    : DISK gpt F342FEEA-A652-4F60-B694-D8C566F84758
04-10 10:02:04.080   181   573 V vold    : PART 1 19A710A2-B3CA-11E4-B026-10604B889DCF 66CC8B1B-DB76-4226-AE5F-989E287F70EC android_meta
04-10 10:02:04.080   181   573 V vold    : PART 2 193D1EA4-B3CA-11E4-B075-10604B889DCF A0C0EE3A-FFB3-980B-8C9C-0DFF5E38A832 android_expand
04-10 10:02:04.081   181   573 D vold    : Found key for GUID a0c0ee3affb3980b8c9c0dff5e38a832
04-10 10:02:04.081   181   573 D vold    : PrivateVolume(private:179,130) is newed
04-10 10:02:04.082   181   573 E Cryptfs : Cannot remove dm-crypt device, retry(0), rtn(-1)
04-10 10:02:04.583   181   573 E Cryptfs : Cannot remove dm-crypt device, retry(1), rtn(-1)
04-10 10:02:05.083   181   573 E Cryptfs : Cannot remove dm-crypt device, retry(2), rtn(-1)
04-10 10:02:05.583   181   573 E Cryptfs : Cannot remove dm-crypt device, retry(3), rtn(-1)
04-10 10:02:06.083   181   573 E Cryptfs : Cannot remove dm-crypt device, retry(4), rtn(-1)
04-10 10:02:06.583   181   573 E Cryptfs : Cannot remove dm-crypt device, retry(5), rtn(-1)
04-10 10:02:07.084   181   573 E Cryptfs : Cannot remove dm-crypt device, retry(6), rtn(-1)
04-10 10:02:07.584   181   573 E Cryptfs : Cannot remove dm-crypt device, retry(7), rtn(-1)
04-10 10:02:08.085   181   573 E Cryptfs : Cannot remove dm-crypt device, retry(8), rtn(-1)
04-10 10:02:08.585   181   573 E Cryptfs : Cannot remove dm-crypt device, retry(9), rtn(-1)
04-10 10:02:08.927  5790  5790 F libc    : page record for 0xb6ebd01c was not found (block_size=16)
04-10 10:02:09.087   181   573 I Cryptfs : Enabling support for allow_discards in dmcrypt.
04-10 10:02:09.089   181   573 I Cryptfs : The dm-crypt device is already created, /dev/block/dm-0
04-10 10:02:09.089   181   186 V vold    : ----------------
04-10 10:02:09.089   181   186 V vold    : handleBlockEvent with action 2
04-10 10:02:09.089   181   186 D NetlinkEvent: NL param 'DEVPATH=/devices/virtual/block/dm-0'
04-10 10:02:09.089   181   186 D NetlinkEvent: NL param 'MAJOR=253'
04-10 10:02:09.089   181   186 D NetlinkEvent: NL param 'MINOR=0'
04-10 10:02:09.089   181   186 D NetlinkEvent: NL param 'DEVNAME=dm-0'
04-10 10:02:09.089   181   186 D NetlinkEvent: NL param 'DEVTYPE=disk'
04-10 10:02:09.089   181   186 D NetlinkEvent: NL param 'NPARTS=0'
04-10 10:02:09.089   181   186 V vold    : ----------------
04-10 10:02:09.090   181   186 V vold    : handleBlockEvent with action 2
04-10 10:02:09.090   181   186 D NetlinkEvent: NL param 'DEVPATH=/devices/virtual/block/dm-0'
04-10 10:02:09.090   181   186 D NetlinkEvent: NL param 'MAJOR=253'
04-10 10:02:09.090   181   186 D NetlinkEvent: NL param 'MINOR=0'
04-10 10:02:09.090   181   186 D NetlinkEvent: NL param 'DEVNAME=dm-0'
04-10 10:02:09.090   181   186 D NetlinkEvent: NL param 'DEVTYPE=disk'
04-10 10:02:09.090   181   186 D NetlinkEvent: NL param 'NPARTS=0'
04-10 10:02:09.090   181   186 V vold    : ----------------
04-10 10:02:09.090   181   186 V vold    : handleBlockEvent with action 1
04-10 10:02:09.090   181   186 D NetlinkEvent: NL param 'DEVPATH=/devices/virtual/block/dm-0'
04-10 10:02:09.090   181   186 D NetlinkEvent: NL param 'MAJOR=253'
04-10 10:02:09.090  5561  5690 I chatty  : uid=1000 system_server expire 6 lines
04-10 10:02:09.090   181   186 D NetlinkEvent: NL param 'MINOR=0'
04-10 10:02:09.090   181   186 D NetlinkEvent: NL param 'DEVNAME=dm-0'
04-10 10:02:09.090   181   186 D NetlinkEvent: NL param 'DEVTYPE=disk'
04-10 10:02:09.090   181   186 D NetlinkEvent: NL param 'NPARTS=0'
04-10 10:02:09.090   181   186 V vold    : ----------------
04-10 10:02:09.090   181   186 V vold    : handleBlockEvent with action 3
04-10 10:02:09.090   181   186 D NetlinkEvent: NL param 'DEVPATH=/devices/virtual/block/dm-0'
04-10 10:02:09.090   181   186 D NetlinkEvent: NL param 'MAJOR=253'
04-10 10:02:09.090   181   186 D NetlinkEvent: NL param 'MINOR=0'
04-10 10:02:09.090   181   186 D NetlinkEvent: NL param 'DEVNAME=dm-0'
04-10 10:02:09.090   181   186 D NetlinkEvent: NL param 'DEVTYPE=disk'
04-10 10:02:09.090   181   186 D NetlinkEvent: NL param 'NPARTS=0'
04-10 10:02:09.091   181   186 D vold    : Disk at 253:0 changed
04-10 10:02:09.092   181   573 D VoldCmdListener: volume user_added 0 0
04-10 10:02:09.152   181   573 D VoldCmdListener: volume mount private:179,130 0 -1
04-10 10:02:09.153   181   573 V vold    : /system/bin/blkid
04-10 10:02:09.153   181   573 V vold    :     -c
04-10 10:02:09.153   181   573 V vold    :     /dev/null
04-10 10:02:09.153   181   573 V vold    :     -s
04-10 10:02:09.153   181   573 V vold    :     TYPE
04-10 10:02:09.153   181   573 V vold    :     -s
04-10 10:02:09.153   181   573 V vold    :     UUID
04-10 10:02:09.153   181   573 V vold    :     -s
04-10 10:02:09.153   181   573 V vold    :     LABEL
04-10 10:02:09.153   181   573 V vold    :     /dev/block/dm-0
04-10 10:02:09.342   181   573 V vold    : /dev/block/dm-0: UUID="629a8e05-8eb0-4b97-b721-a3c19235831f" TYPE="ext4" 
04-10 10:02:09.475   181   573 V vold    : /system/bin/e2fsck
04-10 10:02:09.475   181   573 V vold    :     -y
04-10 10:02:09.475   181   573 V vold    :     /dev/block/dm-0
04-10 10:02:09.533   181   573 D vold    : private:179,130 passed filesystem check
04-10 10:02:09.554   181   573 V vold    : Starting restorecon of /mnt/expand/629a8e05-8eb0-4b97-b721-a3c19235831f
04-10 10:02:09.600  5561  5579 I chatty  : uid=1000 system_server expire 2 lines
04-10 10:02:10.015  5561  5839 I chatty  : uid=1000 system_server expire 3 lines
04-10 10:02:10.807   181   573 V vold    : Waiting for restorecon...
04-10 10:02:10.812  5561  5578 I chatty  : uid=1000 system_server expire 3 lines
04-10 10:02:11.807   181   573 V vold    : Waiting for restorecon...
04-10 10:02:11.807   181   573 V vold    : Finished restorecon of /mnt/expand/629a8e05-8eb0-4b97-b721-a3c19235831f
04-10 10:02:11.809   181   573 D vold    : EmulatedVolume(emulated:179,130) is newed
04-10 10:02:11.813  5561  5586 I chatty  : uid=1000 system_server expire 1 line
04-10 10:02:11.814   181   573 D VoldCmdListener: volume mount emulated:179,130 3 -1
04-10 10:02:11.816   181   573 V vold    : Waiting for FUSE to spin up...
04-10 10:02:11.870   181   573 I vold    : Linking /storage/emulated/0 to /mnt/m_external_sd
04-10 10:02:11.870   181   573 D NVRAM   : create_link_for_mtklogger(ext_sd_path = /storage/emulated/0)
04-10 10:02:11.870   181   573 D NVRAM   : This is normal boot.
04-10 10:02:11.899   181   573 D VoldCmdListener: volume user_started 0
04-10 10:02:11.901   181   573 D vold    : Linking /storage/emulated/0 to /mnt/user/0/primary
04-10 10:02:12.046  5561  5583 I chatty  : uid=1000 system_server expire 1 line
04-10 10:02:12.160  6150  6150 I ActivityThread: Switching default density from 300 to 320
04-10 10:02:12.198  6156  6156 I ActivityThread: Switching default density from 300 to 320
04-10 10:02:12.235  6162  6162 I chatty  : uid=1000(system) com.android.settings:CryptKeeper expire 2 lines
04-10 10:02:12.484  5561  6202 I chatty  : uid=1000 system_server expire 1 line
04-10 10:02:12.939  6240  6240 I ActivityThread: Switching default density from 300 to 320
04-10 10:02:13.090  5561  5782 I chatty  : uid=1000 system_server expire 1 line
