04-10 10:05:39.255 10815 11061 I chatty  : uid=1000 system_server expire 17 lines
04-10 10:05:39.375   181   573 D VoldCmdListener: asec list
04-10 10:05:39.447 10815 11058 I chatty  : uid=1000 system_server expire 1 line
04-10 10:05:42.550 11090 11090 F libc    : page record for 0xb6f5601c was not found (block_size=16)
04-10 10:05:47.114 11096 11096 F libc    : page record for 0xb6f1401c was not found (block_size=16)
04-10 10:05:52.137 11107 11107 F libc    : page record for 0xb6f8f01c was not found (block_size=16)
04-10 10:05:57.152 11128 11128 F libc    : page record for 0xb6eec01c was not found (block_size=16)
04-10 10:06:01.639 10815 11149 I chatty  : uid=1000 system_server expire 2 lines
04-10 10:06:01.652 10815 11150 I chatty  : uid=1000 system_server expire 1 line
04-10 10:06:01.786 11166 11166 F libc    : page record for 0xb6f4101c was not found (block_size=16)
04-10 10:06:01.797   181   573 D VoldCmdListener: volume reset
04-10 10:06:01.799 10815 10815 I chatty  : uid=1000 system_server expire 71 lines
04-10 10:06:02.075   181   573 V vold    : /system/bin/sgdisk
04-10 10:06:02.075 10815 11061 I chatty  : uid=1000 system_server expire 22 lines
04-10 10:06:02.075   181   573 V vold    :     --android-dump
04-10 10:06:02.075   181   573 V vold    :     /dev/block/vold/disk:179,128
04-10 10:06:02.130   181   573 V vold    : DISK gpt F342FEEA-A652-4F60-B694-D8C566F84758
04-10 10:06:02.130   181   573 V vold    : PART 1 19A710A2-B3CA-11E4-B026-10604B889DCF 66CC8B1B-DB76-4226-AE5F-989E287F70EC android_meta
04-10 10:06:02.130   181   573 V vold    : PART 2 193D1EA4-B3CA-11E4-B075-10604B889DCF A0C0EE3A-FFB3-980B-8C9C-0DFF5E38A832 android_expand
04-10 10:06:02.131   181   573 D vold    : Found key for GUID a0c0ee3affb3980b8c9c0dff5e38a832
04-10 10:06:02.131   181   573 D vold    : PrivateVolume(private:179,130) is newed
04-10 10:06:02.133   181   573 E Cryptfs : Cannot remove dm-crypt device, retry(0), rtn(-1)
04-10 10:06:02.633   181   573 E Cryptfs : Cannot remove dm-crypt device, retry(1), rtn(-1)
04-10 10:06:03.133   181   573 E Cryptfs : Cannot remove dm-crypt device, retry(2), rtn(-1)
04-10 10:06:03.633   181   573 E Cryptfs : Cannot remove dm-crypt device, retry(3), rtn(-1)
04-10 10:06:04.134   181   573 E Cryptfs : Cannot remove dm-crypt device, retry(4), rtn(-1)
04-10 10:06:04.634   181   573 E Cryptfs : Cannot remove dm-crypt device, retry(5), rtn(-1)
04-10 10:06:05.134   181   573 E Cryptfs : Cannot remove dm-crypt device, retry(6), rtn(-1)
04-10 10:06:05.634   181   573 E Cryptfs : Cannot remove dm-crypt device, retry(7), rtn(-1)
04-10 10:06:06.134   181   573 E Cryptfs : Cannot remove dm-crypt device, retry(8), rtn(-1)
04-10 10:06:06.635   181   573 E Cryptfs : Cannot remove dm-crypt device, retry(9), rtn(-1)
04-10 10:06:06.955 11171 11171 F libc    : page record for 0xb6f7d01c was not found (block_size=16)
04-10 10:06:07.137   181   573 I Cryptfs : Enabling support for allow_discards in dmcrypt.
04-10 10:06:07.139   181   573 I Cryptfs : The dm-crypt device is already created, /dev/block/dm-0
04-10 10:06:07.140   181   186 V vold    : ----------------
04-10 10:06:07.140   181   186 V vold    : handleBlockEvent with action 2
04-10 10:06:07.140   181   186 D NetlinkEvent: NL param 'DEVPATH=/devices/virtual/block/dm-0'
04-10 10:06:07.140   181   186 D NetlinkEvent: NL param 'MAJOR=253'
04-10 10:06:07.140   181   186 D NetlinkEvent: NL param 'MINOR=0'
04-10 10:06:07.140   181   186 D NetlinkEvent: NL param 'DEVNAME=dm-0'
04-10 10:06:07.140   181   186 D NetlinkEvent: NL param 'DEVTYPE=disk'
04-10 10:06:07.140   181   186 D NetlinkEvent: NL param 'NPARTS=0'
04-10 10:06:07.140   181   186 V vold    : ----------------
04-10 10:06:07.141   181   186 V vold    : handleBlockEvent with action 2
04-10 10:06:07.141   181   186 D NetlinkEvent: NL param 'DEVPATH=/devices/virtual/block/dm-0'
04-10 10:06:07.141   181   186 D NetlinkEvent: NL param 'MAJOR=253'
04-10 10:06:07.141   181   186 D NetlinkEvent: NL param 'MINOR=0'
04-10 10:06:07.141   181   186 D NetlinkEvent: NL param 'DEVNAME=dm-0'
04-10 10:06:07.141   181   186 D NetlinkEvent: NL param 'DEVTYPE=disk'
04-10 10:06:07.141   181   186 D NetlinkEvent: NL param 'NPARTS=0'
04-10 10:06:07.141   181   186 V vold    : ----------------
04-10 10:06:07.141   181   186 V vold    : handleBlockEvent with action 1
04-10 10:06:07.141   181   186 D NetlinkEvent: NL param 'DEVPATH=/devices/virtual/block/dm-0'
04-10 10:06:07.141   181   186 D NetlinkEvent: NL param 'MAJOR=253'
04-10 10:06:07.141   181   186 D NetlinkEvent: NL param 'MINOR=0'
04-10 10:06:07.141   181   186 D NetlinkEvent: NL param 'DEVNAME=dm-0'
04-10 10:06:07.141   181   186 D NetlinkEvent: NL param 'DEVTYPE=disk'
04-10 10:06:07.141   181   186 D NetlinkEvent: NL param 'NPARTS=0'
04-10 10:06:07.142 10815 11060 I chatty  : uid=1000 system_server expire 6 lines
04-10 10:06:07.143   181   186 V vold    : ----------------
04-10 10:06:07.143   181   186 V vold    : handleBlockEvent with action 3
04-10 10:06:07.143   181   186 D NetlinkEvent: NL param 'DEVPATH=/devices/virtual/block/dm-0'
04-10 10:06:07.143   181   186 D NetlinkEvent: NL param 'MAJOR=253'
04-10 10:06:07.143   181   186 D NetlinkEvent: NL param 'MINOR=0'
04-10 10:06:07.143   181   186 D NetlinkEvent: NL param 'DEVNAME=dm-0'
04-10 10:06:07.143   181   186 D NetlinkEvent: NL param 'DEVTYPE=disk'
04-10 10:06:07.143   181   186 D NetlinkEvent: NL param 'NPARTS=0'
04-10 10:06:07.143   181   186 D vold    : Disk at 253:0 changed
04-10 10:06:07.145   181   573 D VoldCmdListener: volume user_added 0 0
04-10 10:06:07.153   181   573 D VoldCmdListener: volume mount private:179,130 0 -1
04-10 10:06:07.153   181   573 V vold    : /system/bin/blkid
04-10 10:06:07.153   181   573 V vold    :     -c
04-10 10:06:07.153   181   573 V vold    :     /dev/null
04-10 10:06:07.153   181   573 V vold    :     -s
04-10 10:06:07.153   181   573 V vold    :     TYPE
04-10 10:06:07.153   181   573 V vold    :     -s
04-10 10:06:07.153   181   573 V vold    :     UUID
04-10 10:06:07.153   181   573 V vold    :     -s
04-10 10:06:07.153   181   573 V vold    :     LABEL
04-10 10:06:07.153   181   573 V vold    :     /dev/block/dm-0
04-10 10:06:07.221   181   573 V vold    : /dev/block/dm-0: UUID="629a8e05-8eb0-4b97-b721-a3c19235831f" TYPE="ext4" 
04-10 10:06:07.358   181   573 V vold    : /system/bin/e2fsck
04-10 10:06:07.358   181   573 V vold    :     -y
04-10 10:06:07.358   181   573 V vold    :     /dev/block/dm-0
04-10 10:06:07.427   181   573 D vold    : private:179,130 passed filesystem check
04-10 10:06:07.446   181   573 V vold    : Starting restorecon of /mnt/expand/629a8e05-8eb0-4b97-b721-a3c19235831f
04-10 10:06:07.588 10815 10844 I chatty  : uid=1000 system_server expire 2 lines
04-10 10:06:08.082 10815 11205 I chatty  : uid=1000 system_server expire 3 lines
04-10 10:06:08.699   181   573 V vold    : Waiting for restorecon...
04-10 10:06:08.955 10815 10845 I chatty  : uid=1000 system_server expire 1 line
04-10 10:06:09.700   181   573 V vold    : Waiting for restorecon...
04-10 10:06:09.700   181   573 V vold    : Finished restorecon of /mnt/expand/629a8e05-8eb0-4b97-b721-a3c19235831f
04-10 10:06:09.701   181   573 D vold    : EmulatedVolume(emulated:179,130) is newed
04-10 10:06:09.703 10815 10849 I chatty  : uid=1000 system_server expire 1 line
04-10 10:06:09.705   181   573 D VoldCmdListener: volume mount emulated:179,130 3 -1
04-10 10:06:09.707   181   573 V vold    : Waiting for FUSE to spin up...
04-10 10:06:09.759   181   573 I vold    : Linking /storage/emulated/0 to /mnt/m_external_sd
04-10 10:06:09.759   181   573 D NVRAM   : create_link_for_mtklogger(ext_sd_path = /storage/emulated/0)
04-10 10:06:09.759   181   573 D NVRAM   : This is normal boot.
04-10 10:06:10.117   181   573 D VoldCmdListener: volume user_started 0
04-10 10:06:10.121   181   573 D vold    : Linking /storage/emulated/0 to /mnt/user/0/primary
04-10 10:06:10.290 11515 11515 I ActivityThread: Switching default density from 300 to 320
04-10 10:06:10.302 11509 11509 I ActivityThread: Switching default density from 300 to 320
04-10 10:06:10.369 10815 10846 I chatty  : uid=1000 system_server expire 1 line
04-10 10:06:10.392 11535 11535 I ActivityThread: Switching default density from 300 to 320
04-10 10:06:10.399 11549 11549 I ActivityThread: Switching default density from 300 to 320
04-10 10:06:10.436 11559 11559 I chatty  : uid=1000(system) com.android.settings:CryptKeeper expire 2 lines
04-10 10:06:10.509 10815 11277 I chatty  : uid=1000 system_server expire 2 lines
04-10 10:06:10.642 10815 11605 I chatty  : uid=1000 system_server expire 1 line
04-10 10:06:10.961 11607 11607 I ActivityThread: Switching default density from 300 to 320
04-10 10:06:11.113 10815 10815 E AndroidRuntime: *** FATAL EXCEPTION IN SYSTEM PROCESS: main
04-10 10:06:11.113 10815 10815 E AndroidRuntime: java.lang.RuntimeException: createnewuserdir threw exception
04-10 10:06:11.113 10815 10815 E AndroidRuntime: 	at com.android.server.MountService.createNewUserDir(MountService.java:2659)
04-10 10:06:11.113 10815 10815 E AndroidRuntime: 	at android.os.storage.StorageManager.createNewUserDir(StorageManager.java:965)
04-10 10:06:11.113 10815 10815 E AndroidRuntime: 	at com.android.server.pm.UserManagerService.prepareUserDirectory(UserManagerService.java:1989)
04-10 10:06:11.113 10815 10815 E AndroidRuntime: 	at com.android.server.pm.PackageManagerService.reconcileUsers(PackageManagerService.java:16239)
04-10 10:06:11.113 10815 10815 E AndroidRuntime: 	at com.android.server.pm.PackageManagerService.-wrap34(PackageManagerService.java)
04-10 10:06:11.113 10815 10815 E AndroidRuntime: 	at com.android.server.pm.PackageManagerService$1.onVolumeStateChanged(PackageManagerService.java:1670)
04-10 10:06:11.113 10815 10815 E AndroidRuntime: 	at android.os.storage.StorageManager$StorageEventListenerDelegate.handleMessage(StorageManager.java:128)
04-10 10:06:11.113 10815 10815 E AndroidRuntime: 	at android.os.Handler.dispatchMessage(Handler.java:98)
04-10 10:06:11.113 10815 10815 E AndroidRuntime: 	at android.os.Looper.loop(Looper.java:148)
04-10 10:06:11.113 10815 10815 E AndroidRuntime: 	at com.android.server.SystemServer.run(SystemServer.java:285)
04-10 10:06:11.113 10815 10815 E AndroidRuntime: 	at com.android.server.SystemServer.main(SystemServer.java:170)
04-10 10:06:11.113 10815 10815 E AndroidRuntime: 	at java.lang.reflect.Method.invoke(Native Method)
04-10 10:06:11.113 10815 10815 E AndroidRuntime: 	at com.android.internal.os.ZygoteInit$MethodAndArgsCaller.run(ZygoteInit.java:726)
04-10 10:06:11.113 10815 10815 E AndroidRuntime: 	at com.android.internal.os.ZygoteInit.main(ZygoteInit.java:616)
04-10 10:06:11.113 10815 10815 E AndroidRuntime: Caused by: com.android.server.NativeDaemonConnector$NativeDaemonArgumentException: command '2 cryptfs createnewuserdir 0 /mnt/expand/629a8e05-8eb0-4b97-b721-a3c19235831f/user/0' failed with '500 2 Unknown cryptfs cmd'
04-10 10:06:11.113 10815 10815 E AndroidRuntime: 	at com.android.server.NativeDaemonConnector.executeForList(NativeDaemonConnector.java:441)
04-10 10:06:11.113 10815 10815 E AndroidRuntime: 	at com.android.server.NativeDaemonConnector.execute(NativeDaemonConnector.java:345)
04-10 10:06:11.113 10815 10815 E AndroidRuntime: 	at com.android.server.NativeDaemonConnector.execute(NativeDaemonConnector.java:340)
04-10 10:06:11.113 10815 10815 E AndroidRuntime: 	at com.android.server.MountService.createNewUserDir(MountService.java:2648)
04-10 10:06:11.113 10815 10815 E AndroidRuntime: 	... 13 more
04-10 10:06:11.293 11621 11671 E ActivityThread: Failed to find provider info for settings
04-10 10:06:11.294 11621 11671 E AndroidRuntime: FATAL EXCEPTION: ContactsProviderWorker
04-10 10:06:11.294 11621 11671 E AndroidRuntime: Process: android.process.acore, PID: 11621
04-10 10:06:11.294 11621 11671 E AndroidRuntime: java.lang.NullPointerException: Attempt to invoke interface method 'android.os.Bundle android.content.IContentProvider.call(java.lang.String, java.lang.String, java.lang.String, android.os.Bundle)' on a null object reference
04-10 10:06:11.294 11621 11671 E AndroidRuntime: 	at android.provider.Settings$NameValueCache.getStringForUser(Settings.java:1369)
04-10 10:06:11.294 11621 11671 E AndroidRuntime: 	at android.provider.Settings$Global.getStringForUser(Settings.java:7872)
04-10 10:06:11.294 11621 11671 E AndroidRuntime: 	at android.provider.Settings$Global.getString(Settings.java:7861)
04-10 10:06:11.294 11621 11671 E AndroidRuntime: 	at android.provider.Settings$Global.getInt(Settings.java:7928)
04-10 10:06:11.294 11621 11671 E AndroidRuntime: 	at com.android.providers.contacts.ContactsProvider2.initForDefaultLocale(ContactsProvider2.java:1604)
04-10 10:06:11.294 11621 11671 E AndroidRuntime: 	at com.android.providers.contacts.ContactsProvider2.performBackgroundTask(ContactsProvider2.java:1687)
04-10 10:06:11.294 11621 11671 E AndroidRuntime: 	at com.android.providers.contacts.ContactsProvider2$1.handleMessage(ContactsProvider2.java:1516)
04-10 10:06:11.294 11621 11671 E AndroidRuntime: 	at android.os.Handler.dispatchMessage(Handler.java:102)
04-10 10:06:11.294 11621 11671 E AndroidRuntime: 	at android.os.Looper.loop(Looper.java:148)
04-10 10:06:11.294 11621 11671 E AndroidRuntime: 	at android.os.HandlerThread.run(HandlerThread.java:61)
04-10 10:06:11.295 11621 11671 E AndroidRuntime: Error reporting crash
04-10 10:06:11.295 11621 11671 E AndroidRuntime: android.os.DeadObjectException: Transaction failed on small parcel; remote process probably died
04-10 10:06:11.295 11621 11671 E AndroidRuntime: 	at android.os.BinderProxy.transactNative(Native Method)
04-10 10:06:11.295 11621 11671 E AndroidRuntime: 	at android.os.BinderProxy.transact(Binder.java:503)
04-10 10:06:11.295 11621 11671 E AndroidRuntime: 	at android.app.ActivityManagerProxy.handleApplicationCrash(ActivityManagerNative.java:4427)
04-10 10:06:11.295 11621 11671 E AndroidRuntime: 	at com.android.internal.os.RuntimeInit$UncaughtHandler.uncaughtException(RuntimeInit.java:90)
04-10 10:06:11.295 11621 11671 E AndroidRuntime: 	at java.lang.ThreadGroup.uncaughtException(ThreadGroup.java:693)
04-10 10:06:11.295 11621 11671 E AndroidRuntime: 	at java.lang.ThreadGroup.uncaughtException(ThreadGroup.java:690)
04-10 10:06:11.310 11515 11667 E ActivityThread: Failed to find provider info for com.android.contacts
04-10 10:06:11.311 11515 11667 E ActivityThread: Failed to find provider info for com.android.contacts
04-10 10:06:11.317 11515 11667 E ActivityThread: Failed to find provider info for com.android.contacts
04-10 10:06:11.318 11509 11509 E AndroidRuntime: FATAL EXCEPTION: main
04-10 10:06:11.318 11509 11509 E AndroidRuntime: Process: android.process.media, PID: 11509
04-10 10:06:11.318 11509 11509 E AndroidRuntime: java.lang.RuntimeException: Unable to get provider com.android.providers.media.MediaProvider: java.lang.RuntimeException: android.os.DeadObjectException
04-10 10:06:11.318 11509 11509 E AndroidRuntime: 	at android.app.ActivityThread.installProvider(ActivityThread.java:5178)
04-10 10:06:11.318 11509 11509 E AndroidRuntime: 	at android.app.ActivityThread.installContentProviders(ActivityThread.java:4770)
04-10 10:06:11.318 11509 11509 E AndroidRuntime: 	at android.app.ActivityThread.handleBindApplication(ActivityThread.java:4710)
04-10 10:06:11.318 11509 11509 E AndroidRuntime: 	at android.app.ActivityThread.-wrap1(ActivityThread.java)
04-10 10:06:11.318 11509 11509 E AndroidRuntime: 	at android.app.ActivityThread$H.handleMessage(ActivityThread.java:1421)
04-10 10:06:11.318 11509 11509 E AndroidRuntime: 	at android.os.Handler.dispatchMessage(Handler.java:102)
04-10 10:06:11.318 11509 11509 E AndroidRuntime: 	at android.os.Looper.loop(Looper.java:148)
04-10 10:06:11.318 11509 11509 E AndroidRuntime: 	at android.app.ActivityThread.main(ActivityThread.java:5439)
04-10 10:06:11.318 11509 11509 E AndroidRuntime: 	at java.lang.reflect.Method.invoke(Native Method)
04-10 10:06:11.318 11509 11509 E AndroidRuntime: 	at com.android.internal.os.ZygoteInit$MethodAndArgsCaller.run(ZygoteInit.java:726)
04-10 10:06:11.318 11509 11509 E AndroidRuntime: 	at com.android.internal.os.ZygoteInit.main(ZygoteInit.java:616)
04-10 10:06:11.318 11509 11509 E AndroidRuntime: Caused by: java.lang.RuntimeException: android.os.DeadObjectException
04-10 10:06:11.318 11509 11509 E AndroidRuntime: 	at android.os.storage.StorageManager.getVolumeList(StorageManager.java:885)
04-10 10:06:11.318 11509 11509 E AndroidRuntime: 	at android.os.storage.StorageManager.getVolumeList(StorageManager.java:858)
04-10 10:06:11.318 11509 11509 E AndroidRuntime: 	at android.os.storage.StorageManager.getPrimaryVolume(StorageManager.java:906)
04-10 10:06:11.318 11509 11509 E AndroidRuntime: 	at com.android.providers.media.MediaProvider.updateDatabase(MediaProvider.java:1236)
04-10 10:06:11.318 11509 11509 E AndroidRuntime: 	at com.android.providers.media.MediaProvider.-wrap4(MediaProvider.java)
04-10 10:06:11.318 11509 11509 E AndroidRuntime: 	at com.android.providers.media.MediaProvider$DatabaseHelper.onCreate(MediaProvider.java:387)
04-10 10:06:11.318 11509 11509 E AndroidRuntime: 	at android.database.sqlite.SQLiteOpenHelper.getDatabaseLocked(SQLiteOpenHelper.java:251)
04-10 10:06:11.318 11509 11509 E AndroidRuntime: 	at android.database.sqlite.SQLiteOpenHelper.getReadableDatabase(SQLiteOpenHelper.java:187)
04-10 10:06:11.318 11509 11509 E AndroidRuntime: 	at com.android.providers.media.MediaProvider.query(MediaProvider.java:2329)
04-10 10:06:11.318 11509 11509 E AndroidRuntime: 	at com.android.providers.media.MediaProvider.attachVolume(MediaProvider.java:5457)
04-10 10:06:11.318 11509 11509 E AndroidRuntime: 	at com.android.providers.media.MediaProvider.onCreate(MediaProvider.java:618)
04-10 10:06:11.318 11509 11509 E AndroidRuntime: 	at android.content.ContentProvider.attachInfo(ContentProvider.java:1748)
04-10 10:06:11.318 11509 11509 E AndroidRuntime: 	at android.content.ContentProvider.attachInfo(ContentProvider.java:1723)
04-10 10:06:11.318 11509 11509 E AndroidRuntime: 	at android.app.ActivityThread.installProvider(ActivityThread.java:5175)
04-10 10:06:11.318 11509 11509 E AndroidRuntime: 	... 10 more
04-10 10:06:11.318 11509 11509 E AndroidRuntime: Caused by: android.os.DeadObjectException
04-10 10:06:11.318 11509 11509 E AndroidRuntime: 	at android.os.BinderProxy.transactNative(Native Method)
04-10 10:06:11.318 11509 11509 E AndroidRuntime: 	at android.os.BinderProxy.transact(Binder.java:503)
04-10 10:06:11.318 11509 11509 E AndroidRuntime: 	at android.content.pm.IPackageManager$Stub$Proxy.getPackageUid(IPackageManager.java:2187)
04-10 10:06:11.318 11509 11509 E AndroidRuntime: 	at android.os.storage.StorageManager.getVolumeList(StorageManager.java:879)
04-10 10:06:11.318 11509 11509 E AndroidRuntime: 	... 23 more
04-10 10:06:11.319 11509 11509 E AndroidRuntime: Error reporting crash
04-10 10:06:11.319 11509 11509 E AndroidRuntime: android.os.DeadObjectException
04-10 10:06:11.319 11509 11509 E AndroidRuntime: 	at android.os.BinderProxy.transactNative(Native Method)
04-10 10:06:11.319 11509 11509 E AndroidRuntime: 	at android.os.BinderProxy.transact(Binder.java:503)
04-10 10:06:11.319 11509 11509 E AndroidRuntime: 	at android.app.ActivityManagerProxy.handleApplicationCrash(ActivityManagerNative.java:4427)
04-10 10:06:11.319 11509 11509 E AndroidRuntime: 	at com.android.internal.os.RuntimeInit$UncaughtHandler.uncaughtException(RuntimeInit.java:90)
04-10 10:06:11.319 11509 11509 E AndroidRuntime: 	at java.lang.ThreadGroup.uncaughtException(ThreadGroup.java:693)
04-10 10:06:11.319 11509 11509 E AndroidRuntime: 	at java.lang.ThreadGroup.uncaughtException(ThreadGroup.java:690)
04-10 10:06:11.323 11515 11667 E ActivityThread: Failed to find provider info for user_dictionary
04-10 10:06:11.330 11196 11663 E ActivityThread: Failed to find provider info for com.android.contacts
04-10 10:06:11.338 11196 11196 E AndroidRuntime: FATAL EXCEPTION: main
04-10 10:06:11.338 11196 11196 E AndroidRuntime: Process: com.android.systemui, PID: 11196
04-10 10:06:11.338 11196 11196 E AndroidRuntime: android.view.InflateException: Binary XML file line #333: Attempt to invoke virtual method 'android.graphics.drawable.Drawable android.graphics.drawable.Drawable.mutate()' on a null object reference
04-10 10:06:11.338 11196 11196 E AndroidRuntime: 	at android.view.LayoutInflater.inflate(LayoutInflater.java:539)
04-10 10:06:11.338 11196 11196 E AndroidRuntime: 	at android.view.LayoutInflater.inflate(LayoutInflater.java:423)
04-10 10:06:11.338 11196 11196 E AndroidRuntime: 	at android.view.LayoutInflater.inflate(LayoutInflater.java:374)
04-10 10:06:11.338 11196 11196 E AndroidRuntime: 	at android.view.View.inflate(View.java:19803)
04-10 10:06:11.338 11196 11196 E AndroidRuntime: 	at com.android.systemui.statusbar.slim.SlimStatusBar.makeStatusBarView(SlimStatusBar.java:228)
04-10 10:06:11.338 11196 11196 E AndroidRuntime: 	at com.android.systemui.statusbar.phone.PhoneStatusBar.addStatusBarWindow(PhoneStatusBar.java:2937)
04-10 10:06:11.338 11196 11196 E AndroidRuntime: 	at com.android.systemui.statusbar.phone.PhoneStatusBar.createAndAddWindows(PhoneStatusBar.java:2933)
04-10 10:06:11.338 11196 11196 E AndroidRuntime: 	at com.android.systemui.statusbar.BaseStatusBar.start(BaseStatusBar.java:615)
04-10 10:06:11.338 11196 11196 E AndroidRuntime: 	at com.android.systemui.statusbar.phone.PhoneStatusBar.start(PhoneStatusBar.java:664)
04-10 10:06:11.338 11196 11196 E AndroidRuntime: 	at com.android.systemui.statusbar.slim.SlimStatusBar.start(SlimStatusBar.java:209)
04-10 10:06:11.338 11196 11196 E AndroidRuntime: 	at com.android.systemui.statusbar.SystemBars.createStatusBarFromConfig(SystemBars.java:106)
04-10 10:06:11.338 11196 11196 E AndroidRuntime: 	at com.android.systemui.statusbar.SystemBars.onNoService(SystemBars.java:58)
04-10 10:06:11.338 11196 11196 E AndroidRuntime: 	at com.android.systemui.statusbar.ServiceMonitor.startService(ServiceMonitor.java:230)
04-10 10:06:11.338 11196 11196 E AndroidRuntime: 	at com.android.systemui.statusbar.ServiceMonitor.-wrap5(ServiceMonitor.java)
04-10 10:06:11.338 11196 11196 E AndroidRuntime: 	at com.android.systemui.statusbar.ServiceMonitor$1.handleMessage(ServiceMonitor.java:73)
04-10 10:06:11.338 11196 11196 E AndroidRuntime: 	at android.os.Handler.dispatchMessage(Handler.java:102)
04-10 10:06:11.338 11196 11196 E AndroidRuntime: 	at android.os.Looper.loop(Looper.java:148)
04-10 10:06:11.338 11196 11196 E AndroidRuntime: 	at android.app.ActivityThread.main(ActivityThread.java:5439)
04-10 10:06:11.338 11196 11196 E AndroidRuntime: 	at java.lang.reflect.Method.invoke(Native Method)
04-10 10:06:11.338 11196 11196 E AndroidRuntime: 	at com.android.internal.os.ZygoteInit$MethodAndArgsCaller.run(ZygoteInit.java:726)
04-10 10:06:11.338 11196 11196 E AndroidRuntime: 	at com.android.internal.os.ZygoteInit.main(ZygoteInit.java:616)
04-10 10:06:11.338 11196 11196 E AndroidRuntime: Caused by: java.lang.NullPointerException: Attempt to invoke virtual method 'android.graphics.drawable.Drawable android.graphics.drawable.Drawable.mutate()' on a null object reference
04-10 10:06:11.338 11196 11196 E AndroidRuntime: 	at com.android.systemui.statusbar.phone.SlimNavigationBarView.getIcons(SlimNavigationBarView.java:343)
04-10 10:06:11.338 11196 11196 E AndroidRuntime: 	at com.android.systemui.statusbar.phone.SlimNavigationBarView.updateSettings(SlimNavigationBarView.java:950)
04-10 10:06:11.338 11196 11196 E AndroidRuntime: 	at com.android.systemui.statusbar.phone.SlimNavigationBarView.onFinishInflate(SlimNavigationBarView.java:773)
04-10 10:06:11.338 11196 11196 E AndroidRuntime: 	at android.view.LayoutInflater.rInflate(LayoutInflater.java:844)
04-10 10:06:11.338 11196 11196 E AndroidRuntime: 	at android.view.LayoutInflater.rInflateChildren(LayoutInflater.java:798)
04-10 10:06:11.338 11196 11196 E AndroidRuntime: 	at android.view.LayoutInflater.inflate(LayoutInflater.java:515)
04-10 10:06:11.338 11196 11196 E AndroidRuntime: 	... 20 more
04-10 10:06:11.339 11196 11196 E AndroidRuntime: Error reporting crash
04-10 10:06:11.339 11196 11196 E AndroidRuntime: android.os.DeadObjectException
04-10 10:06:11.339 11196 11196 E AndroidRuntime: 	at android.os.BinderProxy.transactNative(Native Method)
04-10 10:06:11.339 11196 11196 E AndroidRuntime: 	at android.os.BinderProxy.transact(Binder.java:503)
04-10 10:06:11.339 11196 11196 E AndroidRuntime: 	at android.app.ActivityManagerProxy.handleApplicationCrash(ActivityManagerNative.java:4427)
04-10 10:06:11.339 11196 11196 E AndroidRuntime: 	at com.android.internal.os.RuntimeInit$UncaughtHandler.uncaughtException(RuntimeInit.java:90)
04-10 10:06:11.339 11196 11196 E AndroidRuntime: 	at java.lang.ThreadGroup.uncaughtException(ThreadGroup.java:693)
04-10 10:06:11.339 11196 11196 E AndroidRuntime: 	at java.lang.ThreadGroup.uncaughtException(ThreadGroup.java:690)
04-10 10:06:12.336 11700 11700 F libc    : page record for 0xb6fa801c was not found (block_size=16)
04-10 10:06:16.144 11806 11806 I chatty  : uid=1000 system_server expire 241 lines
04-10 10:06:16.252 11806 11829 I chatty  : uid=1000 system_server expire 5 lines
04-10 10:06:16.255 11806 11830 I chatty  : uid=1000 system_server expire 2 lines
04-10 10:06:16.387 11806 11839 I chatty  : uid=1000 system_server expire 4 lines
04-10 10:06:16.400 11806 11841 I chatty  : uid=1000 system_server expire 2 lines
04-10 10:06:17.210 11877 11877 F libc    : page record for 0xb6f6001c was not found (block_size=16)
04-10 10:06:18.053 11806 11920 I chatty  : uid=1000 system_server expire 1 line
04-10 10:06:18.430 11806 11948 I chatty  : uid=1000 system_server expire 33 lines
04-10 10:06:18.432   181   574 I Ext4Crypt: ext4 crypto complete called on /data
04-10 10:06:18.432   181   574 I Ext4Crypt: No master key, so not ext4enc
04-10 10:06:18.432 11806 11952 I chatty  : uid=1000 system_server expire 2 lines
04-10 10:06:18.443   181   573 D VoldCmdListener: asec list
04-10 10:06:18.444 11806 11951 I chatty  : uid=1000 system_server expire 19 lines
04-10 10:06:18.520 11806 11941 I chatty  : uid=1000 system_server expire 1 line
04-10 10:06:18.583   181   573 D VoldCmdListener: asec list
04-10 10:06:18.597 11806 11963 I chatty  : uid=1000 system_server expire 2 lines
04-10 10:06:22.396 12028 12028 F libc    : page record for 0xb6ed001c was not found (block_size=16)
04-10 10:06:24.137 11806 12033 I chatty  : uid=1000 system_server expire 2 lines
04-10 10:06:24.151 11806 12034 I chatty  : uid=1000 system_server expire 1 line
04-10 10:06:24.297   181   573 D VoldCmdListener: volume reset
04-10 10:06:24.543   181   573 V vold    : /system/bin/sgdisk
04-10 10:06:24.543   181   573 V vold    :     --android-dump
04-10 10:06:24.544   181   573 V vold    :     /dev/block/vold/disk:179,128
04-10 10:06:24.601   181   573 V vold    : DISK gpt F342FEEA-A652-4F60-B694-D8C566F84758
04-10 10:06:24.601   181   573 V vold    : PART 1 19A710A2-B3CA-11E4-B026-10604B889DCF 66CC8B1B-DB76-4226-AE5F-989E287F70EC android_meta
04-10 10:06:24.602   181   573 V vold    : PART 2 193D1EA4-B3CA-11E4-B075-10604B889DCF A0C0EE3A-FFB3-980B-8C9C-0DFF5E38A832 android_expand
04-10 10:06:24.603   181   573 D vold    : Found key for GUID a0c0ee3affb3980b8c9c0dff5e38a832
04-10 10:06:24.603   181   573 D vold    : PrivateVolume(private:179,130) is newed
04-10 10:06:24.604   181   573 E Cryptfs : Cannot remove dm-crypt device, retry(0), rtn(-1)
04-10 10:06:25.104   181   573 E Cryptfs : Cannot remove dm-crypt device, retry(1), rtn(-1)
04-10 10:06:25.604   181   573 E Cryptfs : Cannot remove dm-crypt device, retry(2), rtn(-1)
04-10 10:06:26.104   181   573 E Cryptfs : Cannot remove dm-crypt device, retry(3), rtn(-1)
04-10 10:06:26.605   181   573 E Cryptfs : Cannot remove dm-crypt device, retry(4), rtn(-1)
04-10 10:06:27.105   181   573 E Cryptfs : Cannot remove dm-crypt device, retry(5), rtn(-1)
04-10 10:06:27.445 12054 12054 F libc    : page record for 0xb6f1501c was not found (block_size=16)
04-10 10:06:27.605   181   573 E Cryptfs : Cannot remove dm-crypt device, retry(6), rtn(-1)
04-10 10:06:28.105   181   573 E Cryptfs : Cannot remove dm-crypt device, retry(7), rtn(-1)
04-10 10:06:28.606   181   573 E Cryptfs : Cannot remove dm-crypt device, retry(8), rtn(-1)
04-10 10:06:29.106   181   573 E Cryptfs : Cannot remove dm-crypt device, retry(9), rtn(-1)
04-10 10:06:29.608   181   573 I Cryptfs : Enabling support for allow_discards in dmcrypt.
04-10 10:06:29.610   181   573 I Cryptfs : The dm-crypt device is already created, /dev/block/dm-0
04-10 10:06:29.611   181   186 V vold    : ----------------
04-10 10:06:29.611   181   186 V vold    : handleBlockEvent with action 2
04-10 10:06:29.611   181   186 D NetlinkEvent: NL param 'DEVPATH=/devices/virtual/block/dm-0'
04-10 10:06:29.611   181   186 D NetlinkEvent: NL param 'MAJOR=253'
04-10 10:06:29.611   181   186 D NetlinkEvent: NL param 'MINOR=0'
04-10 10:06:29.611   181   186 D NetlinkEvent: NL param 'DEVNAME=dm-0'
04-10 10:06:29.611   181   186 D NetlinkEvent: NL param 'DEVTYPE=disk'
04-10 10:06:29.611 11806 11951 I chatty  : uid=1000 system_server expire 20 lines
04-10 10:06:29.611   181   186 D NetlinkEvent: NL param 'NPARTS=0'
04-10 10:06:29.611   181   186 V vold    : ----------------
04-10 10:06:29.611   181   186 V vold    : handleBlockEvent with action 2
04-10 10:06:29.611   181   186 D NetlinkEvent: NL param 'DEVPATH=/devices/virtual/block/dm-0'
04-10 10:06:29.611   181   186 D NetlinkEvent: NL param 'MAJOR=253'
04-10 10:06:29.611   181   186 D NetlinkEvent: NL param 'MINOR=0'
04-10 10:06:29.611   181   186 D NetlinkEvent: NL param 'DEVNAME=dm-0'
04-10 10:06:29.611   181   186 D NetlinkEvent: NL param 'DEVTYPE=disk'
04-10 10:06:29.611   181   186 D NetlinkEvent: NL param 'NPARTS=0'
04-10 10:06:29.611   181   186 V vold    : ----------------
04-10 10:06:29.612   181   186 V vold    : handleBlockEvent with action 1
04-10 10:06:29.612   181   186 D NetlinkEvent: NL param 'DEVPATH=/devices/virtual/block/dm-0'
04-10 10:06:29.612   181   186 D NetlinkEvent: NL param 'MAJOR=253'
04-10 10:06:29.612   181   186 D NetlinkEvent: NL param 'MINOR=0'
04-10 10:06:29.612   181   186 D NetlinkEvent: NL param 'DEVNAME=dm-0'
04-10 10:06:29.612   181   186 D NetlinkEvent: NL param 'DEVTYPE=disk'
04-10 10:06:29.612   181   186 D NetlinkEvent: NL param 'NPARTS=0'
04-10 10:06:29.612   181   186 V vold    : ----------------
04-10 10:06:29.612   181   186 V vold    : handleBlockEvent with action 3
04-10 10:06:29.612   181   186 D NetlinkEvent: NL param 'DEVPATH=/devices/virtual/block/dm-0'
04-10 10:06:29.612   181   186 D NetlinkEvent: NL param 'MAJOR=253'
04-10 10:06:29.612   181   186 D NetlinkEvent: NL param 'MINOR=0'
04-10 10:06:29.612   181   186 D NetlinkEvent: NL param 'DEVNAME=dm-0'
04-10 10:06:29.612   181   186 D NetlinkEvent: NL param 'DEVTYPE=disk'
04-10 10:06:29.612   181   186 D NetlinkEvent: NL param 'NPARTS=0'
04-10 10:06:29.612   181   186 D vold    : Disk at 253:0 changed
04-10 10:06:29.613 11806 11948 I chatty  : uid=1000 system_server expire 6 lines
04-10 10:06:29.614   181   573 D VoldCmdListener: volume user_added 0 0
04-10 10:06:29.622   181   573 D VoldCmdListener: volume mount private:179,130 0 -1
04-10 10:06:29.622   181   573 V vold    : /system/bin/blkid
04-10 10:06:29.622   181   573 V vold    :     -c
04-10 10:06:29.622   181   573 V vold    :     /dev/null
04-10 10:06:29.622   181   573 V vold    :     -s
04-10 10:06:29.622   181   573 V vold    :     TYPE
04-10 10:06:29.622   181   573 V vold    :     -s
04-10 10:06:29.622   181   573 V vold    :     UUID
04-10 10:06:29.622   181   573 V vold    :     -s
04-10 10:06:29.622   181   573 V vold    :     LABEL
04-10 10:06:29.622   181   573 V vold    :     /dev/block/dm-0
04-10 10:06:29.625 11806 11806 I chatty  : uid=1000 system_server expire 38 lines
04-10 10:06:29.715   181   573 V vold    : /dev/block/dm-0: UUID="629a8e05-8eb0-4b97-b721-a3c19235831f" TYPE="ext4" 
04-10 10:06:29.829   181   573 V vold    : /system/bin/e2fsck
04-10 10:06:29.829   181   573 V vold    :     -y
04-10 10:06:29.829   181   573 V vold    :     /dev/block/dm-0
04-10 10:06:29.916   181   573 D vold    : private:179,130 passed filesystem check
04-10 10:06:29.941   181   573 V vold    : Starting restorecon of /mnt/expand/629a8e05-8eb0-4b97-b721-a3c19235831f
04-10 10:06:30.203 11806 11824 I chatty  : uid=1000 system_server expire 2 lines
04-10 10:06:30.992 11806 12124 I chatty  : uid=1000 system_server expire 1 line
04-10 10:06:31.193   181   573 V vold    : Waiting for restorecon...
04-10 10:06:31.732 12334 12334 F libc    : page record for 0xb6f4201c was not found (block_size=16)
04-10 10:06:31.885 11806 11822 I chatty  : uid=1000 system_server expire 1 line
04-10 10:06:32.193   181   573 V vold    : Waiting for restorecon...
04-10 10:06:32.194   181   573 V vold    : Finished restorecon of /mnt/expand/629a8e05-8eb0-4b97-b721-a3c19235831f
04-10 10:06:32.197   181   573 D vold    : EmulatedVolume(emulated:179,130) is newed
04-10 10:06:32.199 11806 11831 I chatty  : uid=1000 system_server expire 1 line
04-10 10:06:32.205   181   573 D VoldCmdListener: volume mount emulated:179,130 3 -1
04-10 10:06:32.210   181   573 V vold    : Waiting for FUSE to spin up...
04-10 10:06:32.262   181   573 I vold    : Linking /storage/emulated/0 to /mnt/m_external_sd
04-10 10:06:32.262   181   573 D NVRAM   : create_link_for_mtklogger(ext_sd_path = /storage/emulated/0)
04-10 10:06:32.263   181   573 D NVRAM   : This is normal boot.
04-10 10:06:33.048   181   573 D VoldCmdListener: volume user_started 0
04-10 10:06:33.049   181   573 D vold    : Linking /storage/emulated/0 to /mnt/user/0/primary
04-10 10:06:33.268 11806 11827 I chatty  : uid=1000 system_server expire 1 line
04-10 10:06:33.620 11806 12485 I chatty  : uid=1000 system_server expire 1 line
04-10 10:06:33.654 11806 11806 E AndroidRuntime: *** FATAL EXCEPTION IN SYSTEM PROCESS: main
04-10 10:06:33.654 11806 11806 E AndroidRuntime: java.lang.RuntimeException: createnewuserdir threw exception
04-10 10:06:33.654 11806 11806 E AndroidRuntime: 	at com.android.server.MountService.createNewUserDir(MountService.java:2659)
04-10 10:06:33.654 11806 11806 E AndroidRuntime: 	at android.os.storage.StorageManager.createNewUserDir(StorageManager.java:965)
04-10 10:06:33.654 11806 11806 E AndroidRuntime: 	at com.android.server.pm.UserManagerService.prepareUserDirectory(UserManagerService.java:1989)
04-10 10:06:33.654 11806 11806 E AndroidRuntime: 	at com.android.server.pm.PackageManagerService.reconcileUsers(PackageManagerService.java:16239)
04-10 10:06:33.654 11806 11806 E AndroidRuntime: 	at com.android.server.pm.PackageManagerService.-wrap34(PackageManagerService.java)
04-10 10:06:33.654 11806 11806 E AndroidRuntime: 	at com.android.server.pm.PackageManagerService$1.onVolumeStateChanged(PackageManagerService.java:1670)
04-10 10:06:33.654 11806 11806 E AndroidRuntime: 	at android.os.storage.StorageManager$StorageEventListenerDelegate.handleMessage(StorageManager.java:128)
04-10 10:06:33.654 11806 11806 E AndroidRuntime: 	at android.os.Handler.dispatchMessage(Handler.java:98)
04-10 10:06:33.654 11806 11806 E AndroidRuntime: 	at android.os.Looper.loop(Looper.java:148)
04-10 10:06:33.654 11806 11806 E AndroidRuntime: 	at com.android.server.SystemServer.run(SystemServer.java:285)
04-10 10:06:33.654 11806 11806 E AndroidRuntime: 	at com.android.server.SystemServer.main(SystemServer.java:170)
04-10 10:06:33.654 11806 11806 E AndroidRuntime: 	at java.lang.reflect.Method.invoke(Native Method)
04-10 10:06:33.654 11806 11806 E AndroidRuntime: 	at com.android.internal.os.ZygoteInit$MethodAndArgsCaller.run(ZygoteInit.java:726)
04-10 10:06:33.654 11806 11806 E AndroidRuntime: 	at com.android.internal.os.ZygoteInit.main(ZygoteInit.java:616)
04-10 10:06:33.654 11806 11806 E AndroidRuntime: Caused by: com.android.server.NativeDaemonConnector$NativeDaemonArgumentException: command '2 cryptfs createnewuserdir 0 /mnt/expand/629a8e05-8eb0-4b97-b721-a3c19235831f/user/0' failed with '500 2 Unknown cryptfs cmd'
04-10 10:06:33.654 11806 11806 E AndroidRuntime: 	at com.android.server.NativeDaemonConnector.executeForList(NativeDaemonConnector.java:441)
04-10 10:06:33.654 11806 11806 E AndroidRuntime: 	at com.android.server.NativeDaemonConnector.execute(NativeDaemonConnector.java:345)
04-10 10:06:33.654 11806 11806 E AndroidRuntime: 	at com.android.server.NativeDaemonConnector.execute(NativeDaemonConnector.java:340)
04-10 10:06:33.654 11806 11806 E AndroidRuntime: 	at com.android.server.MountService.createNewUserDir(MountService.java:2648)
04-10 10:06:33.654 11806 11806 E AndroidRuntime: 	... 13 more
04-10 10:06:33.776 12413 12413 E AndroidRuntime: FATAL EXCEPTION: main
04-10 10:06:33.776 12413 12413 E AndroidRuntime: Process: com.android.inputmethod.latin, PID: 12413
04-10 10:06:33.776 12413 12413 E AndroidRuntime: java.lang.RuntimeException: Unable to create service com.android.inputmethod.latin.LatinIME: java.lang.RuntimeException: android.os.DeadObjectException
04-10 10:06:33.776 12413 12413 E AndroidRuntime: 	at android.app.ActivityThread.handleCreateService(ActivityThread.java:2903)
04-10 10:06:33.776 12413 12413 E AndroidRuntime: 	at android.app.ActivityThread.-wrap4(ActivityThread.java)
04-10 10:06:33.776 12413 12413 E AndroidRuntime: 	at android.app.ActivityThread$H.handleMessage(ActivityThread.java:1443)
04-10 10:06:33.776 12413 12413 E AndroidRuntime: 	at android.os.Handler.dispatchMessage(Handler.java:102)
04-10 10:06:33.776 12413 12413 E AndroidRuntime: 	at android.os.Looper.loop(Looper.java:148)
04-10 10:06:33.776 12413 12413 E AndroidRuntime: 	at android.app.ActivityThread.main(ActivityThread.java:5439)
04-10 10:06:33.776 12413 12413 E AndroidRuntime: 	at java.lang.reflect.Method.invoke(Native Method)
04-10 10:06:33.776 12413 12413 E AndroidRuntime: 	at com.android.internal.os.ZygoteInit$MethodAndArgsCaller.run(ZygoteInit.java:726)
04-10 10:06:33.776 12413 12413 E AndroidRuntime: 	at com.android.internal.os.ZygoteInit.main(ZygoteInit.java:616)
04-10 10:06:33.776 12413 12413 E AndroidRuntime: Caused by: java.lang.RuntimeException: android.os.DeadObjectException
04-10 10:06:33.776 12413 12413 E AndroidRuntime: 	at android.view.inputmethod.InputMethodManager.getInputMethodList(InputMethodManager.java:650)
04-10 10:06:33.776 12413 12413 E AndroidRuntime: 	at com.android.inputmethod.latin.RichInputMethodManager$InputMethodInfoCache.getInputMethodOfThisIme(RichInputMethodManager.java:249)
04-10 10:06:33.776 12413 12413 E AndroidRuntime: 	at com.android.inputmethod.latin.RichInputMethodManager.getInputMethodInfoOfThisIme(RichInputMethodManager.java:282)
04-10 10:06:33.776 12413 12413 E AndroidRuntime: 	at com.android.inputmethod.latin.RichInputMethodManager.findSubtypeByLocaleAndKeyboardLayoutSet(RichInputMethodManager.java:418)
04-10 10:06:33.776 12413 12413 E AndroidRuntime: 	at com.android.inputmethod.latin.RichInputMethodSubtype.getNoLanguageSubtype(RichInputMethodSubtype.java:190)
04-10 10:06:33.776 12413 12413 E AndroidRuntime: 	at com.android.inputmethod.latin.RichInputMethodSubtype.getRichInputMethodSubtype(RichInputMethodSubtype.java:148)
04-10 10:06:33.776 12413 12413 E AndroidRuntime: 	at com.android.inputmethod.latin.RichInputMethodManager.updateCurrentSubtype(RichInputMethodManager.java:493)
04-10 10:06:33.776 12413 12413 E AndroidRuntime: 	at com.android.inputmethod.latin.RichInputMethodManager.refreshSubtypeCaches(RichInputMethodManager.java:452)
04-10 10:06:33.776 12413 12413 E AndroidRuntime: 	at com.android.inputmethod.latin.RichInputMethodManager.initInternal(RichInputMethodManager.java:109)
04-10 10:06:33.776 12413 12413 E AndroidRuntime: 	at com.android.inputmethod.latin.RichInputMethodManager.init(RichInputMethodManager.java:80)
04-10 10:06:33.776 12413 12413 E AndroidRuntime: 	at com.android.inputmethod.latin.LatinIME.onCreate(LatinIME.java:550)
04-10 10:06:33.776 12413 12413 E AndroidRuntime: 	at android.app.ActivityThread.handleCreateService(ActivityThread.java:2893)
04-10 10:06:33.776 12413 12413 E AndroidRuntime: 	... 8 more
04-10 10:06:33.776 12413 12413 E AndroidRuntime: Caused by: android.os.DeadObjectException
04-10 10:06:33.776 12413 12413 E AndroidRuntime: 	at android.os.BinderProxy.transactNative(Native Method)
04-10 10:06:33.776 12413 12413 E AndroidRuntime: 	at android.os.BinderProxy.transact(Binder.java:503)
04-10 10:06:33.776 12413 12413 E AndroidRuntime: 	at com.android.internal.view.IInputMethodManager$Stub$Proxy.getInputMethodList(IInputMethodManager.java:486)
04-10 10:06:33.776 12413 12413 E AndroidRuntime: 	at android.view.inputmethod.InputMethodManager.getInputMethodList(InputMethodManager.java:648)
04-10 10:06:33.776 12413 12413 E AndroidRuntime: 	... 19 more
04-10 10:06:33.777 12413 12413 E AndroidRuntime: Error reporting crash
04-10 10:06:33.777 12413 12413 E AndroidRuntime: android.os.DeadObjectException
04-10 10:06:33.777 12413 12413 E AndroidRuntime: 	at android.os.BinderProxy.transactNative(Native Method)
04-10 10:06:33.777 12413 12413 E AndroidRuntime: 	at android.os.BinderProxy.transact(Binder.java:503)
04-10 10:06:33.777 12413 12413 E AndroidRuntime: 	at android.app.ActivityManagerProxy.handleApplicationCrash(ActivityManagerNative.java:4427)
04-10 10:06:33.777 12413 12413 E AndroidRuntime: 	at com.android.internal.os.RuntimeInit$UncaughtHandler.uncaughtException(RuntimeInit.java:90)
04-10 10:06:33.777 12413 12413 E AndroidRuntime: 	at java.lang.ThreadGroup.uncaughtException(ThreadGroup.java:693)
04-10 10:06:33.777 12413 12413 E AndroidRuntime: 	at java.lang.ThreadGroup.uncaughtException(ThreadGroup.java:690)
04-10 10:06:33.805 12447 12447 E AndroidRuntime: FATAL EXCEPTION: main
04-10 10:06:33.805 12447 12447 E AndroidRuntime: Process: com.android.settings:CryptKeeper, PID: 12447
04-10 10:06:33.805 12447 12447 E AndroidRuntime: java.lang.RuntimeException: Unable to instantiate application android.app.Application: java.lang.IllegalStateException: Unable to get package info for com.android.settings; is system dying?
04-10 10:06:33.805 12447 12447 E AndroidRuntime: 	at android.app.LoadedApk.makeApplication(LoadedApk.java:578)
04-10 10:06:33.805 12447 12447 E AndroidRuntime: 	at android.app.ActivityThread.handleBindApplication(ActivityThread.java:4702)
04-10 10:06:33.805 12447 12447 E AndroidRuntime: 	at android.app.ActivityThread.-wrap1(ActivityThread.java)
04-10 10:06:33.805 12447 12447 E AndroidRuntime: 	at android.app.ActivityThread$H.handleMessage(ActivityThread.java:1421)
04-10 10:06:33.805 12447 12447 E AndroidRuntime: 	at android.os.Handler.dispatchMessage(Handler.java:102)
04-10 10:06:33.805 12447 12447 E AndroidRuntime: 	at android.os.Looper.loop(Looper.java:148)
04-10 10:06:33.805 12447 12447 E AndroidRuntime: 	at android.app.ActivityThread.main(ActivityThread.java:5439)
04-10 10:06:33.805 12447 12447 E AndroidRuntime: 	at java.lang.reflect.Method.invoke(Native Method)
04-10 10:06:33.805 12447 12447 E AndroidRuntime: 	at com.android.internal.os.ZygoteInit$MethodAndArgsCaller.run(ZygoteInit.java:726)
04-10 10:06:33.805 12447 12447 E AndroidRuntime: 	at com.android.internal.os.ZygoteInit.main(ZygoteInit.java:616)
04-10 10:06:33.805 12447 12447 E AndroidRuntime: Caused by: java.lang.IllegalStateException: Unable to get package info for com.android.settings; is system dying?
04-10 10:06:33.805 12447 12447 E AndroidRuntime: 	at android.app.LoadedApk.initializeJavaContextClassLoader(LoadedApk.java:420)
04-10 10:06:33.805 12447 12447 E AndroidRuntime: 	at android.app.LoadedApk.makeApplication(LoadedApk.java:570)
04-10 10:06:33.805 12447 12447 E AndroidRuntime: 	... 9 more
04-10 10:06:33.805 12447 12447 E AndroidRuntime: Caused by: android.os.DeadObjectException
04-10 10:06:33.805 12447 12447 E AndroidRuntime: 	at android.os.BinderProxy.transactNative(Native Method)
04-10 10:06:33.805 12447 12447 E AndroidRuntime: 	at android.os.BinderProxy.transact(Binder.java:503)
04-10 10:06:33.805 12447 12447 E AndroidRuntime: 	at android.content.pm.IPackageManager$Stub$Proxy.getPackageInfo(IPackageManager.java:2163)
04-10 10:06:33.805 12447 12447 E AndroidRuntime: 	at android.app.LoadedApk.initializeJavaContextClassLoader(LoadedApk.java:418)
04-10 10:06:33.805 12447 12447 E AndroidRuntime: 	... 10 more
04-10 10:06:33.809 12447 12447 E AndroidRuntime: Error reporting crash
04-10 10:06:33.809 12447 12447 E AndroidRuntime: android.os.DeadObjectException
04-10 10:06:33.809 12447 12447 E AndroidRuntime: 	at android.os.BinderProxy.transactNative(Native Method)
04-10 10:06:33.809 12447 12447 E AndroidRuntime: 	at android.os.BinderProxy.transact(Binder.java:503)
04-10 10:06:33.809 12447 12447 E AndroidRuntime: 	at android.app.ActivityManagerProxy.handleApplicationCrash(ActivityManagerNative.java:4427)
04-10 10:06:33.809 12447 12447 E AndroidRuntime: 	at com.android.internal.os.RuntimeInit$UncaughtHandler.uncaughtException(RuntimeInit.java:90)
04-10 10:06:33.809 12447 12447 E AndroidRuntime: 	at java.lang.ThreadGroup.uncaughtException(ThreadGroup.java:693)
04-10 10:06:33.809 12447 12447 E AndroidRuntime: 	at java.lang.ThreadGroup.uncaughtException(ThreadGroup.java:690)
04-10 10:06:33.827 12097 12097 E AndroidRuntime: FATAL EXCEPTION: main
04-10 10:06:33.827 12097 12097 E AndroidRuntime: Process: android.process.media, PID: 12097
04-10 10:06:33.827 12097 12097 E AndroidRuntime: java.lang.RuntimeException: Unable to create service com.android.providers.media.MediaScannerService: java.lang.RuntimeException: android.os.DeadObjectException
04-10 10:06:33.827 12097 12097 E AndroidRuntime: 	at android.app.ActivityThread.handleCreateService(ActivityThread.java:2903)
04-10 10:06:33.827 12097 12097 E AndroidRuntime: 	at android.app.ActivityThread.-wrap4(ActivityThread.java)
04-10 10:06:33.827 12097 12097 E AndroidRuntime: 	at android.app.ActivityThread$H.handleMessage(ActivityThread.java:1443)
04-10 10:06:33.827 12097 12097 E AndroidRuntime: 	at android.os.Handler.dispatchMessage(Handler.java:102)
04-10 10:06:33.827 12097 12097 E AndroidRuntime: 	at android.os.Looper.loop(Looper.java:148)
04-10 10:06:33.827 12097 12097 E AndroidRuntime: 	at android.app.ActivityThread.main(ActivityThread.java:5439)
04-10 10:06:33.827 12097 12097 E AndroidRuntime: 	at java.lang.reflect.Method.invoke(Native Method)
04-10 10:06:33.827 12097 12097 E AndroidRuntime: 	at com.android.internal.os.ZygoteInit$MethodAndArgsCaller.run(ZygoteInit.java:726)
04-10 10:06:33.827 12097 12097 E AndroidRuntime: 	at com.android.internal.os.ZygoteInit.main(ZygoteInit.java:616)
04-10 10:06:33.827 12097 12097 E AndroidRuntime: Caused by: java.lang.RuntimeException: android.os.DeadObjectException
04-10 10:06:33.827 12097 12097 E AndroidRuntime: 	at android.os.storage.StorageManager.getVolumeList(StorageManager.java:885)
04-10 10:06:33.827 12097 12097 E AndroidRuntime: 	at android.os.storage.StorageManager.getVolumeList(StorageManager.java:858)
04-10 10:06:33.827 12097 12097 E AndroidRuntime: 	at android.os.storage.StorageManager.getVolumePaths(StorageManager.java:895)
04-10 10:06:33.827 12097 12097 E AndroidRuntime: 	at com.android.providers.media.MediaScannerService.onCreate(MediaScannerService.java:124)
04-10 10:06:33.827 12097 12097 E AndroidRuntime: 	at android.app.ActivityThread.handleCreateService(ActivityThread.java:2893)
04-10 10:06:33.827 12097 12097 E AndroidRuntime: 	... 8 more
04-10 10:06:33.827 12097 12097 E AndroidRuntime: Caused by: android.os.DeadObjectException
04-10 10:06:33.827 12097 12097 E AndroidRuntime: 	at android.os.BinderProxy.transactNative(Native Method)
04-10 10:06:33.827 12097 12097 E AndroidRuntime: 	at android.os.BinderProxy.transact(Binder.java:503)
04-10 10:06:33.827 12097 12097 E AndroidRuntime: 	at android.content.pm.IPackageManager$Stub$Proxy.getPackageUid(IPackageManager.java:2187)
04-10 10:06:33.827 12097 12097 E AndroidRuntime: 	at android.os.storage.StorageManager.getVolumeList(StorageManager.java:879)
04-10 10:06:33.827 12097 12097 E AndroidRuntime: 	... 12 more
04-10 10:06:33.829 12097 12097 E AndroidRuntime: Error reporting crash
04-10 10:06:33.829 12097 12097 E AndroidRuntime: android.os.DeadObjectException
04-10 10:06:33.829 12097 12097 E AndroidRuntime: 	at android.os.BinderProxy.transactNative(Native Method)
04-10 10:06:33.829 12097 12097 E AndroidRuntime: 	at android.os.BinderProxy.transact(Binder.java:503)
04-10 10:06:33.829 12097 12097 E AndroidRuntime: 	at android.app.ActivityManagerProxy.handleApplicationCrash(ActivityManagerNative.java:4427)
04-10 10:06:33.829 12097 12097 E AndroidRuntime: 	at com.android.internal.os.RuntimeInit$UncaughtHandler.uncaughtException(RuntimeInit.java:90)
04-10 10:06:33.829 12097 12097 E AndroidRuntime: 	at java.lang.ThreadGroup.uncaughtException(ThreadGroup.java:693)
04-10 10:06:33.829 12097 12097 E AndroidRuntime: 	at java.lang.ThreadGroup.uncaughtException(ThreadGroup.java:690)
04-10 10:06:33.847 12088 12088 E AndroidRuntime: FATAL EXCEPTION: main
04-10 10:06:33.847 12088 12088 E AndroidRuntime: Process: com.android.systemui, PID: 12088
04-10 10:06:33.847 12088 12088 E AndroidRuntime: java.lang.RuntimeException: android.os.DeadObjectException
04-10 10:06:33.847 12088 12088 E AndroidRuntime: 	at com.android.systemui.statusbar.policy.UserInfoController.queryForUserInformation(UserInfoController.java:134)
04-10 10:06:33.847 12088 12088 E AndroidRuntime: 	at com.android.systemui.statusbar.policy.UserInfoController.reloadUserInfo(UserInfoController.java:119)
