04-10 10:34:50.656  1078  1080 W dex2oat : No verified method for method calling String.<init>: void android.provider.SearchRecentSuggestions.<init>(android.content.Context, java.lang.String, int)
04-10 10:34:50.658  1078  1080 W dex2oat : No verified method for method calling String.<init>: void android.provider.SearchRecentSuggestions.<init>(android.content.Context, java.lang.String, int)
04-10 10:34:51.412  1078  1078 W dex2oat : Compilation of void com.android.calendarcommon2.RecurrenceProcessor.expand(android.text.format.Time, com.android.calendarcommon2.EventRecurrence, long, long, boolean, java.util.TreeSet) took 169.435ms
04-10 10:34:52.020  1078  1078 I dex2oat : dex2oat took 2.228s (threads: 4) arena alloc=5MB java alloc=1609KB native alloc=9MB free=4MB
04-10 10:34:52.036   738   738 I PackageManager.DexOptimizer: Running dexopt (dex2oat) on: /system/app/BluetoothMidiService/BluetoothMidiService.apk pkg=com.android.bluetoothmidiservice isa=arm vmSafeMode=false debuggable=false oatDir = null bootComplete=false
04-10 10:34:52.096  1083  1083 I dex2oat : Starting dex2oat.
04-10 10:34:52.303  1083  1083 I dex2oat : dex2oat took 208.607ms (threads: 4) arena alloc=516KB java alloc=117KB native alloc=1878KB free=1961KB
04-10 10:34:52.314   738   738 I PackageManager.DexOptimizer: Running dexopt (dex2oat) on: /system/priv-app/CallLogBackup/CallLogBackup.apk pkg=com.android.calllogbackup isa=arm vmSafeMode=false debuggable=false oatDir = null bootComplete=false
04-10 10:34:52.368  1088  1088 I dex2oat : Starting dex2oat.
04-10 10:34:52.442  1088  1088 I dex2oat : dex2oat took 74.485ms (threads: 4) arena alloc=334KB java alloc=66KB native alloc=1328KB free=1487KB
04-10 10:34:52.449   738   738 I PackageManager.DexOptimizer: Running dexopt (dex2oat) on: /system/app/LiveWallpapersPicker/LiveWallpapersPicker.apk pkg=com.android.wallpaper.livepicker isa=arm vmSafeMode=false debuggable=false oatDir = null bootComplete=false
04-10 10:34:52.508  1093  1093 I dex2oat : Starting dex2oat.
04-10 10:34:52.584  1093  1093 I dex2oat : dex2oat took 77.681ms (threads: 4) arena alloc=210KB java alloc=125KB native alloc=1617KB free=1454KB
04-10 10:34:52.590   738   738 I PackageManager.DexOptimizer: Running dexopt (dex2oat) on: /system/app/webview/webview.apk pkg=com.android.webview isa=arm vmSafeMode=false debuggable=false oatDir = null bootComplete=false
04-10 10:34:52.652  1098  1098 I dex2oat : Starting dex2oat.
04-10 10:34:52.678  1100  1100 F libc    : page record for 0xb6f5a01c was not found (block_size=16)
04-10 10:34:54.070  1098  1102 W dex2oat : No verified method for method calling String.<init>: java.lang.String android.text.TextUtils.substring(java.lang.CharSequence, int, int)
04-10 10:34:54.071  1098  1102 W dex2oat : No verified method for method calling String.<init>: java.lang.String android.text.TextUtils.substring(java.lang.CharSequence, int, int)
04-10 10:34:54.073  1098  1102 W dex2oat : No verified method for method calling String.<init>: java.lang.String android.text.TextUtils.substring(java.lang.CharSequence, int, int)
04-10 10:34:54.706  1098  1098 I dex2oat : dex2oat took 2.055s (threads: 4) arena alloc=636KB java alloc=1401KB native alloc=5MB free=1872KB
04-10 10:34:54.717   738   738 I PackageManager.DexOptimizer: Running dexopt (dex2oat) on: /system/priv-app/SharedStorageBackup/SharedStorageBackup.apk pkg=com.android.sharedstoragebackup isa=arm vmSafeMode=false debuggable=false oatDir = null bootComplete=false
04-10 10:34:54.775  1104  1104 I dex2oat : Starting dex2oat.
04-10 10:34:54.780   192   352 I [MALI][Gralloc]: usage: 0xf02, format: 1 stride: 816 vertical_stride: 460 size: 1501440
04-10 10:34:54.791   192   985 I [MALI][Gralloc]: usage: 0xf02, format: 1 stride: 816 vertical_stride: 460 size: 1501440
04-10 10:34:54.806   192  1008 I [MALI][Gralloc]: usage: 0xf02, format: 1 stride: 816 vertical_stride: 460 size: 1501440
04-10 10:34:54.834  1104  1104 I dex2oat : dex2oat took 59.609ms (threads: 4) arena alloc=175KB java alloc=45KB native alloc=1329KB free=1230KB
04-10 10:34:54.841   738   738 I PackageManager.DexOptimizer: Running dexopt (dex2oat) on: /system/priv-app/WallpaperCropper/WallpaperCropper.apk pkg=com.android.wallpapercropper isa=arm vmSafeMode=false debuggable=false oatDir = null bootComplete=false
04-10 10:34:54.899  1109  1109 I dex2oat : Starting dex2oat.
04-10 10:34:54.901   192   350 I [MALI][Gralloc]: usage: 0xf02, format: 1 stride: 816 vertical_stride: 430 size: 1403520
04-10 10:34:54.909   192   350 I [MALI][Gralloc]: usage: 0xf02, format: 1 stride: 816 vertical_stride: 430 size: 1403520
04-10 10:34:54.920   192  1008 I [MALI][Gralloc]: usage: 0xf02, format: 1 stride: 816 vertical_stride: 430 size: 1403520
04-10 10:34:55.427  1109  1109 I dex2oat : dex2oat took 529.410ms (threads: 4) arena alloc=956KB java alloc=282KB native alloc=2MB free=2MB
04-10 10:34:55.438   738   738 I PackageManager.DexOptimizer: Running dexopt (dex2oat) on: /system/app/SpareParts/SpareParts.apk pkg=com.android.spare_parts isa=arm vmSafeMode=false debuggable=false oatDir = null bootComplete=false
04-10 10:34:55.496  1114  1114 I dex2oat : Starting dex2oat.
04-10 10:34:55.788  1114  1114 I dex2oat : dex2oat took 294.228ms (threads: 4) arena alloc=37KB java alloc=71KB native alloc=1080KB free=1223KB
04-10 10:34:55.798   738   738 I PackageManager.DexOptimizer: Running dexopt (dex2oat) on: /system/app/DeskClock/DeskClock.apk pkg=com.android.deskclock isa=arm vmSafeMode=false debuggable=false oatDir = null bootComplete=false
04-10 10:34:55.855  1119  1119 I dex2oat : Starting dex2oat.
04-10 10:34:56.056  1119  1119 W dex2oat : Before Android 4.1, method int android.support.v7.internal.widget.ListViewCompat.lookForSelectablePosition(int, boolean) would have incorrectly overridden the package-private method in android.widget.ListView
04-10 10:34:57.699  1124  1124 F libc    : page record for 0xb6ed401c was not found (block_size=16)
04-10 10:34:58.754  1119  1119 I dex2oat : dex2oat took 2.900s (threads: 4) arena alloc=2MB java alloc=2MB native alloc=8MB free=1743KB
04-10 10:34:58.770   738   738 I PackageManager.DexOptimizer: Running dexopt (dex2oat) on: /system/app/Browser/Browser.apk pkg=com.android.browser isa=arm vmSafeMode=false debuggable=false oatDir = null bootComplete=false
04-10 10:34:58.827  1125  1125 I dex2oat : Starting dex2oat.
04-10 10:35:00.575  1125  1125 I dex2oat : dex2oat took 1.749s (threads: 4) arena alloc=1212KB java alloc=1651KB native alloc=6MB free=1762KB
04-10 10:35:00.587   738   738 I PackageManager.DexOptimizer: Running dexopt (dex2oat) on: /system/priv-app/BackupRestoreConfirmation/BackupRestoreConfirmation.apk pkg=com.android.backupconfirm isa=arm vmSafeMode=false debuggable=false oatDir = null bootComplete=false
04-10 10:35:00.645  1130  1130 I dex2oat : Starting dex2oat.
04-10 10:35:00.704  1130  1130 I dex2oat : dex2oat took 60.220ms (threads: 4) arena alloc=182KB java alloc=63KB native alloc=1337KB free=1734KB
04-10 10:35:00.712   738   738 I PackageManager.DexOptimizer: Running dexopt (dex2oat) on: /system/priv-app/ExternalStorageProvider/ExternalStorageProvider.apk pkg=com.android.externalstorage isa=arm vmSafeMode=false debuggable=false oatDir = null bootComplete=false
04-10 10:35:00.770  1135  1135 I dex2oat : Starting dex2oat.
04-10 10:35:00.871  1135  1135 I dex2oat : dex2oat took 102.381ms (threads: 4) arena alloc=211KB java alloc=98KB native alloc=1510KB free=1305KB
04-10 10:35:00.880   738   738 I PackageManager.DexOptimizer: Running dexopt (dex2oat) on: /system/app/PicoTts/PicoTts.apk pkg=com.svox.pico isa=arm vmSafeMode=false debuggable=false oatDir = null bootComplete=false
04-10 10:35:00.937  1140  1140 I dex2oat : Starting dex2oat.
04-10 10:35:01.007  1140  1140 I dex2oat : dex2oat took 70.551ms (threads: 4) arena alloc=570KB java alloc=153KB native alloc=1859KB free=1724KB
04-10 10:35:01.016   738   738 I PackageManager.DexOptimizer: Running dexopt (dex2oat) on: /system/app/Email/Email.apk pkg=com.android.email isa=arm vmSafeMode=false debuggable=false oatDir = null bootComplete=false
04-10 10:35:01.070  1145  1145 I dex2oat : Starting dex2oat.
04-10 10:35:01.713  1150  1150 F libc    : page record for 0xb6eb501c was not found (block_size=16)
04-10 10:35:06.736  1151  1151 F libc    : page record for 0xb6efb01c was not found (block_size=16)
04-10 10:35:08.525  1145  1145 I dex2oat : dex2oat took 7.455s (threads: 4) arena alloc=2MB java alloc=4MB native alloc=15MB free=3MB
04-10 10:35:08.547   738   738 I PackageManager.DexOptimizer: Running dexopt (dex2oat) on: /system/priv-app/Contacts/Contacts.apk pkg=com.android.contacts isa=arm vmSafeMode=false debuggable=false oatDir = null bootComplete=false
04-10 10:35:08.606  1152  1152 I dex2oat : Starting dex2oat.
04-10 10:35:10.807  1152  1156 I dex2oat : Skipping compilation of com.android.vcard.VCardEntry$PostalData com.android.vcard.VCardEntry$PostalData.constructPostalData(java.util.List, int, java.lang.String, boolean, int): it contains a non natural loop
04-10 10:35:10.861  1152  1155 W dex2oat : No verified method for method calling String.<init>: java.lang.String android.text.SpannableStringBuilder.toString()
04-10 10:35:11.749  1157  1157 F libc    : page record for 0xb6f7201c was not found (block_size=16)
04-10 10:35:11.923  1152  1152 I dex2oat : dex2oat took 3.317s (threads: 4) arena alloc=2MB java alloc=2MB native alloc=8MB free=2MB
04-10 10:35:11.941   738   738 I PackageManager.DexOptimizer: Running dexopt (dex2oat) on: /system/app/ExactCalculator/ExactCalculator.apk pkg=com.android.calculator2 isa=arm vmSafeMode=false debuggable=false oatDir = null bootComplete=false
04-10 10:35:12.001  1158  1158 I dex2oat : Starting dex2oat.
04-10 10:35:12.507  1158  1158 I dex2oat : dex2oat took 506.748ms (threads: 4) arena alloc=1389KB java alloc=424KB native alloc=2MB free=2MB
04-10 10:35:12.515   738   738 I PackageManager.DexOptimizer: Running dexopt (dex2oat) on: /system/priv-app/VpnDialogs/VpnDialogs.apk pkg=com.android.vpndialogs isa=arm vmSafeMode=false debuggable=false oatDir = null bootComplete=false
04-10 10:35:12.576  1163  1163 I dex2oat : Starting dex2oat.
04-10 10:35:12.639  1163  1163 I dex2oat : dex2oat took 63.776ms (threads: 4) arena alloc=197KB java alloc=62KB native alloc=1470KB free=1089KB
04-10 10:35:12.647   738   738 I PackageManager.DexOptimizer: Running dexopt (dex2oat) on: /system/priv-app/SlimLauncher/SlimLauncher.apk pkg=com.slim.slimlauncher isa=arm vmSafeMode=false debuggable=false oatDir = null bootComplete=false
04-10 10:35:12.707  1168  1168 I dex2oat : Starting dex2oat.
04-10 10:35:14.478  1168  1171 W dex2oat : Compilation of void com.android.launcher3.LauncherModel$LoaderTask.loadWorkspace() took 111.635ms
04-10 10:35:15.949  1168  1168 I dex2oat : dex2oat took 3.243s (threads: 4) arena alloc=2MB java alloc=1816KB native alloc=8MB free=1848KB
04-10 10:35:15.964   738   738 I PackageManager.DexOptimizer: Running dexopt (dex2oat) on: /system/app/DownloadProviderUi/DownloadProviderUi.apk pkg=com.android.providers.downloads.ui isa=arm vmSafeMode=false debuggable=false oatDir = null bootComplete=false
04-10 10:35:16.028  1173  1173 I dex2oat : Starting dex2oat.
04-10 10:35:16.316  1173  1173 I dex2oat : dex2oat took 289.408ms (threads: 4) arena alloc=301KB java alloc=101KB native alloc=1636KB free=1435KB
04-10 10:35:16.323   738   738 I PackageManager.DexOptimizer: Running dexopt (dex2oat) on: /system/app/Development/Development.apk pkg=com.android.development isa=arm vmSafeMode=false debuggable=false oatDir = null bootComplete=false
04-10 10:35:16.381  1178  1178 I dex2oat : Starting dex2oat.
04-10 10:35:16.712  1178  1178 I dex2oat : dex2oat took 331.809ms (threads: 4) arena alloc=340KB java alloc=393KB native alloc=1968KB free=2MB
04-10 10:35:16.720   738   738 I PackageManager.DexOptimizer: Running dexopt (dex2oat) on: /system/priv-app/OneTimeInitializer/OneTimeInitializer.apk pkg=com.android.onetimeinitializer isa=arm vmSafeMode=false debuggable=false oatDir = null bootComplete=false
04-10 10:35:16.758  1184  1184 F libc    : page record for 0xb6f9901c was not found (block_size=16)
04-10 10:35:16.776  1183  1183 I dex2oat : Starting dex2oat.
04-10 10:35:16.886  1183  1183 I dex2oat : dex2oat took 111.350ms (threads: 4) arena alloc=711KB java alloc=102KB native alloc=1793KB free=1790KB
04-10 10:35:16.897   738   738 I PackageManager.DexOptimizer: Running dexopt (dex2oat) on: /system/app/PrintSpooler/PrintSpooler.apk pkg=com.android.printspooler isa=arm vmSafeMode=false debuggable=false oatDir = null bootComplete=false
04-10 10:35:16.953  1189  1189 I dex2oat : Starting dex2oat.
04-10 10:35:17.939  1189  1189 I dex2oat : dex2oat took 986.764ms (threads: 4) arena alloc=2MB java alloc=606KB native alloc=4MB free=2MB
04-10 10:35:17.953   738   738 I PackageManager.DexOptimizer: Running dexopt (dex2oat) on: /system/app/Gallery2/Gallery2.apk pkg=com.android.gallery3d isa=arm vmSafeMode=false debuggable=false oatDir = null bootComplete=false
04-10 10:35:18.009  1194  1194 I dex2oat : Starting dex2oat.
04-10 10:35:21.784  1199  1199 F libc    : page record for 0xb6ed401c was not found (block_size=16)
04-10 10:35:25.163  1194  1194 I dex2oat : dex2oat took 7.155s (threads: 4) arena alloc=2MB java alloc=4MB native alloc=16MB free=3MB
04-10 10:35:25.184   738   738 I PackageManager.DexOptimizer: Running dexopt (dex2oat) on: /system/priv-app/StatementService/StatementService.apk pkg=com.android.statementservice isa=arm vmSafeMode=false debuggable=false oatDir = null bootComplete=false
04-10 10:35:25.237  1200  1200 I dex2oat : Starting dex2oat.
04-10 10:35:25.322  1200  1202 W dex2oat : No verified method for method calling String.<init>: java.lang.String java.io.ByteArrayOutputStream.toString(java.lang.String)
04-10 10:35:25.504  1200  1200 I dex2oat : dex2oat took 267.924ms (threads: 4) arena alloc=324KB java alloc=132KB native alloc=1616KB free=2MB
04-10 10:35:25.514   738   738 I PackageManager.DexOptimizer: Running dexopt (dex2oat) on: /system/app/Stk/Stk.apk pkg=com.android.stk isa=arm vmSafeMode=false debuggable=false oatDir = null bootComplete=false
04-10 10:35:25.571  1205  1205 I dex2oat : Starting dex2oat.
04-10 10:35:25.851  1205  1205 I dex2oat : dex2oat took 280.149ms (threads: 4) arena alloc=1685KB java alloc=212KB native alloc=2MB free=3MB
04-10 10:35:25.861   738   738 I PackageManager.DexOptimizer: Running dexopt (dex2oat) on: /system/app/HTMLViewer/HTMLViewer.apk pkg=com.android.htmlviewer isa=arm vmSafeMode=false debuggable=false oatDir = null bootComplete=false
04-10 10:35:25.915  1210  1210 I dex2oat : Starting dex2oat.
04-10 10:35:25.960  1210  1210 I dex2oat : dex2oat took 45.140ms (threads: 4) arena alloc=154KB java alloc=43KB native alloc=1275KB free=1284KB
04-10 10:35:25.967   738   738 I PackageManager.DexOptimizer: Running dexopt (dex2oat) on: /system/priv-app/DownloadProvider/DownloadProvider.apk pkg=com.android.providers.downloads isa=arm vmSafeMode=false debuggable=false oatDir = null bootComplete=false
04-10 10:35:26.029  1215  1215 I dex2oat : Starting dex2oat.
04-10 10:35:26.691  1215  1215 I dex2oat : dex2oat took 663.254ms (threads: 4) arena alloc=407KB java alloc=470KB native alloc=3MB free=1743KB
04-10 10:35:26.703   738   738 I PackageManager.DexOptimizer: Running dexopt (dex2oat) on: /system/priv-app/CarrierConfig/CarrierConfig.apk pkg=com.android.carrierconfig isa=arm vmSafeMode=false debuggable=false oatDir = null bootComplete=false
04-10 10:35:26.762  1220  1220 I dex2oat : Starting dex2oat.
04-10 10:35:26.797  1225  1225 F libc    : page record for 0xb6f8d01c was not found (block_size=16)
04-10 10:35:26.816  1220  1220 I dex2oat : dex2oat took 55.050ms (threads: 4) arena alloc=103KB java alloc=40KB native alloc=1068KB free=979KB
04-10 10:35:26.821   738   738 I PackageManager.DexOptimizer: Running dexopt (dex2oat) on: /system/app/Provision/Provision.apk pkg=com.android.provision isa=arm vmSafeMode=false debuggable=false oatDir = null bootComplete=false
04-10 10:35:26.880  1226  1226 I dex2oat : Starting dex2oat.
04-10 10:35:26.921  1226  1226 I dex2oat : dex2oat took 41.421ms (threads: 4) arena alloc=78KB java alloc=36KB native alloc=915KB free=876KB
04-10 10:35:26.927   738   738 I PackageManager.DexOptimizer: Running dexopt (dex2oat) on: /system/app/PacProcessor/PacProcessor.apk pkg=com.android.pacprocessor isa=arm vmSafeMode=false debuggable=false oatDir = null bootComplete=false
04-10 10:35:26.984  1231  1231 I dex2oat : Starting dex2oat.
04-10 10:35:27.030  1231  1231 I dex2oat : dex2oat took 47.345ms (threads: 4) arena alloc=91KB java alloc=33KB native alloc=1500KB free=1315KB
04-10 10:35:27.037   738   738 I PackageManager.DexOptimizer: Running dexopt (dex2oat) on: /system/app/CertInstaller/CertInstaller.apk pkg=com.android.certinstaller isa=arm vmSafeMode=false debuggable=false oatDir = null bootComplete=false
04-10 10:35:27.094  1236  1236 I dex2oat : Starting dex2oat.
04-10 10:35:27.106   192   352 I [MALI][Gralloc]: usage: 0xf02, format: 1 stride: 816 vertical_stride: 460 size: 1501440
04-10 10:35:27.117   192  1008 I [MALI][Gralloc]: usage: 0xf02, format: 1 stride: 816 vertical_stride: 460 size: 1501440
04-10 10:35:27.134   192   350 I [MALI][Gralloc]: usage: 0xf02, format: 1 stride: 816 vertical_stride: 460 size: 1501440
04-10 10:35:27.211  1236  1236 I dex2oat : dex2oat took 117.619ms (threads: 4) arena alloc=369KB java alloc=155KB native alloc=1976KB free=1863KB
04-10 10:35:27.222   738   738 I PackageManager.DexOptimizer: Running dexopt (dex2oat) on: /system/priv-app/CellBroadcastReceiver/CellBroadcastReceiver.apk pkg=com.android.cellbroadcastreceiver isa=arm vmSafeMode=false debuggable=false oatDir = null bootComplete=false
04-10 10:35:27.280  1241  1241 I dex2oat : Starting dex2oat.
04-10 10:35:27.283   192  1008 I [MALI][Gralloc]: usage: 0xf02, format: 1 stride: 816 vertical_stride: 430 size: 1403520
04-10 10:35:27.291   192   985 I [MALI][Gralloc]: usage: 0xf02, format: 1 stride: 816 vertical_stride: 430 size: 1403520
04-10 10:35:27.311   192   350 I [MALI][Gralloc]: usage: 0xf02, format: 1 stride: 816 vertical_stride: 430 size: 1403520
04-10 10:35:27.481  1241  1241 I dex2oat : dex2oat took 202.089ms (threads: 4) arena alloc=1450KB java alloc=296KB native alloc=2MB free=2MB
04-10 10:35:27.493   738   738 I PackageManager.DexOptimizer: Running dexopt (dex2oat) on: /system/app/Exchange2/Exchange2.apk pkg=com.android.exchange isa=arm vmSafeMode=false debuggable=false oatDir = null bootComplete=false
04-10 10:35:27.549  1246  1246 I dex2oat : Starting dex2oat.
04-10 10:35:29.783  1246  1249 W dex2oat : No verified method for method calling String.<init>: java.lang.String java.io.ByteArrayOutputStream.toString(java.lang.String)
04-10 10:35:31.811  1252  1252 F libc    : page record for 0xb6f5801c was not found (block_size=16)
04-10 10:35:32.923  1246  1246 I dex2oat : dex2oat took 5.375s (threads: 4) arena alloc=2MB java alloc=3MB native alloc=12MB free=2MB
04-10 10:35:32.945   738   738 I PackageManager.DexOptimizer: Running dexopt (dex2oat) on: /system/app/messaging/messaging.apk pkg=com.android.messaging isa=arm vmSafeMode=false debuggable=false oatDir = null bootComplete=false
04-10 10:35:33.002  1253  1253 I dex2oat : Starting dex2oat.
04-10 10:35:33.381  1253  1257 W dex2oat : Before Android 4.1, method int android.support.v7.internal.widget.E.lookForSelectablePosition(int, boolean) would have incorrectly overridden the package-private method in android.widget.ListView
04-10 10:35:36.836  1258  1258 F libc    : page record for 0xb6f8401c was not found (block_size=16)
04-10 10:35:38.328  1253  1257 W dex2oat : No verified method for method calling String.<init>: java.lang.String android.text.SpannableStringBuilder.toString()
04-10 10:35:38.647  1253  1255 W dex2oat : Compilation of com.google.i18n.phonenumbers.PhoneNumberUtil com.google.i18n.phonenumbers.PhoneNumberUtil.pZ() took 193.413ms
04-10 10:35:39.906  1253  1253 I dex2oat : dex2oat took 6.905s (threads: 4) arena alloc=7MB java alloc=4MB native alloc=19MB free=7MB
04-10 10:35:39.928   738   738 I PackageManager.DexOptimizer: Running dexopt (dex2oat) on: /system/priv-app/AudioFX/AudioFX.apk pkg=org.cyanogenmod.audiofx isa=arm vmSafeMode=false debuggable=false oatDir = null bootComplete=false
04-10 10:35:39.988  1259  1259 I dex2oat : Starting dex2oat.
04-10 10:35:40.217  1259  1259 I dex2oat : dex2oat took 230.333ms (threads: 4) arena alloc=2MB java alloc=273KB native alloc=3MB free=3MB
04-10 10:35:40.229   738   738 I PackageManager.DexOptimizer: Running dexopt (dex2oat) on: /system/app/SoundRecorder/SoundRecorder.apk pkg=com.android.soundrecorder isa=arm vmSafeMode=false debuggable=false oatDir = null bootComplete=false
04-10 10:35:40.286  1264  1264 I dex2oat : Starting dex2oat.
04-10 10:35:40.393  1264  1264 I dex2oat : dex2oat took 107.668ms (threads: 4) arena alloc=660KB java alloc=91KB native alloc=1616KB free=1711KB
04-10 10:35:40.398   738   738 I PackageManager.DexOptimizer: Running dexopt (dex2oat) on: /system/app/WAPPushManager/WAPPushManager.apk pkg=com.android.smspush isa=arm vmSafeMode=false debuggable=false oatDir = null bootComplete=false
04-10 10:35:40.458  1269  1269 I dex2oat : Starting dex2oat.
04-10 10:35:40.565  1269  1269 I dex2oat : dex2oat took 108.085ms (threads: 4) arena alloc=504KB java alloc=131KB native alloc=1690KB free=1637KB
04-10 10:35:40.573   738   738 I PackageManager.DexOptimizer: Running dexopt (dex2oat) on: /system/app/UserDictionaryProvider/UserDictionaryProvider.apk pkg=com.android.providers.userdictionary isa=arm vmSafeMode=false debuggable=false oatDir = null bootComplete=false
04-10 10:35:40.628  1274  1274 I dex2oat : Starting dex2oat.
04-10 10:35:40.699  1274  1274 I dex2oat : dex2oat took 71.942ms (threads: 4) arena alloc=407KB java alloc=76KB native alloc=1618KB free=1709KB
04-10 10:35:40.706   738   738 I PackageManager.DexOptimizer: Running dexopt (dex2oat) on: /system/app/BasicDreams/BasicDreams.apk pkg=com.android.dreams.basic isa=arm vmSafeMode=false debuggable=false oatDir = null bootComplete=false
04-10 10:35:40.765  1279  1279 I dex2oat : Starting dex2oat.
04-10 10:35:40.831  1279  1279 I dex2oat : dex2oat took 66.928ms (threads: 4) arena alloc=292KB java alloc=79KB native alloc=1629KB free=1442KB
04-10 10:35:40.838   738   738 I PackageManager.DexOptimizer: Running dexopt (dex2oat) on: /system/app/CaptivePortalLogin/CaptivePortalLogin.apk pkg=com.android.captiveportallogin isa=arm vmSafeMode=false debuggable=false oatDir = null bootComplete=false
04-10 10:35:40.894  1284  1284 I dex2oat : Starting dex2oat.
04-10 10:35:40.960  1284  1284 I dex2oat : dex2oat took 66.865ms (threads: 4) arena alloc=322KB java alloc=92KB native alloc=1461KB free=1866KB
04-10 10:35:40.968   738   738 I PackageManager.DexOptimizer: Running dexopt (dex2oat) on: /system/app/Bluetooth/Bluetooth.apk pkg=com.android.bluetooth isa=arm vmSafeMode=false debuggable=false oatDir = null bootComplete=false
04-10 10:35:41.025  1289  1289 I dex2oat : Starting dex2oat.
04-10 10:35:41.849  1294  1294 F libc    : page record for 0xb6f4301c was not found (block_size=16)
04-10 10:35:44.782  1289  1292 W dex2oat : Compilation of void com.android.bluetooth.avrcp.Avrcp.processGetFolderItemsInternal(byte, long, long, int, byte, int[], java.lang.String) took 139.491ms
04-10 10:35:46.864  1295  1295 F libc    : page record for 0xb6eda01c was not found (block_size=16)
04-10 10:35:46.870  1289  1291 I dex2oat : Skipping compilation of com.android.vcard.VCardEntry$PostalData com.android.vcard.VCardEntry$PostalData.constructPostalData(java.util.List, int, java.lang.String, boolean, int): it contains a non natural loop
04-10 10:35:46.944  1289  1291 W dex2oat : No verified method for method calling String.<init>: java.lang.String android.text.SpannableStringBuilder.toString()
04-10 10:35:47.322  1289  1291 I dex2oat : Skipping compilation of java.util.List com.google.common.collect.Ordering.leastOf(java.util.Iterator, int): it contains a non natural loop
04-10 10:35:51.636  1289  1289 I dex2oat : dex2oat took 10.612s (threads: 4) arena alloc=3MB java alloc=4MB native alloc=22MB free=4MB
04-10 10:35:51.659   738   738 I PackageManager.DexOptimizer: Running dexopt (dex2oat) on: /system/app/DocumentsUI/DocumentsUI.apk pkg=com.android.documentsui isa=arm vmSafeMode=false debuggable=false oatDir = null bootComplete=false
04-10 10:35:51.714  1296  1296 I dex2oat : Starting dex2oat.
04-10 10:35:51.886  1301  1301 F libc    : page record for 0xb6ed601c was not found (block_size=16)
04-10 10:35:52.709  1296  1296 I dex2oat : dex2oat took 996.338ms (threads: 4) arena alloc=1157KB java alloc=795KB native alloc=4MB free=1728KB
04-10 10:35:52.723   738   738 I PackageManager.DexOptimizer: Running dexopt (dex2oat) on: /system/priv-app/Snap/Snap.apk pkg=org.cyanogenmod.snap isa=arm vmSafeMode=false debuggable=false oatDir = null bootComplete=false
04-10 10:35:52.778  1302  1302 I dex2oat : Starting dex2oat.
04-10 10:35:54.720  1302  1302 I dex2oat : dex2oat took 1.943s (threads: 4) arena alloc=3MB java alloc=1345KB native alloc=7MB free=2MB
04-10 10:35:54.736   738   738 I PackageManager.DexOptimizer: Running dexopt (dex2oat) on: /system/priv-app/FMRadio/FMRadio.apk pkg=com.android.fmradio isa=arm vmSafeMode=false debuggable=false oatDir = null bootComplete=false
04-10 10:35:54.791  1307  1307 I dex2oat : Starting dex2oat.
04-10 10:35:55.157  1307  1307 I dex2oat : dex2oat took 367.167ms (threads: 4) arena alloc=1074KB java alloc=344KB native alloc=2MB free=2MB
04-10 10:35:55.164   738   738 I SystemServer: LockSettingsService
04-10 10:35:55.169   738   738 I SystemServiceManager: Starting com.android.server.DeviceIdleController
04-10 10:35:55.175   738   738 I SystemServiceManager: Starting com.android.server.devicepolicy.DevicePolicyManagerService$Lifecycle
04-10 10:35:55.182   738   738 I SystemServer: Status Bar
04-10 10:35:55.185   738   738 I SystemServer: Clipboard Service
04-10 10:35:55.187   738   738 I SystemServer: NetworkManagement Service
04-10 10:35:55.195   738   738 I SystemServer: Text Service Manager Service
04-10 10:35:55.206   738   738 I SystemServer: Network Score Service
04-10 10:35:55.207   738   738 I SystemServer: NetworkStats Service
04-10 10:35:55.216   738   738 I SystemServer: NetworkPolicy Service
04-10 10:35:55.219   192   985 I [MALI][Gralloc]: usage: 0xf02, format: 1 stride: 816 vertical_stride: 424 size: 1383936
04-10 10:35:55.226   738   738 I SystemServiceManager: Starting com.android.server.wifi.p2p.WifiP2pService
04-10 10:35:55.229   192   352 I [MALI][Gralloc]: usage: 0xf02, format: 1 stride: 816 vertical_stride: 424 size: 1383936
04-10 10:35:55.248   192   352 I [MALI][Gralloc]: usage: 0xf02, format: 1 stride: 816 vertical_stride: 424 size: 1383936
04-10 10:35:55.256   738   738 I WifiP2pService: Registering wifip2p
04-10 10:35:55.258   738   738 I SystemServiceManager: Starting com.android.server.wifi.WifiService
04-10 10:35:55.441   738   738 D HS20    : Passpoint is enabled, false
04-10 10:35:55.457   738   738 D WifiController: isAirplaneModeOn = false, isWifiEnabled = false, isScanningAvailable = false
04-10 10:35:55.459   738   738 I WifiService: Registering wifi
04-10 10:35:55.461   738   738 I SystemServiceManager: Starting com.android.server.wifi.WifiScanningService
04-10 10:35:55.462   738   738 I WifiScanningService: Creating wifiscanner
04-10 10:35:55.462   738   738 I WifiScanningService: Starting wifiscanner
04-10 10:35:55.464   738   738 I SystemServiceManager: Starting com.android.server.wifi.RttService
04-10 10:35:55.464   738   738 I RttService: Creating rttmanager
04-10 10:35:55.465   738   738 I RttService: Starting rttmanager
04-10 10:35:55.467   738   738 I SystemServiceManager: Starting com.android.server.ethernet.EthernetService
04-10 10:35:55.470   738   738 I EthernetServiceImpl: Creating EthernetConfigStore
04-10 10:35:55.471   738   738 E IpConfigStore: Error parsing configuration: java.io.FileNotFoundException: /data/misc/ethernet/ipconfig.txt: open failed: ENOENT (No such file or directory)
04-10 10:35:55.471   738   738 W EthernetConfigStore: No Ethernet configuration found. Using default.
04-10 10:35:55.471   738   738 I EthernetServiceImpl: Read stored IP configuration: IP assignment: DHCP
04-10 10:35:55.471   738   738 I EthernetServiceImpl: Proxy settings: NONE
04-10 10:35:55.472   738   738 I EthernetService: Registering service ethernet
04-10 10:35:55.473   738   738 I SystemServer: Connectivity Service
04-10 10:35:55.477   738   738 D ConnectivityService: ConnectivityService starting up
04-10 10:35:55.484   738   738 D ConnectivityService: wifiOnly=false
04-10 10:35:55.484   738   738 E ConnectivityService: Error in networkAttributes - ignoring attempt to define type 34
04-10 10:35:55.484   738   738 E ConnectivityService: Error in networkAttributes - ignoring attempt to define type 35
04-10 10:35:55.484   738   738 E ConnectivityService: Error in networkAttributes - ignoring attempt to define type 36
04-10 10:35:55.484   738   738 E ConnectivityService: Error in networkAttributes - ignoring attempt to define type 37
04-10 10:35:55.484   738   738 E ConnectivityService: Error in networkAttributes - ignoring attempt to define type 38
04-10 10:35:55.484   738   738 E ConnectivityService: Error in networkAttributes - ignoring attempt to define type 40
04-10 10:35:55.485   738   738 E ConnectivityService: Error in networkAttributes - ignoring attempt to define type 41
04-10 10:35:55.485   738   738 E ConnectivityService: Ignoring protectedNetwork 15
04-10 10:35:55.494   738   738 I SystemServer: Network Service Discovery Service
04-10 10:35:55.498   738   738 D NsdService: Network service discovery enabled true
04-10 10:35:55.502   738   738 I SystemServer: UpdateLock Service
04-10 10:35:55.504   738   738 I SystemServiceManager: Starting com.android.server.notification.NotificationManagerService
04-10 10:35:55.530   738   738 I SystemServiceManager: Starting com.android.server.storage.DeviceStorageMonitorService
04-10 10:35:55.534   738   738 I SystemServer: Location Manager
04-10 10:35:55.538   738   738 I SystemServer: Country Detector
04-10 10:35:55.540   738   738 I SystemServer: Search Service
04-10 10:35:55.543   738   738 I SystemServer: DropBox Service
04-10 10:35:55.546   738   738 I SystemServer: Wallpaper Service
04-10 10:35:55.549   738   738 W WallpaperManagerService: no current wallpaper -- first boot?
04-10 10:35:55.550   738   738 I SystemServer: Audio Service
04-10 10:35:55.560   738   738 W TelecomManager: Telecom Service not found.
04-10 10:35:55.561   207   720 D PermissionCache: checking android.permission.MODIFY_AUDIO_SETTINGS for uid=1000 => granted (981 us)
04-10 10:35:55.564   207   715 D AudioALSAStreamOut: latency(), flags 2, return 21
04-10 10:35:55.565   207   717 D AudioALSAStreamOut: latency(), flags 4, return 10
04-10 10:35:55.565   207   715 E AudioFlinger: no wake lock to update!
04-10 10:35:55.565   207   717 E AudioFlinger: no wake lock to update!
04-10 10:35:55.566   207   720 D AudioALSAStreamManager: setMicMute(), mMicMute: 0 => 0
04-10 10:35:55.566   207   720 D AudioALSAStreamManager: +SetInputMute(), 0
04-10 10:35:55.566   207   720 D AudioALSAStreamManager: -SetInputMute(), 0
04-10 10:35:55.590   207   207 I mediaserver: type=1400 audit(0.0:62): avc: denied { block_suspend } for capability=36 scontext=u:r:mediaserver:s0 tcontext=u:r:mediaserver:s0 tclass=capability2 permissive=1
04-10 10:35:55.598   207   711 D AudioALSAHardware: setVoiceVolume(), volume = 0.800000, mUseTuningVolume = 0
04-10 10:35:55.598   207   711 D AudioALSAStreamManager: setVoiceVolume(), volume = 0.630957
04-10 10:35:55.598   207   711 D AudioALSAVolumeController: +setVoiceVolume(), v=0.630957, mode=0x0, device=0x2
04-10 10:35:55.598   207   711 D AudioALSAVolumeController: GetDRCVersion DrcSpeechModeBits = 4 device= 0x2 mSpeechDrcType = 0x0 Sph_Drc_Version = 0x0
04-10 10:35:55.598   207   711 D AudioALSAVolumeController: DRC_VERSION_1
04-10 10:35:55.606   738   738 I SystemServiceManager: Starting com.android.server.DockObserver
04-10 10:35:55.608   738   738 W DockObserver: This kernel does not have dock station support
04-10 10:35:55.610   738   738 I SystemServer: Wired Accessory Manager
04-10 10:35:55.613   738   738 W WiredAccessoryManager: This kernel does not have usb audio support
04-10 10:35:55.613   738   738 W WiredAccessoryManager: This kernel does not have HDMI audio support
04-10 10:35:55.613   738   738 I SystemServiceManager: Starting com.android.server.usb.UsbService$Lifecycle
04-10 10:35:55.627   738   738 I SystemServer: Serial Service
04-10 10:35:55.628   738   738 I SystemServiceManager: Starting com.android.server.twilight.TwilightService
04-10 10:35:55.633   738   738 I SystemServiceManager: Starting com.android.server.job.JobSchedulerService
04-10 10:35:55.646   738   738 I SystemServiceManager: Starting com.android.server.backup.BackupManagerService$Lifecycle
04-10 10:35:55.648   738   738 I SystemServiceManager: Starting com.android.server.appwidget.AppWidgetService
04-10 10:35:55.652   738   738 I SystemServiceManager: Starting com.android.server.voiceinteraction.VoiceInteractionManagerService
04-10 10:35:55.653   738  1316 D WifiApConfigStore: 2G band allowed channels are:1,6,11
04-10 10:35:55.654   207   720 D PermissionCache: checking android.permission.CAPTURE_AUDIO_HOTWORD for uid=1000 => granted (230 us)
04-10 10:35:55.654   738   738 W SoundTriggerHelper: listModules status=0, # of modules=0
04-10 10:35:55.657   738   738 I SystemServer: Gesture Launcher Service
04-10 10:35:55.657   738   738 I SystemServiceManager: Starting com.android.server.GestureLauncherService
04-10 10:35:55.658   738   738 I SystemServer: DiskStats Service
04-10 10:35:55.659   738   738 I SystemServer: SamplingProfiler Service
04-10 10:35:55.668   738   738 I SystemServer: NetworkTimeUpdateService
04-10 10:35:55.669   738   738 I SystemServer: CommonTimeManagementService
04-10 10:35:55.671   738   738 I SystemServer: CertBlacklister
04-10 10:35:55.673   738   738 I SystemServiceManager: Starting com.android.server.dreams.DreamManagerService
04-10 10:35:55.677   738   738 I SystemServiceManager: Starting com.android.server.print.PrintManagerService
04-10 10:35:55.683   738   738 I SystemServiceManager: Starting com.android.server.restrictions.RestrictionsManagerService
04-10 10:35:55.685   738   738 I SystemServiceManager: Starting com.android.server.media.MediaSessionService
04-10 10:35:55.688   738   738 I SystemServer: Media Router Service
04-10 10:35:55.690   738   738 I SystemServiceManager: Starting com.android.server.trust.TrustManagerService
04-10 10:35:55.693   738   738 I SystemServiceManager: Starting com.android.server.fingerprint.FingerprintService
04-10 10:35:55.700   738   738 W FingerprintService: fingerprint service not available
04-10 10:35:55.700   738   738 V FingerprintService: Fingerprint HAL id: 0
04-10 10:35:55.701   738   738 I SystemServer: BackgroundDexOptService
04-10 10:35:55.705   738   738 I SystemServiceManager: Starting com.android.server.pm.LauncherAppsService
04-10 10:35:55.707   738   738 I SystemServiceManager: Starting com.android.server.media.projection.MediaProjectionManagerService
04-10 10:35:55.717   738   738 I WindowManager: SAFE MODE not enabled
04-10 10:35:55.721   738   738 I SystemServiceManager: Starting com.android.server.MmsServiceBroker
04-10 10:35:55.772   738   738 E SQLiteLog: (1) no such table: locksettings
04-10 10:35:55.783   738   738 I LockSettingsService: Migrated lock settings to new location
04-10 10:35:55.790   738   738 I LockSettingsService: Migrated per-user lock settings to new location
04-10 10:35:55.801   738   738 I LockSettingsService: Migrated biometric weak to use the fallback instead
04-10 10:35:55.807   738   738 I LockSettingsService: Migrated lockscreen disabled flag
04-10 10:35:55.811   738   738 E LockSettingsStorage: Cannot read file java.io.FileNotFoundException: /data/system/gatekeeper.password.key: open failed: ENOENT (No such file or directory)
04-10 10:35:55.812   738   738 E LockSettingsStorage: Cannot read file java.io.FileNotFoundException: /data/system/password.key: open failed: ENOENT (No such file or directory)
04-10 10:35:55.812   738   738 E LockSettingsStorage: Cannot read file java.io.FileNotFoundException: /data/system/gatekeeper.pattern.key: open failed: ENOENT (No such file or directory)
04-10 10:35:55.813   738   738 E LockSettingsStorage: Cannot read file java.io.FileNotFoundException: /data/system/gatekeeper.gesture.key: open failed: ENOENT (No such file or directory)
04-10 10:35:55.813   738   738 E LockSettingsStorage: Cannot read file java.io.FileNotFoundException: /data/system/gesture.key: open failed: ENOENT (No such file or directory)
04-10 10:35:55.813   738   738 I SystemServiceManager: Starting phase 480
04-10 10:35:55.818   738   738 I SystemServiceManager: Starting phase 500
04-10 10:35:55.820   738   738 D BluetoothService: onBootPhase: PHASE_SYSTEM_SERVICES_READY
04-10 10:35:55.820   738   738 D BluetoothManagerService: Bluetooth boot completed
04-10 10:35:55.820   738   738 D BluetoothManagerService: Retrieving Bluetooth Adapter name and address...
04-10 10:35:55.820   738   738 D BluetoothManagerService: getNameAndAddress(): mBluetooth = null mBinding = false
04-10 10:35:55.821   738   775 D BluetoothManagerService: Message: 200
04-10 10:35:55.821   738   775 D BluetoothManagerService: MESSAGE_GET_NAME_AND_ADDRESS
04-10 10:35:55.821   738   775 D BluetoothManagerService: Binding to service to get name and address
04-10 10:35:55.829   738   738 I WifiService: WifiService starting up with Wi-Fi disabled
04-10 10:35:55.839   738  1317 D WifiService: New client listening to asynchronous messages
04-10 10:35:55.843   738   738 I WifiScanningService: Registering wifiscanner
04-10 10:35:55.848   738   738 I RttService: Registering rttmanager
04-10 10:35:55.850   738   738 I EthernetServiceImpl: Starting Ethernet service
04-10 10:35:55.854   738   738 D Ethernet: Registering NetworkFactory
04-10 10:35:55.855   738  1318 D ConnectivityService: Got NetworkFactory Messenger for Ethernet
04-10 10:35:55.856   738  1332 D Ethernet: got request NetworkRequest [ id=1, legacyType=-1, [ Capabilities: INTERNET&NOT_RESTRICTED&TRUSTED&NOT_VPN] ] with score 0
04-10 10:35:55.888   738   738 I SELinux : SELinux: Loaded file_contexts contexts from /file_contexts.
04-10 10:35:55.892   738   738 V BackupManagerService: No ancestral data
04-10 10:35:55.920   738   738 V KeyValueBackupJob: Scheduling k/v pass in 247 minutes
04-10 10:35:55.940   738   738 V BackupManagerService: Starting with transport com.google.android.backup/.BackupTransportService
04-10 10:35:55.941   738   738 V BackupManagerService: Found transports: 1
04-10 10:35:55.941   738   738 W BackupManagerService: Proposed transport ComponentInfo{android/com.android.internal.backup.LocalTransportService} not whitelisted; ignoring
04-10 10:35:55.970   584   584 I vold    : type=1400 audit(0.0:63): avc: denied { read } for name="mtktz" dev="proc" ino=4026533549 scontext=u:r:vold:s0 tcontext=u:object_r:proc_mtktz:s0 tclass=dir permissive=1
04-10 10:35:55.970   584   584 I vold    : type=1400 audit(0.0:64): avc: denied { open } for path="/proc/mtktz" dev="proc" ino=4026533549 scontext=u:r:vold:s0 tcontext=u:object_r:proc_mtktz:s0 tclass=dir permissive=1
04-10 10:35:55.970   584   584 I vold    : type=1400 audit(0.0:65): avc: denied { read } for name="mtkcooler" dev="proc" ino=4026533548 scontext=u:r:vold:s0 tcontext=u:object_r:proc_mtkcooler:s0 tclass=dir permissive=1
04-10 10:35:55.970   584   584 I vold    : type=1400 audit(0.0:66): avc: denied { open } for path="/proc/mtkcooler" dev="proc" ino=4026533548 scontext=u:r:vold:s0 tcontext=u:object_r:proc_mtkcooler:s0 tclass=dir permissive=1
04-10 10:35:55.970   738   738 I DefaultPermGrantPolicy: Granting permissions to platform components for user 0
04-10 10:35:55.972   738   738 D VoldConnector: SND -> {4 volume remount_uid 1000 none}
04-10 10:35:55.973   180   584 D VoldCmdListener: volume remount_uid 1000 none
04-10 10:35:55.973   180   584 D vold    : Remounting 1000 as mode none
04-10 10:35:55.982   180   584 D vold    : Found matching PID 191
04-10 10:35:55.982   180   584 W vold    : Skipping due to root namespace
04-10 10:35:55.982   180   584 D vold    : Found matching PID 192
04-10 10:35:55.982   180   584 W vold    : Skipping due to root namespace
04-10 10:35:55.983   180   584 D vold    : Found matching PID 195
04-10 10:35:55.983   180   584 W vold    : Skipping due to root namespace
04-10 10:35:55.983   180   584 D vold    : Found matching PID 213
04-10 10:35:55.983   738   778 W KeyguardServiceDelegate: onScreenTurningOn(): no keyguard service!
04-10 10:35:55.983   180   584 W vold    : Skipping due to root namespace
04-10 10:35:55.983   180   584 D vold    : Found matching PID 214
04-10 10:35:55.984   180   584 W vold    : Skipping due to root namespace
04-10 10:35:55.984   180   584 D vold    : Found matching PID 215
04-10 10:35:55.984   180   584 W vold    : Skipping due to root namespace
04-10 10:35:55.984   180   584 D vold    : Found matching PID 319
04-10 10:35:55.984   180   584 W vold    : Skipping due to root namespace
04-10 10:35:55.984   180   584 D vold    : Found matching PID 320
04-10 10:35:55.985   180   584 W vold    : Skipping due to root namespace
04-10 10:35:55.985   180   584 D vold    : Found matching PID 321
04-10 10:35:55.985   180   584 W vold    : Skipping due to root namespace
04-10 10:35:55.985   180   584 D vold    : Found matching PID 325
04-10 10:35:55.985   180   584 W vold    : Skipping due to root namespace
04-10 10:35:55.985   180   584 D vold    : Found matching PID 326
04-10 10:35:55.985   180   584 W vold    : Skipping due to root namespace
04-10 10:35:55.985   180   584 D vold    : Found matching PID 328
04-10 10:35:55.985   180   584 W vold    : Skipping due to root namespace
04-10 10:35:55.986   180   584 D vold    : Found matching PID 329
04-10 10:35:55.986   180   584 W vold    : Skipping due to root namespace
04-10 10:35:55.986   180   584 D vold    : Found matching PID 340
04-10 10:35:55.986   738   778 D Sensors : activate handle =4, enable = 1
04-10 10:35:55.986   738   778 E Sensors : handleToDriver handle(4)
04-10 10:35:55.986   738   778 D Sensors : use new sensor index=5, mSensors[index](a1806c00)
04-10 10:35:55.986   180   584 W vold    : Skipping due to root namespace
04-10 10:35:55.986   738   778 D LIGHT   : ALS enable: handle:4, en:1 
04-10 10:35:55.986   738   778 D LIGHT   : path:/sys/class/misc/m_alsps_misc/alsactive 
04-10 10:35:55.986   180   584 D vold    : Found matching PID 344
04-10 10:35:55.986   180   584 W vold    : Skipping due to root namespace
04-10 10:35:55.987   180   584 D vold    : Found matching PID 738
04-10 10:35:55.988   738   778 D LIGHT   : ACC enable(1) done
04-10 10:35:55.988   738   778 E Sensors : handleToDriver handle(4)
04-10 10:35:55.988   738   778 D LIGHT   : setDelay: (handle=4, ns=250000000)
04-10 10:35:55.988   738   778 E Sensors : new setDelay handle(4),ns(250000000)m, error(0), index(5)
04-10 10:35:55.988   738   778 E Sensors : handleToDriver handle(4)
04-10 10:35:55.988   738   778 D LIGHT   : setDelay: (handle=4, ns=250000000)
04-10 10:35:55.988   738   778 E Sensors : new setDelay handle(4),ns(250000000)m, error(0), index(5)
04-10 10:35:56.053   738   987 D VoldConnector: RCV <- {200 4 Command succeeded}
04-10 10:35:56.054   738   738 D VoldConnector: SND -> {5 volume remount_uid 1000 none}
04-10 10:35:56.055   180   584 D VoldCmdListener: volume remount_uid 1000 none
04-10 10:35:56.055   180   584 D vold    : Remounting 1000 as mode none
04-10 10:35:56.066   180   584 D vold    : Found matching PID 191
04-10 10:35:56.066   180   584 W vold    : Skipping due to root namespace
04-10 10:35:56.066   180   584 D vold    : Found matching PID 192
04-10 10:35:56.067   180   584 W vold    : Skipping due to root namespace
04-10 10:35:56.067   180   584 D vold    : Found matching PID 195
04-10 10:35:56.067   180   584 W vold    : Skipping due to root namespace
04-10 10:35:56.067   180   584 D vold    : Found matching PID 213
04-10 10:35:56.067   180   584 W vold    : Skipping due to root namespace
04-10 10:35:56.067   180   584 D vold    : Found matching PID 214
04-10 10:35:56.067   180   584 W vold    : Skipping due to root namespace
04-10 10:35:56.067   180   584 D vold    : Found matching PID 215
04-10 10:35:56.067   180   584 W vold    : Skipping due to root namespace
04-10 10:35:56.068   180   584 D vold    : Found matching PID 319
04-10 10:35:56.068   180   584 W vold    : Skipping due to root namespace
04-10 10:35:56.068   180   584 D vold    : Found matching PID 320
04-10 10:35:56.068   180   584 W vold    : Skipping due to root namespace
04-10 10:35:56.068   180   584 D vold    : Found matching PID 321
04-10 10:35:56.068   180   584 W vold    : Skipping due to root namespace
04-10 10:35:56.068   180   584 D vold    : Found matching PID 325
04-10 10:35:56.068   180   584 W vold    : Skipping due to root namespace
04-10 10:35:56.068   180   584 D vold    : Found matching PID 326
04-10 10:35:56.068   180   584 W vold    : Skipping due to root namespace
04-10 10:35:56.068   180   584 D vold    : Found matching PID 328
04-10 10:35:56.068   180   584 W vold    : Skipping due to root namespace
04-10 10:35:56.069   180   584 D vold    : Found matching PID 329
04-10 10:35:56.069   180   584 W vold    : Skipping due to root namespace
04-10 10:35:56.069   180   584 D vold    : Found matching PID 340
04-10 10:35:56.069   180   584 W vold    : Skipping due to root namespace
04-10 10:35:56.069   180   584 D vold    : Found matching PID 344
04-10 10:35:56.069   180   584 W vold    : Skipping due to root namespace
04-10 10:35:56.069   180   584 D vold    : Found matching PID 738
04-10 10:35:56.073   738   987 D VoldConnector: RCV <- {200 5 Command succeeded}
04-10 10:35:56.074   738   738 D VoldConnector: SND -> {6 volume remount_uid 1001 none}
04-10 10:35:56.075   180   584 D VoldCmdListener: volume remount_uid 1001 none
04-10 10:35:56.075   180   584 D vold    : Remounting 1001 as mode none
04-10 10:35:56.084   180   584 D vold    : Found matching PID 412
04-10 10:35:56.084   180   584 W vold    : Skipping due to root namespace
04-10 10:35:56.084   180   584 D vold    : Found matching PID 531
04-10 10:35:56.085   180   584 W vold    : Skipping due to root namespace
04-10 10:35:56.085   738   987 D VoldConnector: RCV <- {200 6 Command succeeded}
04-10 10:35:56.086   738   738 D VoldConnector: SND -> {7 volume remount_uid 1001 none}
04-10 10:35:56.086   180   584 D VoldCmdListener: volume remount_uid 1001 none
04-10 10:35:56.086   180   584 D vold    : Remounting 1001 as mode none
04-10 10:35:56.095   180   584 D vold    : Found matching PID 412
04-10 10:35:56.096   180   584 W vold    : Skipping due to root namespace
04-10 10:35:56.096   180   584 D vold    : Found matching PID 531
04-10 10:35:56.096   180   584 W vold    : Skipping due to root namespace
04-10 10:35:56.097   738   987 D VoldConnector: RCV <- {200 7 Command succeeded}
04-10 10:35:56.100   738   738 D VoldConnector: SND -> {8 volume remount_uid 2000 none}
04-10 10:35:56.101   180   584 D VoldCmdListener: volume remount_uid 2000 none
04-10 10:35:56.101   180   584 D vold    : Remounting 2000 as mode none
04-10 10:35:56.108   180   584 D vold    : Found matching PID 202
04-10 10:35:56.108   180   584 W vold    : Skipping due to root namespace
04-10 10:35:56.108   180   584 D vold    : Found matching PID 210
04-10 10:35:56.108   180   584 W vold    : Skipping due to root namespace
04-10 10:35:56.109   180   584 D vold    : Found matching PID 211
04-10 10:35:56.109   180   584 W vold    : Skipping due to root namespace
04-10 10:35:56.109   180   584 D vold    : Found matching PID 327
04-10 10:35:56.109   180   584 W vold    : Skipping due to root namespace
04-10 10:35:56.109   180   584 D vold    : Found matching PID 346
04-10 10:35:56.109   180   584 W vold    : Skipping due to root namespace
04-10 10:35:56.109   180   584 D vold    : Found matching PID 411
04-10 10:35:56.110   180   584 W vold    : Skipping due to root namespace
04-10 10:35:56.110   738   987 D VoldConnector: RCV <- {200 8 Command succeeded}
04-10 10:35:56.111   738   738 D VoldConnector: SND -> {9 volume remount_uid 2000 none}
04-10 10:35:56.113   180   584 D VoldCmdListener: volume remount_uid 2000 none
04-10 10:35:56.113   180   584 D vold    : Remounting 2000 as mode none
04-10 10:35:56.120   180   584 D vold    : Found matching PID 202
04-10 10:35:56.120   180   584 W vold    : Skipping due to root namespace
04-10 10:35:56.120   180   584 D vold    : Found matching PID 210
04-10 10:35:56.120   180   584 W vold    : Skipping due to root namespace
04-10 10:35:56.120   180   584 D vold    : Found matching PID 211
04-10 10:35:56.121   180   584 W vold    : Skipping due to root namespace
04-10 10:35:56.121   180   584 D vold    : Found matching PID 327
04-10 10:35:56.121   180   584 W vold    : Skipping due to root namespace
04-10 10:35:56.121   180   584 D vold    : Found matching PID 346
04-10 10:35:56.121   180   584 W vold    : Skipping due to root namespace
04-10 10:35:56.121   180   584 D vold    : Found matching PID 411
04-10 10:35:56.121   180   584 W vold    : Skipping due to root namespace
