04-10 10:36:04.799   207   720 I VDO_LOG : venc eFuse unsupported type (unlimited)!!
04-10 10:36:04.799   207   720 D MtkOmxVenc: [0xb1cbdc00] MtkOmxVenc::GetParameter (0x0600000F)
04-10 10:36:04.800   207   720 I VDO_LOG : [getChipName] outChipName: VAL_CHIP_NAME_MT6580
04-10 10:36:04.800   207   720 E VDO_LOG : drvb S
04-10 10:36:04.800   207   720 E VDO_LOG : drvb E
04-10 10:36:04.800   207   720 I VDO_LOG : venc eFuse unsupported type (unlimited)!!
04-10 10:36:04.800   207   720 D MtkOmxVenc: [0xb1cbdc00] MtkOmxVenc::GetParameter (0x0600000F)
04-10 10:36:04.802   207   720 I VDO_LOG : [getChipName] outChipName: VAL_CHIP_NAME_MT6580
04-10 10:36:04.802   207   720 E VDO_LOG : drvb S
04-10 10:36:04.803   207   720 E VDO_LOG : drvb E
04-10 10:36:04.803   207   720 I VDO_LOG : venc eFuse unsupported type (unlimited)!!
04-10 10:36:04.803   207   720 D MtkOmxVenc: [0xb1cbdc00] MtkOmxVenc::GetParameter (0x0600000F)
04-10 10:36:04.804   207   720 I VDO_LOG : [getChipName] outChipName: VAL_CHIP_NAME_MT6580
04-10 10:36:04.804   207   720 E VDO_LOG : drvb S
04-10 10:36:04.804   207   720 E VDO_LOG : drvb E
04-10 10:36:04.804   207   720 I VDO_LOG : venc eFuse unsupported type (unlimited)!!
04-10 10:36:04.804   207   720 D MtkOmxVenc: [0xb1cbdc00] MtkOmxVenc::GetParameter (0x0600000F)
04-10 10:36:04.805   207   720 I VDO_LOG : [getChipName] outChipName: VAL_CHIP_NAME_MT6580
04-10 10:36:04.805   207   720 E VDO_LOG : drvb S
04-10 10:36:04.805   207   720 E VDO_LOG : drvb E
04-10 10:36:04.805   207   720 I VDO_LOG : venc eFuse unsupported type (unlimited)!!
04-10 10:36:04.805   207   720 D MtkOmxVenc: [0xb1cbdc00] MtkOmxVenc::GetParameter (0x0600000F)
04-10 10:36:04.806   207   720 I VDO_LOG : [getChipName] outChipName: VAL_CHIP_NAME_MT6580
04-10 10:36:04.806   207   720 E VDO_LOG : drvb S
04-10 10:36:04.806   207   720 E VDO_LOG : drvb E
04-10 10:36:04.807   207   720 I VDO_LOG : venc eFuse unsupported type (unlimited)!!
04-10 10:36:04.807   207   720 D MtkOmxVenc: [0xb1cbdc00] MtkOmxVenc::GetParameter (0x0600000F)
04-10 10:36:04.807   207   720 I VDO_LOG : [getChipName] outChipName: VAL_CHIP_NAME_MT6580
04-10 10:36:04.807   207   720 E VDO_LOG : drvb S
04-10 10:36:04.808   207   720 E VDO_LOG : drvb E
04-10 10:36:04.808   207   720 I VDO_LOG : venc eFuse unsupported type (unlimited)!!
04-10 10:36:04.808   207   720 D MtkOmxVenc: [0xb1cbdc00] MtkOmxVenc::GetParameter (0x0600000F)
04-10 10:36:04.808   207   720 I VDO_LOG : [getChipName] outChipName: VAL_CHIP_NAME_MT6580
04-10 10:36:04.808   207   720 E VDO_LOG : drvb S
04-10 10:36:04.809   207   720 E VDO_LOG : drvb E
04-10 10:36:04.809   207   720 I VDO_LOG : venc eFuse unsupported type (unlimited)!!
04-10 10:36:04.809   207   720 D MtkOmxVenc: [0xb1cbdc00] MtkOmxVenc::GetParameter (0x0600000F)
04-10 10:36:04.810   207   720 I VDO_LOG : [getChipName] outChipName: VAL_CHIP_NAME_MT6580
04-10 10:36:04.810   207   720 E VDO_LOG : drvb S
04-10 10:36:04.810   207   720 E VDO_LOG : drvb E
04-10 10:36:04.810   207   720 I VDO_LOG : venc eFuse unsupported type (unlimited)!!
04-10 10:36:04.810   207   720 E MtkOmxVenc: [0xb1cbdc00] QueryVideoProfileLevel(5) fail, profile(1)/level(12)
04-10 10:36:04.810   207   720 D MtkOmxVenc: [0xb1cbdc00] MtkOmxVenc::GetParameter (0x06000001)
04-10 10:36:04.810   207   720 D MtkOmxVenc: [0xb1cbdc00] [GetParameter] OMX_IndexParamVideoPortFormat index = 0, color format = 2130706944
04-10 10:36:04.810   207   720 D MtkOmxVenc: [0xb1cbdc00] MtkOmxVenc::GetExtensionIndex
04-10 10:36:04.810   207   720 E MtkOmxVenc: [0xb1cbdc00] MtkOmxVenc::GetExtensionIndex Unknown parameter name: OMX.google.android.index.describeColorFormat
04-10 10:36:04.810   207   720 W ACodec  : do not know color format 0x7f000200 = 2130706944
04-10 10:36:04.810   207   720 D MtkOmxVenc: [0xb1cbdc00] MtkOmxVenc::GetParameter (0x06000001)
04-10 10:36:04.810   207   720 D MtkOmxVenc: [0xb1cbdc00] [GetParameter] OMX_IndexParamVideoPortFormat index = 1, color format = 2130708361
04-10 10:36:04.810   207   720 D MtkOmxVenc: [0xb1cbdc00] MtkOmxVenc::GetExtensionIndex
04-10 10:36:04.810   207   720 E MtkOmxVenc: [0xb1cbdc00] MtkOmxVenc::GetExtensionIndex Unknown parameter name: OMX.google.android.index.describeColorFormat
04-10 10:36:04.811   207   720 W ACodec  : do not know color format 0x7f000789 = 2130708361
04-10 10:36:04.811   207   720 D MtkOmxVenc: [0xb1cbdc00] MtkOmxVenc::GetParameter (0x06000001)
04-10 10:36:04.811   207   720 D MtkOmxVenc: [0xb1cbdc00] [GetParameter] OMX_IndexParamVideoPortFormat index = 2, color format = 2130706944
04-10 10:36:04.811   207   720 D MtkOmxVenc: [0xb1cbdc00] MtkOmxVenc::GetExtensionIndex
04-10 10:36:04.811   207   720 E MtkOmxVenc: [0xb1cbdc00] MtkOmxVenc::GetExtensionIndex Unknown parameter name: OMX.google.android.index.describeColorFormat
04-10 10:36:04.811   207   720 W ACodec  : do not know color format 0x7f000200 = 2130706944
04-10 10:36:04.811   207   720 D MtkOmxVenc: [0xb1cbdc00] MtkOmxVenc::GetParameter (0x06000001)
04-10 10:36:04.811   207   720 D MtkOmxVenc: [0xb1cbdc00] [GetParameter] OMX_IndexParamVideoPortFormat index = 3, color format = 19
04-10 10:36:04.811   207   720 D MtkOmxVenc: [0xb1cbdc00] MtkOmxVenc::GetExtensionIndex
04-10 10:36:04.811   207   720 E MtkOmxVenc: [0xb1cbdc00] MtkOmxVenc::GetExtensionIndex Unknown parameter name: OMX.google.android.index.describeColorFormat
04-10 10:36:04.811   207   720 D MtkOmxVenc: [0xb1cbdc00] MtkOmxVenc::GetParameter (0x06000001)
04-10 10:36:04.811   207   720 D MtkOmxVenc: [0xb1cbdc00] [GetParameter] OMX_IndexParamVideoPortFormat index = 4, color format = 6
04-10 10:36:04.811   207   720 D MtkOmxVenc: [0xb1cbdc00] MtkOmxVenc::GetExtensionIndex
04-10 10:36:04.811   207   720 E MtkOmxVenc: [0xb1cbdc00] MtkOmxVenc::GetExtensionIndex Unknown parameter name: OMX.google.android.index.describeColorFormat
04-10 10:36:04.811   207   720 W ACodec  : do not know color format 0x6 = 6
04-10 10:36:04.811   207   720 D MtkOmxVenc: [0xb1cbdc00] MtkOmxVenc::GetParameter (0x06000001)
04-10 10:36:04.811   207   720 D MtkOmxVenc: [0xb1cbdc00] [GetParameter] OMX_IndexParamVideoPortFormat index = 5, color format = 11
04-10 10:36:04.811   207   720 D MtkOmxVenc: [0xb1cbdc00] MtkOmxVenc::GetExtensionIndex
04-10 10:36:04.811   207   720 E MtkOmxVenc: [0xb1cbdc00] MtkOmxVenc::GetExtensionIndex Unknown parameter name: OMX.google.android.index.describeColorFormat
04-10 10:36:04.811   207   720 W ACodec  : do not know color format 0xb = 11
04-10 10:36:04.811   207   720 D MtkOmxVenc: [0xb1cbdc00] MtkOmxVenc::GetParameter (0x06000001)
04-10 10:36:04.811   207   720 D MtkOmxVenc: [0xb1cbdc00] [GetParameter] OMX_IndexParamVideoPortFormat index = 6, color format = 16
04-10 10:36:04.812   207   720 D MtkOmxVenc: [0xb1cbdc00] MtkOmxVenc::GetExtensionIndex
04-10 10:36:04.812   207   720 E MtkOmxVenc: [0xb1cbdc00] MtkOmxVenc::GetExtensionIndex Unknown parameter name: OMX.google.android.index.describeColorFormat
04-10 10:36:04.812   207   720 W ACodec  : do not know color format 0x10 = 16
04-10 10:36:04.812   207   720 D MtkOmxVenc: [0xb1cbdc00] MtkOmxVenc::GetParameter (0x06000001)
04-10 10:36:04.812   207   720 D MtkOmxVenc: [0xb1cbdc00] [GetParameter] OMX_IndexParamVideoPortFormat index = 7, color format = 2130707200
04-10 10:36:04.812   207   720 D MtkOmxVenc: [0xb1cbdc00] MtkOmxVenc::GetExtensionIndex
04-10 10:36:04.812   207   720 E MtkOmxVenc: [0xb1cbdc00] MtkOmxVenc::GetExtensionIndex Unknown parameter name: OMX.google.android.index.describeColorFormat
04-10 10:36:04.812   207   720 W ACodec  : do not know color format 0x7f000300 = 2130707200
04-10 10:36:04.812   207   720 D MtkOmxVenc: [0xb1cbdc00] MtkOmxVenc::GetParameter (0x06000001)
04-10 10:36:04.812   207   720 D MtkOmxVenc: [0xb1cbdc00] [GetParameter] OMX_IndexParamVideoPortFormat index = 8, color format = 15
04-10 10:36:04.812   207   720 D MtkOmxVenc: [0xb1cbdc00] MtkOmxVenc::GetExtensionIndex
04-10 10:36:04.812   207   720 E MtkOmxVenc: [0xb1cbdc00] MtkOmxVenc::GetExtensionIndex Unknown parameter name: OMX.google.android.index.describeColorFormat
04-10 10:36:04.812   207   720 W ACodec  : do not know color format 0xf = 15
04-10 10:36:04.812   207   720 D MtkOmxVenc: [0xb1cbdc00] MtkOmxVenc::GetParameter (0x06000001)
04-10 10:36:04.812   207   720 D MtkOmxVenc: [0xb1cbdc00] [GetParameter] OMX_IndexParamVideoPortFormat index = 9, color format = 15
04-10 10:36:04.812   207   720 D MtkOmxVenc: [0xb1cbdc00] MtkOmxVenc::GetState (mState=OMX_StateLoaded)
04-10 10:36:04.812   207   720 D MtkOmxCore: Mtk_OMX_FreeHandle
04-10 10:36:04.812   207   720 D MtkOmxVenc: [0xb1cbdc00] +MtkOmxVenc::ComponentDeInit
04-10 10:36:04.812   207  1631 D MtkOmxVenc: [0xb1cbdc00] MtkOmxVencConvertThread terminated pVenc=0xB1CBDC00
04-10 10:36:04.812   207  1629 D MtkOmxVenc: [0xb1cbdc00] MtkOmxVencThread terminated
04-10 10:36:04.813   207  1630 D MtkOmxVenc: [0xb1cbdc00] MtkOmxVencEncodeThread terminated pVenc=0xB1CBDC00
04-10 10:36:04.813   207   720 D MtkOmxVenc: [0xb1cbdc00] -MtkOmxVenc::ComponentDeInit
04-10 10:36:04.813   207   720 D MtkOmxVenc: [0xb1cbdc00] ~MtkOmxVenc this= 0xB1CBDC00
04-10 10:36:04.813   207   720 D MtkOmxMVAMgr: [0xb00bc060] remove ion MVA Map, count 0
04-10 10:36:04.813   207   720 D MtkOmxMVAMgr: [0xb00bc040] remove ion MVA Map, count 0
04-10 10:36:04.813   207   720 D MtkOmxMVAMgr: [0xb1c82fe0] remove ion MVA Map, count 0
04-10 10:36:04.813   207  1632 D MtkOmxCore: ## MtkOmxCoreCpuControlThread terminated
04-10 10:36:04.814   207   720 D MtkOmxCore: free_inst_handle dlclose(0x0xb1cc0b64), free(0x0xb1cbdc04)
04-10 10:36:04.819   738  1359 I StatusBarManagerService: registerStatusBar bar=com.android.internal.statusbar.IStatusBar$Stub$Proxy@868243c
04-10 10:36:04.856   738  1317 D WifiService: New client listening to asynchronous messages
04-10 10:36:04.926   207   720 W OMXNodeInstance: [1b:google.mpeg4.decoder] component does not support metadata mode; using fallback
04-10 10:36:04.931   207   720 W OMXNodeInstance: [1c:google.h263.decoder] component does not support metadata mode; using fallback
04-10 10:36:04.940   207   720 W OMXNodeInstance: [1d:google.h264.decoder] component does not support metadata mode; using fallback
04-10 10:36:04.956   207   720 W OMXNodeInstance: [1e:google.hevc.decoder] component does not support metadata mode; using fallback
04-10 10:36:04.981   207   720 W OMXNodeInstance: [1f:google.vp8.decoder] component does not support metadata mode; using fallback
04-10 10:36:04.988   207   720 W OMXNodeInstance: [20:google.vp9.decoder] component does not support metadata mode; using fallback
04-10 10:36:05.002   207   720 I SoftMPEG4Encoder: Construct SoftMPEG4Encoder
04-10 10:36:05.002   207   720 W ACodec  : do not know color format 0x7f000789 = 2130708361
04-10 10:36:05.018   207   720 W ACodec  : do not know color format 0x7f000789 = 2130708361
04-10 10:36:05.022   207   720 I SoftMPEG4Encoder: Construct SoftMPEG4Encoder
04-10 10:36:05.022   207   720 W ACodec  : do not know color format 0x7f000789 = 2130708361
04-10 10:36:05.037   207   720 W ACodec  : do not know color format 0x7f000789 = 2130708361
04-10 10:36:05.043   203   709 I iptables: iptables: No chain/target/match by that name.
04-10 10:36:05.043   203   709 I iptables: iptables terminated by exit(1)
04-10 10:36:05.043   203   709 E Netd    : exec() res=0, status=256 for /system/bin/iptables -w -F st_penalty_log 
04-10 10:36:05.051   207   720 V FFmpegOMXPlugin: makeComponentInstance 'OMX.ffmpeg.aac.decoder'
04-10 10:36:05.051   207   720 D SoftFFmpegAudio: SoftFFmpegAudio component: OMX.ffmpeg.aac.decoder mCodingType: 21
04-10 10:36:05.064   203   709 I ip6tables: ip6tables: No chain/target/match by that name.
04-10 10:36:05.064   203   709 I ip6tables: ip6tables terminated by exit(1)
04-10 10:36:05.064   203   709 E Netd    : exec() res=0, status=256 for /system/bin/ip6tables -w -F st_penalty_log 
04-10 10:36:05.084   203   709 I iptables: iptables: No chain/target/match by that name.
04-10 10:36:05.085   203   709 I iptables: iptables terminated by exit(1)
04-10 10:36:05.085   203   709 E Netd    : exec() res=0, status=256 for /system/bin/iptables -w -F st_penalty_reject 
04-10 10:36:05.095   207   720 V FFmpegOMXPlugin: makeComponentInstance 'OMX.ffmpeg.ape.decoder'
04-10 10:36:05.095   207   720 D SoftFFmpegAudio: SoftFFmpegAudio component: OMX.ffmpeg.ape.decoder mCodingType: 2130706435
04-10 10:36:05.097   207   720 V FFmpegOMXPlugin: makeComponentInstance 'OMX.ffmpeg.atrial.decoder'
04-10 10:36:05.098   207   720 D SoftFFmpegAudio: SoftFFmpegAudio component: OMX.ffmpeg.atrial.decoder mCodingType: 1
04-10 10:36:05.099   207   720 V FFmpegOMXPlugin: makeComponentInstance 'OMX.ffmpeg.dts.decoder'
04-10 10:36:05.099   207   720 D SoftFFmpegAudio: SoftFFmpegAudio component: OMX.ffmpeg.dts.decoder mCodingType: 2130706436
04-10 10:36:05.103   207   720 V FFmpegOMXPlugin: makeComponentInstance 'OMX.ffmpeg.flac.decoder'
04-10 10:36:05.103   207   720 D SoftFFmpegAudio: SoftFFmpegAudio component: OMX.ffmpeg.flac.decoder mCodingType: 28
04-10 10:36:05.107   207   720 V FFmpegOMXPlugin: makeComponentInstance 'OMX.ffmpeg.mp2.decoder'
04-10 10:36:05.108   207   720 D SoftFFmpegAudio: SoftFFmpegAudio component: OMX.ffmpeg.mp2.decoder mCodingType: 2130706433
04-10 10:36:05.112   203   709 I ip6tables: ip6tables: No chain/target/match by that name.
04-10 10:36:05.119   207   720 V FFmpegOMXPlugin: makeComponentInstance 'OMX.ffmpeg.ra.decoder'
04-10 10:36:05.120   207   720 D SoftFFmpegAudio: SoftFFmpegAudio component: OMX.ffmpeg.ra.decoder mCodingType: 26
04-10 10:36:05.122   207   720 V FFmpegOMXPlugin: makeComponentInstance 'OMX.ffmpeg.wma.decoder'
04-10 10:36:05.122   207   720 D SoftFFmpegAudio: SoftFFmpegAudio component: OMX.ffmpeg.wma.decoder mCodingType: 25
04-10 10:36:05.123   203   709 I ip6tables: ip6tables terminated by exit(1)
04-10 10:36:05.123   207   720 V FFmpegOMXPlugin: makeComponentInstance 'OMX.ffmpeg.divx.decoder'
04-10 10:36:05.123   203   709 E Netd    : exec() res=0, status=256 for /system/bin/ip6tables -w -F st_penalty_reject 
04-10 10:36:05.124   207   720 D SoftFFmpegVideo: SoftFFmpegVideo component: OMX.ffmpeg.divx.decoder codingType=2130706435 appData: 0xb1566460
04-10 10:36:05.124   207   720 W OMXNodeInstance: [2d:ffmpeg.divx.decoder] component does not support metadata mode; using fallback
04-10 10:36:05.125   207   720 V FFmpegOMXPlugin: makeComponentInstance 'OMX.ffmpeg.flv1.decoder'
04-10 10:36:05.126   207   720 D SoftFFmpegVideo: SoftFFmpegVideo component: OMX.ffmpeg.flv1.decoder codingType=2130706434 appData: 0xb1566460
04-10 10:36:05.126   207   720 W OMXNodeInstance: [2e:ffmpeg.flv1.decoder] component does not support metadata mode; using fallback
04-10 10:36:05.132   207   720 V FFmpegOMXPlugin: makeComponentInstance 'OMX.ffmpeg.mpeg2.decoder'
04-10 10:36:05.132   207   720 D SoftFFmpegVideo: SoftFFmpegVideo component: OMX.ffmpeg.mpeg2.decoder codingType=2 appData: 0xb1566460
04-10 10:36:05.133   207   720 W OMXNodeInstance: [2f:ffmpeg.mpeg2.decoder] component does not support metadata mode; using fallback
04-10 10:36:05.134   207   720 V FFmpegOMXPlugin: makeComponentInstance 'OMX.ffmpeg.mpeg4.decoder'
04-10 10:36:05.134   207   720 D SoftFFmpegVideo: SoftFFmpegVideo component: OMX.ffmpeg.mpeg4.decoder codingType=4 appData: 0xb1566460
04-10 10:36:05.134   207   720 W OMXNodeInstance: [30:ffmpeg.mpeg4.decoder] component does not support metadata mode; using fallback
04-10 10:36:05.139   207   720 V FFmpegOMXPlugin: makeComponentInstance 'OMX.ffmpeg.rv.decoder'
04-10 10:36:05.140   207   720 D SoftFFmpegVideo: SoftFFmpegVideo component: OMX.ffmpeg.rv.decoder codingType=6 appData: 0xb1566460
04-10 10:36:05.144   207   720 W OMXNodeInstance: [31:ffmpeg.rv.decoder] component does not support metadata mode; using fallback
04-10 10:36:05.145   203   709 I iptables: iptables: No chain/target/match by that name.
04-10 10:36:05.146   207   720 V FFmpegOMXPlugin: makeComponentInstance 'OMX.ffmpeg.vc1.decoder'
04-10 10:36:05.146   207   720 D SoftFFmpegVideo: SoftFFmpegVideo component: OMX.ffmpeg.vc1.decoder codingType=2130706433 appData: 0xb1566460
04-10 10:36:05.146   207   720 W OMXNodeInstance: [32:ffmpeg.vc1.decoder] component does not support metadata mode; using fallback
04-10 10:36:05.149   207   720 V FFmpegOMXPlugin: makeComponentInstance 'OMX.ffmpeg.vtrial.decoder'
04-10 10:36:05.150   207   720 D SoftFFmpegVideo: SoftFFmpegVideo component: OMX.ffmpeg.vtrial.decoder codingType=1 appData: 0xb1566460
04-10 10:36:05.150   207   720 W OMXNodeInstance: [33:ffmpeg.vtrial.decoder] component does not support metadata mode; using fallback
04-10 10:36:05.151   207   720 V FFmpegOMXPlugin: makeComponentInstance 'OMX.ffmpeg.wmv.decoder'
04-10 10:36:05.151   207   720 D SoftFFmpegVideo: SoftFFmpegVideo component: OMX.ffmpeg.wmv.decoder codingType=5 appData: 0xb1566460
04-10 10:36:05.152   207   720 W OMXNodeInstance: [34:ffmpeg.wmv.decoder] component does not support metadata mode; using fallback
04-10 10:36:05.152   203   709 I iptables: iptables terminated by exit(1)
04-10 10:36:05.153   203   709 E Netd    : exec() res=0, status=256 for /system/bin/iptables -w -F st_clear_caught 
04-10 10:36:05.156   207   720 W MediaCodecList: unable to open media codecs configuration xml file: /etc/media_codecs_performance.xml
04-10 10:36:05.156   207   720 W MediaCodecList: unable to open media codecs configuration xml file: /data/misc/media/media_codecs_profiling_results.xml
04-10 10:36:05.174  1505  1547 I OMXClient: Using client-side OMX mux.
04-10 10:36:05.181   203   709 I ip6tables: ip6tables: No chain/target/match by that name.
04-10 10:36:05.182   203   709 I ip6tables: ip6tables terminated by exit(1)
04-10 10:36:05.182   203   709 E Netd    : exec() res=0, status=256 for /system/bin/ip6tables -w -F st_clear_caught 
04-10 10:36:05.187  1505  1547 D MtkOmxCore: Core_Init called
04-10 10:36:05.187  1505  1547 D MtkOmxCore: Core_Init gInstancePoolLock init
04-10 10:36:05.187  1505  1547 D MtkOmxCore: +MTK_OMX_Init tick=1523356565187
04-10 10:36:05.187  1505  1547 D MtkOmxCore: +ParseMtkCoreConfig
04-10 10:36:05.187  1505  1547 D MtkOmxCore: ParseMtkCoreConfig: gCoreComponentCounts = 31
04-10 10:36:05.188  1505  1547 D MtkOmxCore: -ParseMtkCoreConfig
04-10 10:36:05.188  1505  1547 D MtkOmxCore: Mtk_OMX_Init gCoreComponents 0xa2561000
04-10 10:36:05.188  1505  1547 D MtkOmxCore: +++++ dump_core_comp_table +++++
04-10 10:36:05.188  1505  1547 D MtkOmxCore: name(OMX.MTK.VIDEO.DECODER.HEVC), role(video_decoder.hevc), path(libMtkOmxVdecEx.so)
04-10 10:36:05.188  1505  1547 D MtkOmxCore: name(OMX.MTK.VIDEO.DECODER.H263), role(video_decoder.h263), path(libMtkOmxVdecEx.so)
04-10 10:36:05.188  1505  1547 D MtkOmxCore: name(OMX.MTK.VIDEO.DECODER.MPEG4), role(video_decoder.mpeg4), path(libMtkOmxVdecEx.so)
04-10 10:36:05.188  1505  1547 D MtkOmxCore: name(OMX.MTK.VIDEO.DECODER.AVC), role(video_decoder.avc), path(libMtkOmxVdecEx.so)
04-10 10:36:05.188  1505  1547 D MtkOmxCore: name(OMX.MTK.VIDEO.DECODER.RV), role(video_decoder.rv), path(libMtkOmxVdecEx.so)
04-10 10:36:05.188  1505  1547 D MtkOmxCore: name(OMX.MTK.VIDEO.DECODER.VC1), role(video_decoder.vc1), path(libMtkOmxVdecEx.so)
04-10 10:36:05.188  1505  1547 D MtkOmxCore: name(OMX.MTK.VIDEO.DECODER.VPX), role(video_decoder.vpx), path(libMtkOmxVdecEx.so)
04-10 10:36:05.188  1505  1547 D MtkOmxCore: name(OMX.MTK.VIDEO.DECODER.VP9), role(video_decoder.vp9), path(libMtkOmxVdecEx.so)
04-10 10:36:05.188  1505  1547 D MtkOmxCore: name(OMX.MTK.VIDEO.DECODER.DIVX), role(video_decoder.divx), path(libMtkOmxVdecEx.so)
04-10 10:36:05.188  1505  1547 D MtkOmxCore: name(OMX.MTK.VIDEO.DECODER.XVID), role(video_decoder.xvid), path(libMtkOmxVdecEx.so)
04-10 10:36:05.188  1505  1547 D MtkOmxCore: name(OMX.MTK.VIDEO.DECODER.S263), role(video_decoder.s263), path(libMtkOmxVdecEx.so)
04-10 10:36:05.188  1505  1547 D MtkOmxCore: name(OMX.MTK.AUDIO.DECODER.RA), role(audio_decoder.ra), path(libMtkOmxCookDec.so)
04-10 10:36:05.188  1505  1547 D MtkOmxCore: name(OMX.MTK.AUDIO.DECODER.MP3), role(audio_decoder.mp3), path(libMtkOmxMp3Dec.so)
04-10 10:36:05.188  1505  1547 D MtkOmxCore: name(OMX.MTK.AUDIO.DECODER.G711.ALAW), role(audio_decoder.g711), path(libMtkOmxG711Dec.so)
04-10 10:36:05.188  1505  1547 D MtkOmxCore: name(OMX.MTK.AUDIO.DECODER.G711.MLAW), role(audio_decoder.g711), path(libMtkOmxG711Dec.so)
04-10 10:36:05.188  1505  1547 D MtkOmxCore: name(OMX.MTK.AUDIO.DECODER.WMAPRO), role(audio_decoder.wma), path(libMtkOmxWmaProDec.so)
04-10 10:36:05.188  1505  1547 D MtkOmxCore: name(OMX.MTK.AUDIO.DECODER.WMA), role(audio_decoder.wma), path(libMtkOmxWmaDec.so)
04-10 10:36:05.189  1505  1547 D MtkOmxCore: name(OMX.MTK.VIDEO.ENCODER.AVC), role(video_encoder.avc), path(libMtkOmxVenc.so)
04-10 10:36:05.189  1505  1547 D MtkOmxCore: name(OMX.MTK.VIDEO.ENCODER.H263), role(video_encoder.h263), path(libMtkOmxVenc.so)
04-10 10:36:05.189  1505  1547 D MtkOmxCore: name(OMX.MTK.VIDEO.ENCODER.MPEG4), role(video_encoder.mpeg4), path(libMtkOmxVenc.so)
04-10 10:36:05.189  1505  1547 D MtkOmxCore: name(OMX.MTK.VIDEO.ENCODER.VPX), role(video_encoder.vp8), path(libMtkOmxVenc.so)
04-10 10:36:05.189  1505  1547 D MtkOmxCore: name(OMX.MTK.AUDIO.ENCODER.VORBIS), role(audio_encoder.vorbis), path(libMtkOmxVorbisEnc.so)
04-10 10:36:05.189  1505  1547 D MtkOmxCore: name(OMX.MTK.AUDIO.DECODER.APE), role(audio_decoder.ape), path(libMtkOmxApeDec.so)
04-10 10:36:05.189  1505  1547 D MtkOmxCore: name(OMX.MTK.AUDIO.DECODER.FLAC), role(audio_decoder.flac), path(libMtkOmxFlacDec.so)
04-10 10:36:05.189  1505  1547 D MtkOmxCore: name(OMX.MTK.AUDIO.DECODER.ADPCM.MS), role(audio_decoder.adpcm), path(libMtkOmxAdpcmDec.so)
04-10 10:36:05.189  1505  1547 D MtkOmxCore: name(OMX.MTK.AUDIO.DECODER.ADPCM.DVI), role(audio_decoder.adpcm), path(libMtkOmxAdpcmDec.so)
04-10 10:36:05.189  1505  1547 D MtkOmxCore: name(OMX.MTK.AUDIO.ENCODER.ADPCM.MS), role(audio_encoder.adpcm), path(libMtkOmxAdpcmEnc.so)
04-10 10:36:05.189  1505  1547 D MtkOmxCore: name(OMX.MTK.AUDIO.ENCODER.ADPCM.DVI), role(audio_encoder.adpcm), path(libMtkOmxAdpcmEnc.so)
04-10 10:36:05.189  1505  1547 D MtkOmxCore: name(OMX.MTK.AUDIO.DECODER.RAW), role(audio_decoder.raw), path(libMtkOmxRawDec.so)
04-10 10:36:05.189  1505  1547 D MtkOmxCore: name(OMX.MTK.AUDIO.DECODER.GSM), role(audio_decoder.gsm), path(libMtkOmxGsmDec.so)
04-10 10:36:05.189  1505  1547 D MtkOmxCore: name(OMX.MTK.AUDIO.DECODER.ALAC), role(audio_decoder.alac), path(libMtkOmxAlacDec.so)
04-10 10:36:05.189  1505  1547 D MtkOmxCore: ----- dump_core_comp_table -----
04-10 10:36:05.189  1505  1547 D MtkOmxCore: -MTK_OMX_Init tick=1523356565189
04-10 10:36:05.201   180   584 V vold    : Waiting for restorecon...
04-10 10:36:05.209   203   709 I iptables: iptables: No chain/target/match by that name.
04-10 10:36:05.209   203   709 I iptables: iptables terminated by exit(1)
04-10 10:36:05.209   203   709 E Netd    : exec() res=0, status=256 for /system/bin/iptables -w -F st_clear_detect 
04-10 10:36:05.233   203   709 I ip6tables: ip6tables: No chain/target/match by that name.
04-10 10:36:05.234   203   709 I ip6tables: ip6tables terminated by exit(1)
04-10 10:36:05.234   203   709 E Netd    : exec() res=0, status=256 for /system/bin/ip6tables -w -F st_clear_detect 
04-10 10:36:05.256   203   709 I iptables: iptables: No chain/target/match by that name.
04-10 10:36:05.260   203   709 I iptables: iptables terminated by exit(1)
04-10 10:36:05.261   203   709 E Netd    : exec() res=0, status=256 for /system/bin/iptables -w -X st_penalty_log 
04-10 10:36:05.288   203   709 I ip6tables: ip6tables: No chain/target/match by that name.
04-10 10:36:05.288   203   709 I ip6tables: ip6tables terminated by exit(1)
04-10 10:36:05.288   203   709 E Netd    : exec() res=0, status=256 for /system/bin/ip6tables -w -X st_penalty_log 
04-10 10:36:05.310   203   709 I iptables: iptables: No chain/target/match by that name.
04-10 10:36:05.310   203   709 I iptables: iptables terminated by exit(1)
04-10 10:36:05.311   203   709 E Netd    : exec() res=0, status=256 for /system/bin/iptables -w -X st_penalty_reject 
04-10 10:36:05.331   203   709 I ip6tables: ip6tables: No chain/target/match by that name.
04-10 10:36:05.343   203   709 I ip6tables: ip6tables terminated by exit(1)
04-10 10:36:05.343   203   709 E Netd    : exec() res=0, status=256 for /system/bin/ip6tables -w -X st_penalty_reject 
04-10 10:36:05.345  1505  1547 D MtkOmxCore: Mtk_OMX_Deinit
04-10 10:36:05.345  1505  1547 D MtkOmxCore: Mtk_OMX_Deinit  gCoreComponents  0xa2561000
04-10 10:36:05.345  1505  1547 D MtkOmxCore: Core_Deinit called
04-10 10:36:05.345  1505  1547 D MtkOmxCore: Core_Deinit gInstancePoolLock destroy
04-10 10:36:05.363   203   709 I iptables: iptables: No chain/target/match by that name.
04-10 10:36:05.364  1505  1539 D WVMExtractorImpl: IsWidevineMedia() return 0
04-10 10:36:05.364   203   709 I iptables: iptables terminated by exit(1)
04-10 10:36:05.364   203   709 E Netd    : exec() res=0, status=256 for /system/bin/iptables -w -X st_clear_caught 
04-10 10:36:05.365   206   413 D WVMDrmPlugIn: WVMDrmPlugin::onInitialize : 8190
04-10 10:36:05.365   206   413 D WVMDrmPlugIn: WVMDrmPlugin::onSetOnInfoListener : add 8190
04-10 10:36:05.365   206   413 D DrmMtkPlugIn: DrmMtkPlugIn::onInitialize : 8190
04-10 10:36:05.365   206   413 D DrmMtkPlugIn: DrmMtkPlugIn::onSetOnInfoListener : 8190
04-10 10:36:05.368   206   206 W ServiceManager: Permission failure: com.oma.drm.permission.ACCESS_OMA_DRM from uid=10026 pid=1505
04-10 10:36:05.369   206   206 D WVMDrmPlugIn: WVMDrmPlugin::onTerminate : 8190
04-10 10:36:05.369   206   206 D DrmMtkPlugIn: DrmMtkPlugIn::onTerminate : 8190
04-10 10:36:05.389   203   709 I ip6tables: ip6tables: No chain/target/match by that name.
04-10 10:36:05.389   203   709 I ip6tables: ip6tables terminated by exit(1)
04-10 10:36:05.390   203   709 E Netd    : exec() res=0, status=256 for /system/bin/ip6tables -w -X st_clear_caught 
04-10 10:36:05.392  1505  1731 I OMXClient: Using client-side OMX mux.
04-10 10:36:05.399  1505  1731 D MtkOmxCore: Core_Init called
04-10 10:36:05.399  1505  1731 D MtkOmxCore: Core_Init gInstancePoolLock init
04-10 10:36:05.399  1505  1731 D MtkOmxCore: +MTK_OMX_Init tick=1523356565399
04-10 10:36:05.399  1505  1731 D MtkOmxCore: +ParseMtkCoreConfig
04-10 10:36:05.399  1505  1731 D MtkOmxCore: ParseMtkCoreConfig: gCoreComponentCounts = 31
04-10 10:36:05.400  1505  1731 D MtkOmxCore: -ParseMtkCoreConfig
04-10 10:36:05.400  1505  1731 D MtkOmxCore: Mtk_OMX_Init gCoreComponents 0xa2502000
04-10 10:36:05.400  1505  1731 D MtkOmxCore: +++++ dump_core_comp_table +++++
04-10 10:36:05.400  1505  1731 D MtkOmxCore: name(OMX.MTK.VIDEO.DECODER.HEVC), role(video_decoder.hevc), path(libMtkOmxVdecEx.so)
04-10 10:36:05.400  1505  1731 D MtkOmxCore: name(OMX.MTK.VIDEO.DECODER.H263), role(video_decoder.h263), path(libMtkOmxVdecEx.so)
04-10 10:36:05.400  1505  1731 D MtkOmxCore: name(OMX.MTK.VIDEO.DECODER.MPEG4), role(video_decoder.mpeg4), path(libMtkOmxVdecEx.so)
04-10 10:36:05.400  1505  1731 D MtkOmxCore: name(OMX.MTK.VIDEO.DECODER.AVC), role(video_decoder.avc), path(libMtkOmxVdecEx.so)
04-10 10:36:05.400  1505  1731 D MtkOmxCore: name(OMX.MTK.VIDEO.DECODER.RV), role(video_decoder.rv), path(libMtkOmxVdecEx.so)
04-10 10:36:05.400  1505  1731 D MtkOmxCore: name(OMX.MTK.VIDEO.DECODER.VC1), role(video_decoder.vc1), path(libMtkOmxVdecEx.so)
04-10 10:36:05.400  1505  1731 D MtkOmxCore: name(OMX.MTK.VIDEO.DECODER.VPX), role(video_decoder.vpx), path(libMtkOmxVdecEx.so)
04-10 10:36:05.400  1505  1731 D MtkOmxCore: name(OMX.MTK.VIDEO.DECODER.VP9), role(video_decoder.vp9), path(libMtkOmxVdecEx.so)
04-10 10:36:05.400  1505  1731 D MtkOmxCore: name(OMX.MTK.VIDEO.DECODER.DIVX), role(video_decoder.divx), path(libMtkOmxVdecEx.so)
04-10 10:36:05.400  1505  1731 D MtkOmxCore: name(OMX.MTK.VIDEO.DECODER.XVID), role(video_decoder.xvid), path(libMtkOmxVdecEx.so)
04-10 10:36:05.400  1505  1731 D MtkOmxCore: name(OMX.MTK.VIDEO.DECODER.S263), role(video_decoder.s263), path(libMtkOmxVdecEx.so)
04-10 10:36:05.400  1505  1731 D MtkOmxCore: name(OMX.MTK.AUDIO.DECODER.RA), role(audio_decoder.ra), path(libMtkOmxCookDec.so)
04-10 10:36:05.400  1505  1731 D MtkOmxCore: name(OMX.MTK.AUDIO.DECODER.MP3), role(audio_decoder.mp3), path(libMtkOmxMp3Dec.so)
04-10 10:36:05.400  1505  1731 D MtkOmxCore: name(OMX.MTK.AUDIO.DECODER.G711.ALAW), role(audio_decoder.g711), path(libMtkOmxG711Dec.so)
04-10 10:36:05.400  1505  1731 D MtkOmxCore: name(OMX.MTK.AUDIO.DECODER.G711.MLAW), role(audio_decoder.g711), path(libMtkOmxG711Dec.so)
04-10 10:36:05.400  1505  1731 D MtkOmxCore: name(OMX.MTK.AUDIO.DECODER.WMAPRO), role(audio_decoder.wma), path(libMtkOmxWmaProDec.so)
04-10 10:36:05.400  1505  1731 D MtkOmxCore: name(OMX.MTK.AUDIO.DECODER.WMA), role(audio_decoder.wma), path(libMtkOmxWmaDec.so)
04-10 10:36:05.400  1505  1731 D MtkOmxCore: name(OMX.MTK.VIDEO.ENCODER.AVC), role(video_encoder.avc), path(libMtkOmxVenc.so)
04-10 10:36:05.400  1505  1731 D MtkOmxCore: name(OMX.MTK.VIDEO.ENCODER.H263), role(video_encoder.h263), path(libMtkOmxVenc.so)
04-10 10:36:05.401  1505  1731 D MtkOmxCore: name(OMX.MTK.VIDEO.ENCODER.MPEG4), role(video_encoder.mpeg4), path(libMtkOmxVenc.so)
04-10 10:36:05.401  1505  1731 D MtkOmxCore: name(OMX.MTK.VIDEO.ENCODER.VPX), role(video_encoder.vp8), path(libMtkOmxVenc.so)
04-10 10:36:05.401  1505  1731 D MtkOmxCore: name(OMX.MTK.AUDIO.ENCODER.VORBIS), role(audio_encoder.vorbis), path(libMtkOmxVorbisEnc.so)
04-10 10:36:05.401  1505  1731 D MtkOmxCore: name(OMX.MTK.AUDIO.DECODER.APE), role(audio_decoder.ape), path(libMtkOmxApeDec.so)
04-10 10:36:05.401  1505  1731 D MtkOmxCore: name(OMX.MTK.AUDIO.DECODER.FLAC), role(audio_decoder.flac), path(libMtkOmxFlacDec.so)
04-10 10:36:05.401  1505  1731 D MtkOmxCore: name(OMX.MTK.AUDIO.DECODER.ADPCM.MS), role(audio_decoder.adpcm), path(libMtkOmxAdpcmDec.so)
04-10 10:36:05.401  1505  1731 D MtkOmxCore: name(OMX.MTK.AUDIO.DECODER.ADPCM.DVI), role(audio_decoder.adpcm), path(libMtkOmxAdpcmDec.so)
04-10 10:36:05.401  1505  1731 D MtkOmxCore: name(OMX.MTK.AUDIO.ENCODER.ADPCM.MS), role(audio_encoder.adpcm), path(libMtkOmxAdpcmEnc.so)
04-10 10:36:05.401  1505  1731 D MtkOmxCore: name(OMX.MTK.AUDIO.ENCODER.ADPCM.DVI), role(audio_encoder.adpcm), path(libMtkOmxAdpcmEnc.so)
04-10 10:36:05.401  1505  1731 D MtkOmxCore: name(OMX.MTK.AUDIO.DECODER.RAW), role(audio_decoder.raw), path(libMtkOmxRawDec.so)
04-10 10:36:05.401  1505  1731 D MtkOmxCore: name(OMX.MTK.AUDIO.DECODER.GSM), role(audio_decoder.gsm), path(libMtkOmxGsmDec.so)
04-10 10:36:05.401  1505  1731 D MtkOmxCore: name(OMX.MTK.AUDIO.DECODER.ALAC), role(audio_decoder.alac), path(libMtkOmxAlacDec.so)
04-10 10:36:05.401  1505  1731 D MtkOmxCore: ----- dump_core_comp_table -----
04-10 10:36:05.401  1505  1731 D MtkOmxCore: -MTK_OMX_Init tick=1523356565401
04-10 10:36:05.414   203   709 I iptables: iptables: No chain/target/match by that name.
04-10 10:36:05.414   203   709 I iptables: iptables terminated by exit(1)
04-10 10:36:05.414   203   709 E Netd    : exec() res=0, status=256 for /system/bin/iptables -w -X st_clear_detect 
04-10 10:36:05.447   203   709 I ip6tables: ip6tables: No chain/target/match by that name.
04-10 10:36:05.447   203   709 I ip6tables: ip6tables terminated by exit(1)
04-10 10:36:05.447   203   709 E Netd    : exec() res=0, status=256 for /system/bin/ip6tables -w -X st_clear_detect 
04-10 10:36:05.490  1505  1731 D MtkOmxCore: Mtk_OMX_Deinit
04-10 10:36:05.490  1505  1731 D MtkOmxCore: Mtk_OMX_Deinit  gCoreComponents  0xa2502000
04-10 10:36:05.490  1505  1731 D MtkOmxCore: Core_Deinit called
04-10 10:36:05.490  1505  1731 D MtkOmxCore: Core_Deinit gInstancePoolLock destroy
04-10 10:36:05.531  1505  1539 D WVMExtractorImpl: IsWidevineMedia() return 0
04-10 10:36:05.536   206   413 D WVMDrmPlugIn: WVMDrmPlugin::onInitialize : 7830
04-10 10:36:05.536   206   413 D WVMDrmPlugIn: WVMDrmPlugin::onSetOnInfoListener : add 7830
04-10 10:36:05.536   206   413 D DrmMtkPlugIn: DrmMtkPlugIn::onInitialize : 7830
04-10 10:36:05.536   206   413 D DrmMtkPlugIn: DrmMtkPlugIn::onSetOnInfoListener : 7830
04-10 10:36:05.540   206   206 W ServiceManager: Permission failure: com.oma.drm.permission.ACCESS_OMA_DRM from uid=10026 pid=1505
04-10 10:36:05.544   206   206 D WVMDrmPlugIn: WVMDrmPlugin::onTerminate : 7830
04-10 10:36:05.544   206   206 D DrmMtkPlugIn: DrmMtkPlugIn::onTerminate : 7830
04-10 10:36:05.574  1505  1742 I OMXClient: Using client-side OMX mux.
04-10 10:36:05.585  1505  1742 D MtkOmxCore: Core_Init called
04-10 10:36:05.585  1505  1742 D MtkOmxCore: Core_Init gInstancePoolLock init
04-10 10:36:05.585  1505  1742 D MtkOmxCore: +MTK_OMX_Init tick=1523356565585
04-10 10:36:05.585  1505  1742 D MtkOmxCore: +ParseMtkCoreConfig
04-10 10:36:05.585  1505  1742 D MtkOmxCore: ParseMtkCoreConfig: gCoreComponentCounts = 31
04-10 10:36:05.586  1505  1742 D MtkOmxCore: -ParseMtkCoreConfig
04-10 10:36:05.586  1505  1742 D MtkOmxCore: Mtk_OMX_Init gCoreComponents 0xa2504800
04-10 10:36:05.586  1505  1742 D MtkOmxCore: +++++ dump_core_comp_table +++++
04-10 10:36:05.586  1505  1742 D MtkOmxCore: name(OMX.MTK.VIDEO.DECODER.HEVC), role(video_decoder.hevc), path(libMtkOmxVdecEx.so)
04-10 10:36:05.586  1505  1742 D MtkOmxCore: name(OMX.MTK.VIDEO.DECODER.H263), role(video_decoder.h263), path(libMtkOmxVdecEx.so)
04-10 10:36:05.586  1505  1742 D MtkOmxCore: name(OMX.MTK.VIDEO.DECODER.MPEG4), role(video_decoder.mpeg4), path(libMtkOmxVdecEx.so)
04-10 10:36:05.586  1505  1742 D MtkOmxCore: name(OMX.MTK.VIDEO.DECODER.AVC), role(video_decoder.avc), path(libMtkOmxVdecEx.so)
04-10 10:36:05.586  1505  1742 D MtkOmxCore: name(OMX.MTK.VIDEO.DECODER.RV), role(video_decoder.rv), path(libMtkOmxVdecEx.so)
04-10 10:36:05.586  1505  1742 D MtkOmxCore: name(OMX.MTK.VIDEO.DECODER.VC1), role(video_decoder.vc1), path(libMtkOmxVdecEx.so)
04-10 10:36:05.586  1505  1742 D MtkOmxCore: name(OMX.MTK.VIDEO.DECODER.VPX), role(video_decoder.vpx), path(libMtkOmxVdecEx.so)
04-10 10:36:05.586  1505  1742 D MtkOmxCore: name(OMX.MTK.VIDEO.DECODER.VP9), role(video_decoder.vp9), path(libMtkOmxVdecEx.so)
04-10 10:36:05.586  1505  1742 D MtkOmxCore: name(OMX.MTK.VIDEO.DECODER.DIVX), role(video_decoder.divx), path(libMtkOmxVdecEx.so)
04-10 10:36:05.586  1505  1742 D MtkOmxCore: name(OMX.MTK.VIDEO.DECODER.XVID), role(video_decoder.xvid), path(libMtkOmxVdecEx.so)
04-10 10:36:05.586  1505  1742 D MtkOmxCore: name(OMX.MTK.VIDEO.DECODER.S263), role(video_decoder.s263), path(libMtkOmxVdecEx.so)
04-10 10:36:05.586  1505  1742 D MtkOmxCore: name(OMX.MTK.AUDIO.DECODER.RA), role(audio_decoder.ra), path(libMtkOmxCookDec.so)
04-10 10:36:05.586  1505  1742 D MtkOmxCore: name(OMX.MTK.AUDIO.DECODER.MP3), role(audio_decoder.mp3), path(libMtkOmxMp3Dec.so)
04-10 10:36:05.586  1505  1742 D MtkOmxCore: name(OMX.MTK.AUDIO.DECODER.G711.ALAW), role(audio_decoder.g711), path(libMtkOmxG711Dec.so)
04-10 10:36:05.586  1505  1742 D MtkOmxCore: name(OMX.MTK.AUDIO.DECODER.G711.MLAW), role(audio_decoder.g711), path(libMtkOmxG711Dec.so)
04-10 10:36:05.586  1505  1742 D MtkOmxCore: name(OMX.MTK.AUDIO.DECODER.WMAPRO), role(audio_decoder.wma), path(libMtkOmxWmaProDec.so)
04-10 10:36:05.586  1505  1742 D MtkOmxCore: name(OMX.MTK.AUDIO.DECODER.WMA), role(audio_decoder.wma), path(libMtkOmxWmaDec.so)
04-10 10:36:05.586  1505  1742 D MtkOmxCore: name(OMX.MTK.VIDEO.ENCODER.AVC), role(video_encoder.avc), path(libMtkOmxVenc.so)
04-10 10:36:05.586  1505  1742 D MtkOmxCore: name(OMX.MTK.VIDEO.ENCODER.H263), role(video_encoder.h263), path(libMtkOmxVenc.so)
04-10 10:36:05.586  1505  1742 D MtkOmxCore: name(OMX.MTK.VIDEO.ENCODER.MPEG4), role(video_encoder.mpeg4), path(libMtkOmxVenc.so)
04-10 10:36:05.586  1505  1742 D MtkOmxCore: name(OMX.MTK.VIDEO.ENCODER.VPX), role(video_encoder.vp8), path(libMtkOmxVenc.so)
04-10 10:36:05.586  1505  1742 D MtkOmxCore: name(OMX.MTK.AUDIO.ENCODER.VORBIS), role(audio_encoder.vorbis), path(libMtkOmxVorbisEnc.so)
04-10 10:36:05.586  1505  1742 D MtkOmxCore: name(OMX.MTK.AUDIO.DECODER.APE), role(audio_decoder.ape), path(libMtkOmxApeDec.so)
04-10 10:36:05.586  1505  1742 D MtkOmxCore: name(OMX.MTK.AUDIO.DECODER.FLAC), role(audio_decoder.flac), path(libMtkOmxFlacDec.so)
04-10 10:36:05.587  1505  1742 D MtkOmxCore: name(OMX.MTK.AUDIO.DECODER.ADPCM.MS), role(audio_decoder.adpcm), path(libMtkOmxAdpcmDec.so)
04-10 10:36:05.587  1505  1742 D MtkOmxCore: name(OMX.MTK.AUDIO.DECODER.ADPCM.DVI), role(audio_decoder.adpcm), path(libMtkOmxAdpcmDec.so)
04-10 10:36:05.587  1505  1742 D MtkOmxCore: name(OMX.MTK.AUDIO.ENCODER.ADPCM.MS), role(audio_encoder.adpcm), path(libMtkOmxAdpcmEnc.so)
04-10 10:36:05.587  1505  1742 D MtkOmxCore: name(OMX.MTK.AUDIO.ENCODER.ADPCM.DVI), role(audio_encoder.adpcm), path(libMtkOmxAdpcmEnc.so)
04-10 10:36:05.587  1505  1742 D MtkOmxCore: name(OMX.MTK.AUDIO.DECODER.RAW), role(audio_decoder.raw), path(libMtkOmxRawDec.so)
04-10 10:36:05.587  1505  1742 D MtkOmxCore: name(OMX.MTK.AUDIO.DECODER.GSM), role(audio_decoder.gsm), path(libMtkOmxGsmDec.so)
04-10 10:36:05.587  1505  1742 D MtkOmxCore: name(OMX.MTK.AUDIO.DECODER.ALAC), role(audio_decoder.alac), path(libMtkOmxAlacDec.so)
04-10 10:36:05.587  1505  1742 D MtkOmxCore: ----- dump_core_comp_table -----
04-10 10:36:05.587  1505  1742 D MtkOmxCore: -MTK_OMX_Init tick=1523356565587
04-10 10:36:05.634   738   775 D BluetoothManagerService: Message: 20
04-10 10:36:05.634   738   775 D BluetoothManagerService: Added callback: android.bluetooth.IBluetoothManagerCallback$Stub$Proxy@498c4be:true
04-10 10:36:05.640  1505  1742 D MtkOmxCore: Mtk_OMX_Deinit
04-10 10:36:05.640  1505  1742 D MtkOmxCore: Mtk_OMX_Deinit  gCoreComponents  0xa2504800
04-10 10:36:05.640  1505  1742 D MtkOmxCore: Core_Deinit called
04-10 10:36:05.640  1505  1742 D MtkOmxCore: Core_Deinit gInstancePoolLock destroy
04-10 10:36:05.657   738   775 D BluetoothManagerService: Message: 30
04-10 10:36:05.663   738   775 D BluetoothManagerService: Message: 30
04-10 10:36:05.671  1505  1505 D LocalBluetoothProfileManager: Adding local MAP profile
04-10 10:36:05.674  1505  1505 D BluetoothMap: Create BluetoothMap proxy object
04-10 10:36:05.679   738   775 D BluetoothManagerService: Message: 30
04-10 10:36:05.685   738   775 D BluetoothManagerService: Message: 30
04-10 10:36:05.687  1505  1505 D LocalBluetoothProfileManager: LocalBluetoothProfileManager construction complete
04-10 10:36:05.714   738  1359 D ConnectivityService: listenForNetwork for Listen from uid/pid:10026/1505 for NetworkRequest [ id=3, legacyType=-1, [] ]
04-10 10:36:05.734  1505  1505 I CameraManagerGlobal: Connecting to camera service
04-10 10:36:05.742   207   720 I CameraService: getCameraCharacteristics: Switching to HAL1 shim implementation...
04-10 10:36:05.743   207   720 I CameraService: CameraService::connect call (PID 207 "media", camera ID 0) for HAL version default and Camera API version 1
04-10 10:36:05.744   207   720 E CameraService: getCameraPriorityFromProcState: Received invalid process state -1 from ActivityManagerService!
04-10 10:36:05.770   207  1754 D WVMExtractorImpl: IsWidevineMedia() return 0
04-10 10:36:05.772   206   413 D WVMDrmPlugIn: WVMDrmPlugin::onInitialize : 6613
04-10 10:36:05.772   206   413 D WVMDrmPlugIn: WVMDrmPlugin::onSetOnInfoListener : add 6613
04-10 10:36:05.772   206   413 D DrmMtkPlugIn: DrmMtkPlugIn::onInitialize : 6613
04-10 10:36:05.772   206   413 D DrmMtkPlugIn: DrmMtkPlugIn::onSetOnInfoListener : 6613
04-10 10:36:05.776   206   206 D DrmMtkPlugIn: onOpenDecryptSession() [6613], Start with file descryptor
04-10 10:36:05.776   206   206 D DrmMtkUtil/DrmUtil: parseDcf ----> fd [8]
04-10 10:36:05.776   206   206 V DrmMtkUtil/DrmUtil: parseDcf: first 3 bytes [4f][67][67]
04-10 10:36:05.776   206   206 E DrmMtkUtil/DrmUtil: parseDcf: not dcf type, dcf version value [79]
04-10 10:36:05.776   206   206 E DrmMtkPlugIn: onOpenDecryptSession() : failed to parse dcf file.
04-10 10:36:05.777   206   206 D WVMDrmPlugIn: WVMDrmPlugin::onTerminate : 6613
04-10 10:36:05.777   206   206 D DrmMtkPlugIn: DrmMtkPlugIn::onTerminate : 6613
04-10 10:36:05.788   207  1753 D NuPlayerDriver: notifyListener_l(0xb1c98000), (1, 0, 0)
04-10 10:36:05.795   207  1758 D WVMExtractorImpl: IsWidevineMedia() return 0
04-10 10:36:05.796   206   413 D WVMDrmPlugIn: WVMDrmPlugin::onInitialize : 5961
04-10 10:36:05.796   206   413 D WVMDrmPlugIn: WVMDrmPlugin::onSetOnInfoListener : add 5961
04-10 10:36:05.796   206   413 D DrmMtkPlugIn: DrmMtkPlugIn::onInitialize : 5961
04-10 10:36:05.796   206   413 D DrmMtkPlugIn: DrmMtkPlugIn::onSetOnInfoListener : 5961
04-10 10:36:05.797   206   206 D DrmMtkPlugIn: onOpenDecryptSession() [5961], Start with file descryptor
04-10 10:36:05.797   206   206 D DrmMtkUtil/DrmUtil: parseDcf ----> fd [8]
04-10 10:36:05.797   206   206 V DrmMtkUtil/DrmUtil: parseDcf: first 3 bytes [4f][67][67]
04-10 10:36:05.797   206   206 E DrmMtkUtil/DrmUtil: parseDcf: not dcf type, dcf version value [79]
04-10 10:36:05.797   206   206 E DrmMtkPlugIn: onOpenDecryptSession() : failed to parse dcf file.
04-10 10:36:05.798   206   206 D WVMDrmPlugIn: WVMDrmPlugin::onTerminate : 5961
04-10 10:36:05.798   206   206 D DrmMtkPlugIn: DrmMtkPlugIn::onTerminate : 5961
04-10 10:36:05.808   207  1757 D NuPlayerDriver: notifyListener_l(0xb1c98480), (1, 0, 0)
04-10 10:36:05.816   207  1761 D WVMExtractorImpl: IsWidevineMedia() return 0
04-10 10:36:05.818   206   413 D WVMDrmPlugIn: WVMDrmPlugin::onInitialize : 5642
04-10 10:36:05.818   206   413 D WVMDrmPlugIn: WVMDrmPlugin::onSetOnInfoListener : add 5642
04-10 10:36:05.819   206   413 D DrmMtkPlugIn: DrmMtkPlugIn::onInitialize : 5642
04-10 10:36:05.819   206   413 D DrmMtkPlugIn: DrmMtkPlugIn::onSetOnInfoListener : 5642
04-10 10:36:05.819   206   206 D DrmMtkPlugIn: onOpenDecryptSession() [5642], Start with file descryptor
04-10 10:36:05.819   206   206 D DrmMtkUtil/DrmUtil: parseDcf ----> fd [8]
04-10 10:36:05.820   206   206 V DrmMtkUtil/DrmUtil: parseDcf: first 3 bytes [4f][67][67]
04-10 10:36:05.820   206   206 E DrmMtkUtil/DrmUtil: parseDcf: not dcf type, dcf version value [79]
04-10 10:36:05.820   206   206 E DrmMtkPlugIn: onOpenDecryptSession() : failed to parse dcf file.
04-10 10:36:05.820   206   206 D WVMDrmPlugIn: WVMDrmPlugin::onTerminate : 5642
04-10 10:36:05.820   206   206 D DrmMtkPlugIn: DrmMtkPlugIn::onTerminate : 5642
04-10 10:36:05.833   207  1759 D NuPlayerDriver: notifyListener_l(0xb1c98120), (1, 0, 0)
04-10 10:36:05.835   207   720 I CameraService: onTorchStatusChangedLocked: Torch status changed for cameraId=0, newStatus=0
04-10 10:36:05.836   207   720 I CameraClient: Opening camera 0
04-10 10:36:06.201   180   584 V vold    : Waiting for restorecon...
04-10 10:36:06.202   180   584 V vold    : Finished restorecon of /mnt/expand/629a8e05-8eb0-4b97-b721-a3c19235831f
04-10 10:36:06.226   207   720 I MtkCam/Cam1DeviceFactory: (720)[createCam1Device] + OpenID:0
04-10 10:36:06.227   207   720 D ResMgrDrv: [Init]First user(0)
04-10 10:36:06.227   207   720 D ResMgrDrv: [SetMode]ScenSw(1),ScenHw(0),Dev(0)
04-10 10:36:06.227   207   720 D ResMgrDrv: [GetMode]ScenSw(0),ScenHw(0),Dev(0)
04-10 10:36:06.227   207   720 D ResMgrDrv: [SetMode]OK
04-10 10:36:06.227   207   720 I         : [BWC INFO](720): get_bwc_mm_property success
04-10 10:36:06.228   738   771 E NetdConnector: NDC Command {3 strict enable} took too long (1272ms)
04-10 10:36:06.228   207   720 I         : [BWC INFO](720): BWC_SETTING::DumpInfo-------
04-10 10:36:06.228   207   720 I         : 
04-10 10:36:06.228   207   720 I         : [BWC INFO](720):          sensor_size =      0 x      0
04-10 10:36:06.228   207   720 I         : [BWC INFO](720):              vr_size =      0 x      0
04-10 10:36:06.228   207   720 I         : [BWC INFO](720):            disp_size =      0 x      0
04-10 10:36:06.228   207   720 I         : [BWC INFO](720):              tv_size =      0 x      0
04-10 10:36:06.228   207   720 I         : [BWC INFO](720):                  fps =      0
04-10 10:36:06.228   207   720 I         : [BWC INFO](720):      venc_codec_type =      0
04-10 10:36:06.228   207   720 I         : [BWC INFO](720):      vdec_codec_type =      0
04-10 10:36:06.228   207   720 I         : [BWC INFO](720): ----------------------------
04-10 10:36:06.228   207   720 I         : 
04-10 10:36:06.228   207   720 I         : [BWC INFO](720): Read DDR type string:LPDDR3_1066
04-10 10:36:06.228   207   720 I         : [BWC INFO](720): DDR Type = -1
04-10 10:36:06.228   207   720 I         : [BWC INFO](720): smi_bw_ctrl_set: scen 1, turn off
04-10 10:36:06.229   207   720 I         : [BWC INFO](720): emi_bw_ctrl_set: CON_SCE_NORMAL OFF
04-10 10:36:06.229   207   720 I         : [BWC INFO](720): set_bwc_mm_property: propterty_id=0, value1=0, value2=0 
04-10 10:36:06.230   207   720 I         : [BWC INFO](720): Profile_Change:[BWCPT_CAMERA_PREVIEW]:OFF,current concurrency is 0x0
04-10 10:36:06.230   207   720 D ResMgrDrv: [CloseHdmi]En(1)
04-10 10:36:06.230   207   720 W ResMgrDrv: [CloseHdmi]WRN(  374):HDMITX kernel open fail, errno(2):No such file or directory
04-10 10:36:06.230   207   720 I MtkCam/MtkCamUtils: {CamProfile}[DefaultCam1Device::onInit] Resource -: (0-th) ===> [start-->now: 3 ms]
04-10 10:36:06.231   207  1779 D SeninfDrvImp: [getInstance][getInstance] 
04-10 10:36:06.231   207  1779 D SeninfDrvImp: [init][init]: Entry count 0 
04-10 10:36:06.231   207  1779 D SeninfDrvImp: [init]mpCAMIODrvRegAddr 0xafaad078 = 0x15554, State: init  
04-10 10:36:06.231   207  1779 D SeninfDrvImp: [init][init]: Exit count 1 
04-10 10:36:06.231   207  1779 D ImgSensorDrv: [init][init] mUsers = 0
04-10 10:36:06.231   207  1779 D ImgSensorDrv: [getResolution][getResolution] ACDK_SENSOR_RESOLUTION_INFO_STRUCT
04-10 10:36:06.231   207  1779 D ImgSensorDrv: [init][featureControl]: SENSOR_FEATURE_GET_PIXEL_CLOCK_FREQ
04-10 10:36:06.232   207  1779 D ImgSensorDrv: [init][init]: m_LineTimeInus[0] = 31
04-10 10:36:06.232   207   720 D aaa_hal : m_i4SensorDev: 1 
04-10 10:36:06.232   207  1779 D SeninfDrvImp: [getInstance][getInstance] 
04-10 10:36:06.232   207  1779 D SeninfDrvImp: [setMclk1][setTg1PhaseCounter] pcEn(1) clkPol(0) CamPll(0x0) mMclk1User(1)
04-10 10:36:06.232   207   720 D aaa_state: [StateUninit::sendIntent]<eIntent_Init>
04-10 10:36:06.232   207  1779 D SeninfDrvImp: [getInstance][getInstance] 
04-10 10:36:06.232   207  1779 D SeninfDrvImp: [setMclk1IODrivingCurrent][setIODrivingCurrent]:2 0x00015654
04-10 10:36:06.233   207   720 D buf_mgr : [init()] - E. m_Users: 0 
04-10 10:36:06.236   207   720 D aaa_state: [StateCommon::transitState] StateUninit --> StateInit
04-10 10:36:06.236   207   720 D aaa_hal : [AFThread] Create
04-10 10:36:06.237   207   720 D isp_tuning_mgr: m_i4SensorDev= 1
04-10 10:36:06.237   207   720 D nvbuf_util.cpp: nvbuf_util.cpp getBufAndRead+ ln=578 ramId=0 sensorDev=1
04-10 10:36:06.237   207   720 D NvramDrv: NvramDrv [readNoDefault] id=1 dev=9
04-10 10:36:06.237   207   720 D NvramDrv: NvramDrv [readNvramData]+ a_eSensorType=1 a_eNvramDataType=9 p=0xb37e1edc
04-10 10:36:06.237   207   720 D NvramDrv: NvramDrv check nvram demon
04-10 10:36:06.237   207   720 D NVRAM   : NVM_GetFileDesc ++
04-10 10:36:06.237   207   720 D NVRAM   : NVM_GetCfgFileTable : file_lid = 22
04-10 10:36:06.237   207   720 D NVRAM   : NVM_GetCfgFileTable done
04-10 10:36:06.237   207   720 D NVRAM   : Open /data/nvram/media/CAMERA_VERSION,LID:22
04-10 10:36:06.237   207   720 D NVRAM   : NVM_CmpFileVerNo 22  
04-10 10:36:06.237   207   720 D NVRAM   : NVM_GetCfgFileTable : file_lid = 22
04-10 10:36:06.237   207   720 D NVRAM   : Check if FILE_VER exists before openning it!
04-10 10:36:06.237   207   720 D NVRAM   : NVM_CheckVerFile: 1
04-10 10:36:06.239   207   720 D NVRAM   : New version info file
04-10 10:36:06.239   207   720 D NVRAM   : Load File Version: 000, NvRam File Version: 000
04-10 10:36:06.239   207   720 D NVRAM   : no need to enc/dnc
04-10 10:36:06.239   207   720 D NVRAM   : NVM_CheckFileSize : 22 ++
04-10 10:36:06.239   207   720 D NVRAM   : iCustomBeginLID = 50
04-10 10:36:06.239   207   720 D NVRAM   : NVM_CheckVerFile: 1
04-10 10:36:06.239   207   720 D NVRAM   : NVM_GetCfgFileTable : file_lid = 22
04-10 10:36:06.239   207   720 D NVRAM   : NVM_CheckFileSize:stat_size:82,size in table:80
04-10 10:36:06.239   207   720 D NVRAM   : NVM_ProtectUserData
04-10 10:36:06.239   207   720 D NVRAM   : NVM_ProtectUserData:Check File
04-10 10:36:06.240   207   720 D NVRAM   : NVM_CheckFile: File is correct!
04-10 10:36:06.240   207   720 D NVRAM   : NVM_ProtectUserData:Check Success
04-10 10:36:06.240   207   720 D NVRAM   : NVM_GetFileDesc ProtectDataFile Check Success!!
04-10 10:36:06.240   207   720 D NVRAM   : NVM_GetFileDesc --
04-10 10:36:06.241   207   720 D NVRAM   : no need to enc/dnc
04-10 10:36:06.241   207   720 D NVRAM   : NVM_CloseFileDesc: Open by Readonly, no need to check when close
04-10 10:36:06.241   207   720 D NvramDrv: NvramDrv [readNvramData]- 0 0 0 0 0 0 0 0 0 0
04-10 10:36:06.241   207   720 D nvbuf_util.cpp: nvbuf_util.cpp readRamVersion nvRamId=0 ver : isp=0,3a=0,sh=0,lens=0,pl=0,stb=0,tsf=0,geo=0,feature=0
04-10 10:36:06.241   207   720 D nvbuf_util.cpp: nvbuf_util.cpp readRamVersion ln=600 ver=0 err=0
04-10 10:36:06.241   207   720 D nvbuf_util.cpp: nvbuf_util.cpp ln=376 1
04-10 10:36:06.241   207   720 D nvbuf_util.cpp: nvbuf_util.cpp ln=393 20517
04-10 10:36:06.241   207   720 D NvramDrv: NvramDrv [readNvrameEx] sensor type = 1; NVRAM data type = 0
