04-10 10:35:56.122   738   987 D VoldConnector: RCV <- {200 9 Command succeeded}
04-10 10:35:56.124   738   738 D VoldConnector: SND -> {10 volume remount_uid 10026 none}
04-10 10:35:56.124   180   584 D VoldCmdListener: volume remount_uid 10026 none
04-10 10:35:56.124   180   584 D vold    : Remounting 10026 as mode none
04-10 10:35:56.134   738   987 D VoldConnector: RCV <- {200 10 Command succeeded}
04-10 10:35:56.135   738   738 D VoldConnector: SND -> {11 volume remount_uid 10026 none}
04-10 10:35:56.136   180   584 D VoldCmdListener: volume remount_uid 10026 none
04-10 10:35:56.136   180   584 D vold    : Remounting 10026 as mode none
04-10 10:35:56.144   738   987 D VoldConnector: RCV <- {200 11 Command succeeded}
04-10 10:35:56.146   738   738 D VoldConnector: SND -> {12 volume remount_uid 1002 none}
04-10 10:35:56.146   180   584 D VoldCmdListener: volume remount_uid 1002 none
04-10 10:35:56.146   180   584 D vold    : Remounting 1002 as mode none
04-10 10:35:56.156   738   987 D VoldConnector: RCV <- {200 12 Command succeeded}
04-10 10:35:56.157   738   738 D VoldConnector: SND -> {13 volume remount_uid 1002 none}
04-10 10:35:56.158   180   584 D VoldCmdListener: volume remount_uid 1002 none
04-10 10:35:56.158   180   584 D vold    : Remounting 1002 as mode none
04-10 10:35:56.166   738   987 D VoldConnector: RCV <- {200 13 Command succeeded}
04-10 10:35:56.168   738   738 I DefaultPermGrantPolicy: Granting permissions to default platform handlers for user 0
04-10 10:35:56.168   738   738 W VoiceInteractionManagerService: no available voice interaction services found for user 0
04-10 10:35:56.168   738   738 W VoiceInteractionManagerService: no available voice recognition services found for user 0
04-10 10:35:56.169   738   738 D VoldConnector: SND -> {14 volume remount_uid 10020 none}
04-10 10:35:56.169   180   584 D VoldCmdListener: volume remount_uid 10020 none
04-10 10:35:56.169   180   584 D vold    : Remounting 10020 as mode none
04-10 10:35:56.179   738   987 D VoldConnector: RCV <- {200 14 Command succeeded}
04-10 10:35:56.180   738   738 D VoldConnector: SND -> {15 volume remount_uid 10024 none}
04-10 10:35:56.181   180   584 D VoldCmdListener: volume remount_uid 10024 none
04-10 10:35:56.181   180   584 D vold    : Remounting 10024 as mode none
04-10 10:35:56.192   738   987 D VoldConnector: RCV <- {200 15 Command succeeded}
04-10 10:35:56.193   738   738 D VoldConnector: SND -> {16 volume remount_uid 10024 none}
04-10 10:35:56.193   180   584 D VoldCmdListener: volume remount_uid 10024 none
04-10 10:35:56.193   180   584 D vold    : Remounting 10024 as mode none
04-10 10:35:56.203   738   987 D VoldConnector: RCV <- {200 16 Command succeeded}
04-10 10:35:56.204   738   738 D VoldConnector: SND -> {17 volume remount_uid 10016 none}
04-10 10:35:56.204   180   584 D VoldCmdListener: volume remount_uid 10016 none
04-10 10:35:56.204   180   584 D vold    : Remounting 10016 as mode none
04-10 10:35:56.213   738   987 D VoldConnector: RCV <- {200 17 Command succeeded}
04-10 10:35:56.214   738   738 D VoldConnector: SND -> {18 volume remount_uid 10016 none}
04-10 10:35:56.214   180   584 D VoldCmdListener: volume remount_uid 10016 none
04-10 10:35:56.214   180   584 D vold    : Remounting 10016 as mode none
04-10 10:35:56.224   738   987 D VoldConnector: RCV <- {200 18 Command succeeded}
04-10 10:35:56.224   738   738 D VoldConnector: SND -> {19 volume remount_uid 10017 none}
04-10 10:35:56.225   180   584 D VoldCmdListener: volume remount_uid 10017 none
04-10 10:35:56.225   180   584 D vold    : Remounting 10017 as mode none
04-10 10:35:56.234   738   987 D VoldConnector: RCV <- {200 19 Command succeeded}
04-10 10:35:56.234   738   738 D VoldConnector: SND -> {20 volume remount_uid 10017 none}
04-10 10:35:56.234   180   584 D VoldCmdListener: volume remount_uid 10017 none
04-10 10:35:56.235   180   584 D vold    : Remounting 10017 as mode none
04-10 10:35:56.245   738   987 D VoldConnector: RCV <- {200 20 Command succeeded}
04-10 10:35:56.249   738   738 D VoldConnector: SND -> {21 volume remount_uid 10010 none}
04-10 10:35:56.249   180   584 D VoldCmdListener: volume remount_uid 10010 none
04-10 10:35:56.250   180   584 D vold    : Remounting 10010 as mode none
04-10 10:35:56.259   738   987 D VoldConnector: RCV <- {200 21 Command succeeded}
04-10 10:35:56.260   738   738 D VoldConnector: SND -> {22 volume remount_uid 10010 none}
04-10 10:35:56.260   180   584 D VoldCmdListener: volume remount_uid 10010 none
04-10 10:35:56.260   180   584 D vold    : Remounting 10010 as mode none
04-10 10:35:56.269   738   987 D VoldConnector: RCV <- {200 22 Command succeeded}
04-10 10:35:56.272   738   738 D VoldConnector: SND -> {23 volume remount_uid 10041 none}
04-10 10:35:56.273   180   584 D VoldCmdListener: volume remount_uid 10041 none
04-10 10:35:56.273   180   584 D vold    : Remounting 10041 as mode none
04-10 10:35:56.282   738   987 D VoldConnector: RCV <- {200 23 Command succeeded}
04-10 10:35:56.283   738   738 D VoldConnector: SND -> {24 volume remount_uid 10041 none}
04-10 10:35:56.283   180   584 D VoldCmdListener: volume remount_uid 10041 none
04-10 10:35:56.283   180   584 D vold    : Remounting 10041 as mode none
04-10 10:35:56.292   738   987 D VoldConnector: RCV <- {200 24 Command succeeded}
04-10 10:35:56.304   738   738 I ActivityManager: Pre-boot of {com.android.providers.calendar/com.android.providers.calendar.CalendarUpgradeReceiver} for user 0
04-10 10:35:56.306   738   738 I SystemServer: Enabled StrictMode for system server main thread.
04-10 10:35:56.317   738   771 I Zygote  : Process: zygote socket opened, supported ABIS: armeabi-v7a,armeabi
04-10 10:35:56.334   738   771 I ActivityManager: Start proc 1340:com.android.providers.calendar/u0a10 for broadcast com.android.providers.calendar/.CalendarUpgradeReceiver
04-10 10:35:56.338   738   738 I ActivityThread: Switching default density from 300 to 320
04-10 10:35:56.343   738   738 D RttService: SCAN_AVAILABLE : 1
04-10 10:35:56.344   738  1331 D RttService: DefaultState got{ when=0 what=160513 target=com.android.internal.util.StateMachine$SmHandler }
04-10 10:35:56.364   192   985 I [MALI][Gralloc]: usage: 0x933, format: 1 stride: 720 vertical_stride: 1280 size: 3686400
04-10 10:35:56.405   738   769 I ActivityManager: Launching preboot mode app: ProcessRecord{d789e8 1340:com.android.providers.calendar/u0a10}
04-10 10:35:56.432  1340  1340 W System  : ClassLoader referenced unknown path: /system/priv-app/CalendarProvider/lib/arm
04-10 10:35:56.432   738   973 E PROXIMITY: ProximitySensor: unknown event (type=3, code=0)
04-10 10:35:56.432   738   973 E PROXIMITY: ProximitySensor: unknown event (type=3, code=0)
04-10 10:35:56.432   738   973 E PROXIMITY: ProximitySensor: unknown event (type=3, code=8)
04-10 10:35:56.438   738  1334 D lights  : write_int open fd=99
04-10 10:35:56.455   738  1334 D lights  : write_int open fd=74
04-10 10:35:56.458   738   769 I ActivityManager: Pre-boot of {com.android.providers.contacts/com.android.providers.contacts.ContactsUpgradeReceiver} for user 0
04-10 10:35:56.473   738  1334 D lights  : write_int open fd=99
04-10 10:35:56.476   738   769 I ActivityManager: Start proc 1356:android.process.acore/u0a11 for broadcast com.android.providers.contacts/.ContactsUpgradeReceiver
04-10 10:35:56.491   738  1334 D lights  : write_int open fd=93
04-10 10:35:56.509   738  1334 D lights  : write_int open fd=99
04-10 10:35:56.527   738  1334 D lights  : write_int open fd=93
04-10 10:35:56.539   738  1359 I ActivityManager: Launching preboot mode app: ProcessRecord{93a9801 1356:android.process.acore/u0a11}
04-10 10:35:56.547   738  1334 D lights  : write_int open fd=99
04-10 10:35:56.559  1356  1356 W System  : ClassLoader referenced unknown path: /system/priv-app/ContactsProvider/lib/arm
04-10 10:35:56.564   738  1334 D lights  : write_int open fd=93
04-10 10:35:56.594  1356  1356 I ContactsUpgradeReceiver: Creating or opening contacts database
04-10 10:35:56.629  1356  1356 I ContactsDatabaseHelper: Bootstrapping database version: 1011
04-10 10:35:56.769  1356  1356 I ContactsProviderV1: Bootstrapping database legacy support
04-10 10:35:56.843  1372  1372 F libc    : page record for 0xb6eb601c was not found (block_size=16)
04-10 10:35:57.000   738   772 W WindowManager: Keyguard drawn timeout. Setting mKeyguardDrawComplete
04-10 10:35:57.384  1356  1356 I ContactsDatabaseHelper: Bootstrapping database version: 1011
04-10 10:35:57.511  1356  1356 I ContactsProviderV1: Bootstrapping database legacy support
04-10 10:35:57.680  1356  1356 I ContactsProvider: Locale has changed from null to ru-RU
04-10 10:35:57.683  1356  1356 I ContactsDatabaseHelper: Switching to locale ru-RU (ICU v55.1)
04-10 10:35:57.742  1356  1356 I ContactsDatabaseHelper: Locale change completed in 59ms
04-10 10:35:57.744  1356  1356 I ContactsDatabaseHelper: Switching to locale ru-RU (ICU v55.1)
04-10 10:35:57.795  1356  1356 I ContactsDatabaseHelper: Locale change completed in 51ms
04-10 10:35:57.853   738  1354 I ActivityManager: Pre-boot of {com.android.managedprovisioning/com.android.managedprovisioning.PreBootListener} for user 0
04-10 10:35:57.869   738  1354 I ActivityManager: Start proc 1374:com.android.managedprovisioning/u0a18 for broadcast com.android.managedprovisioning/.PreBootListener
04-10 10:35:57.908   192   352 I [MALI][Gralloc]: usage: 0xf02, format: 1 stride: 816 vertical_stride: 430 size: 1403520
04-10 10:35:57.920   192   985 I [MALI][Gralloc]: usage: 0xf02, format: 1 stride: 816 vertical_stride: 430 size: 1403520
04-10 10:35:57.938   192   350 I [MALI][Gralloc]: usage: 0xf02, format: 1 stride: 816 vertical_stride: 430 size: 1403520
04-10 10:35:57.949   738  1354 I ActivityManager: Launching preboot mode app: ProcessRecord{d8f5c94 1374:com.android.managedprovisioning/u0a18}
04-10 10:35:57.973  1374  1374 W System  : ClassLoader referenced unknown path: /system/priv-app/ManagedProvisioning/lib/arm
04-10 10:35:58.004   738   768 I ActivityManager: Pre-boot of {com.android.providers.media/com.android.providers.media.MediaUpgradeReceiver} for user 0
04-10 10:35:58.020   738   768 I ActivityManager: Start proc 1395:android.process.media/u0a16 for broadcast com.android.providers.media/.MediaUpgradeReceiver
04-10 10:35:58.053   192   350 I [MALI][Gralloc]: usage: 0xf02, format: 1 stride: 816 vertical_stride: 424 size: 1383936
04-10 10:35:58.066   192   352 I [MALI][Gralloc]: usage: 0xf02, format: 1 stride: 816 vertical_stride: 424 size: 1383936
04-10 10:35:58.075   192  1008 I [MALI][Gralloc]: usage: 0xf02, format: 1 stride: 816 vertical_stride: 424 size: 1383936
04-10 10:35:58.084   738  1359 I ActivityManager: Launching preboot mode app: ProcessRecord{2b7b33d 1395:android.process.media/u0a16}
04-10 10:35:58.107  1395  1395 W System  : ClassLoader referenced unknown path: /system/priv-app/MediaProvider/lib/arm
04-10 10:35:58.133   738  1359 I ActivityManager: Pre-boot of {com.android.settings/com.android.settings.ManagedProfileSetup} for user 0
04-10 10:35:58.152   738  1359 I ActivityManager: Start proc 1409:com.android.settings/1000 for broadcast com.android.settings/.ManagedProfileSetup
04-10 10:35:58.220   738   769 I ActivityManager: Launching preboot mode app: ProcessRecord{f021732 1409:com.android.settings/1000}
04-10 10:35:58.247  1409  1409 W System  : ClassLoader referenced unknown path: /system/priv-app/Settings/lib/arm
04-10 10:35:58.263   738   771 I ActivityManager: Removing system update proc: ProcessRecord{d789e8 1340:com.android.providers.calendar/u0a10}
04-10 10:35:58.263   738   771 I ActivityManager: Killing 1340:com.android.providers.calendar/u0a10 (adj 15): system update done
04-10 10:35:58.317   738   771 D ActivityManager: cleanUpApplicationRecord -- 1340
04-10 10:35:58.319   738   771 I ActivityManager: Removing system update proc: ProcessRecord{93a9801 1356:android.process.acore/u0a11}
04-10 10:35:58.319   738   771 I ActivityManager: Killing 1356:android.process.acore/u0a11 (adj 15): system update done
04-10 10:35:58.367   738   771 D ActivityManager: cleanUpApplicationRecord -- 1356
04-10 10:35:58.368   738   771 I ActivityManager: Removing system update proc: ProcessRecord{d8f5c94 1374:com.android.managedprovisioning/u0a18}
04-10 10:35:58.368   738   771 I ActivityManager: Killing 1374:com.android.managedprovisioning/u0a18 (adj 13): system update done
04-10 10:35:58.416   738   771 D ActivityManager: cleanUpApplicationRecord -- 1374
04-10 10:35:58.416   738   771 I ActivityManager: Removing system update proc: ProcessRecord{2b7b33d 1395:android.process.media/u0a16}
04-10 10:35:58.417   738   771 I ActivityManager: Killing 1395:android.process.media/u0a16 (adj 11): system update done
04-10 10:35:58.474   738   771 D ActivityManager: cleanUpApplicationRecord -- 1395
04-10 10:35:58.475   738   771 I ActivityManager: Removing system update proc: ProcessRecord{f021732 1409:com.android.settings/1000}
04-10 10:35:58.475   738   771 I ActivityManager: Killing 1409:com.android.settings/1000 (adj 9): system update done
04-10 10:35:58.533   738   771 D ActivityManager: cleanUpApplicationRecord -- 1409
04-10 10:35:58.533   738   771 I ActivityManager: System now ready
04-10 10:35:58.534   738   769 W art     : Long monitor contention event with owner method=void com.android.server.am.ActivityManagerService.systemReady(java.lang.Runnable) from ActivityManagerService.java:12022 waiters=1 for 221ms
04-10 10:35:58.535   738   768 W ActivityManager: Spurious death for ProcessRecord{93a9801 0:android.process.acore/u0a11}, curProc for 1356: null
04-10 10:35:58.536   738  1359 W ActivityManager: Spurious death for ProcessRecord{2b7b33d 0:android.process.media/u0a16}, curProc for 1395: null
04-10 10:35:58.537   738  1422 W ActivityManager: Spurious death for ProcessRecord{f021732 0:com.android.settings/1000}, curProc for 1409: null
04-10 10:35:58.537   738  1354 W ActivityManager: Spurious death for ProcessRecord{d8f5c94 0:com.android.managedprovisioning/u0a18}, curProc for 1374: null
04-10 10:35:58.538   738   769 W ActivityManager: Spurious death for ProcessRecord{d789e8 0:com.android.providers.calendar/u0a10}, curProc for 1340: null
04-10 10:35:58.542   738   771 I SystemServer: Making services ready
04-10 10:35:58.542   738   771 I SystemServiceManager: Starting phase 550
04-10 10:35:58.550   584   584 I vold    : type=1400 audit(0.0:67): avc: denied { unlink } for name="private:179,130" dev="tmpfs" ino=298 scontext=u:r:vold:s0 tcontext=u:object_r:voldblk_device:s0 tclass=blk_file permissive=1
04-10 10:35:58.550   584   584 I vold    : type=1400 audit(0.0:68): avc: denied { read } for name="disk:179,128" dev="tmpfs" ino=277 scontext=u:r:vold:s0 tcontext=u:object_r:voldblk_device:s0 tclass=blk_file permissive=1
04-10 10:35:58.550   584   584 I vold    : type=1400 audit(0.0:69): avc: denied { open } for path="/dev/block/vold/disk:179,128" dev="tmpfs" ino=277 scontext=u:r:vold:s0 tcontext=u:object_r:voldblk_device:s0 tclass=blk_file permissive=1
04-10 10:35:58.550   584   584 I vold    : type=1400 audit(0.0:70): avc: denied { ioctl } for path="/dev/block/vold/disk:179,128" dev="tmpfs" ino=277 ioctlcmd=1272 scontext=u:r:vold:s0 tcontext=u:object_r:voldblk_device:s0 tclass=blk_file permissive=1
04-10 10:35:58.550   738   986 D MountService: Thinking about reset, mSystemReady=true, mDaemonConnected=true
04-10 10:35:58.550   738   986 D VoldConnector: SND -> {25 volume reset}
04-10 10:35:58.551   180   584 D VoldCmdListener: volume reset
04-10 10:35:58.552   738   987 D VoldConnector: RCV <- {651 emulated 7}
04-10 10:35:58.552   738   987 D VoldConnector: RCV <- {659 emulated}
04-10 10:35:58.553   738   987 D VoldConnector: RCV <- {650 emulated 2 "" ""}
04-10 10:35:58.553   738   987 D VoldConnector: RCV <- {651 emulated 0}
04-10 10:35:58.553   738   987 D VoldConnector: RCV <- {651 private:179,130 7}
04-10 10:35:58.553   738   987 D VoldConnector: RCV <- {659 private:179,130}
04-10 10:35:58.556   738   987 D VoldConnector: RCV <- {649 disk:179,128}
04-10 10:35:58.557   738   987 D VoldConnector: RCV <- {640 disk:179,128 5}
04-10 10:35:58.557   738   987 D VoldConnector: RCV <- {641 disk:179,128 7744782336}
04-10 10:35:58.557   180   584 V vold    : /system/bin/sgdisk
04-10 10:35:58.557   180   584 V vold    :     --android-dump
04-10 10:35:58.557   180   584 V vold    :     /dev/block/vold/disk:179,128
04-10 10:35:58.557   738   987 D VoldConnector: RCV <- {642 disk:179,128 }
04-10 10:35:58.557   738   987 D VoldConnector: RCV <- {644 disk:179,128 /sys//devices/mtk-msdc.0/11130000.msdc1/mmc_host/mmc1/mmc1:1234/block/mmcblk1}
04-10 10:35:58.558   738   771 D UsbAlsaManager: Adding ALSA device AlsaDevice: [card: 0, device: 23, type: 1]
04-10 10:35:58.558   738   771 D UsbAlsaManager: Adding ALSA device AlsaDevice: [card: 0, device: 22, type: 1]
04-10 10:35:58.558   738   771 D UsbAlsaManager: Adding ALSA device AlsaDevice: [card: 0, device: 21, type: 1]
04-10 10:35:58.558   738   771 D UsbAlsaManager: Adding ALSA device AlsaDevice: [card: 0, device: 22, type: 2]
04-10 10:35:58.558   738   771 D UsbAlsaManager: Adding ALSA device AlsaDevice: [card: 0, device: 20, type: 1]
04-10 10:35:58.558   738   771 D UsbAlsaManager: Adding ALSA device AlsaDevice: [card: 0, device: 21, type: 2]
04-10 10:35:58.558   738   771 D UsbAlsaManager: Adding ALSA device AlsaDevice: [card: 0, device: 19, type: 1]
04-10 10:35:58.559   738   771 D UsbAlsaManager: Adding ALSA device AlsaDevice: [card: 0, device: 18, type: 1]
04-10 10:35:58.559   738   771 D UsbAlsaManager: Adding ALSA device AlsaDevice: [card: 0, device: 17, type: 1]
04-10 10:35:58.559   738   771 D UsbAlsaManager: Adding ALSA device AlsaDevice: [card: 0, device: 17, type: 2]
04-10 10:35:58.559   738   771 D UsbAlsaManager: Adding ALSA device AlsaDevice: [card: 0, device: 16, type: 2]
04-10 10:35:58.559   738   771 D UsbAlsaManager: Adding ALSA device AlsaDevice: [card: 0, device: 14, type: 1]
04-10 10:35:58.559   738   771 D UsbAlsaManager: Adding ALSA device AlsaDevice: [card: 0, device: 15, type: 2]
04-10 10:35:58.559   738   771 D UsbAlsaManager: Adding ALSA device AlsaDevice: [card: 0, device: 13, type: 2]
04-10 10:35:58.559   738   771 D UsbAlsaManager: Adding ALSA device AlsaDevice: [card: 0, device: 11, type: 1]
04-10 10:35:58.559   738   771 D UsbAlsaManager: Adding ALSA device AlsaDevice: [card: 0, device: 12, type: 2]
04-10 10:35:58.559   738   738 W System  : ClassLoader referenced unknown path: /system/priv-app/Telecom/lib/arm
04-10 10:35:58.559   738   771 D UsbAlsaManager: Adding ALSA device AlsaDevice: [card: 0, device: 10, type: 1]
04-10 10:35:58.559   738   771 D UsbAlsaManager: Adding ALSA device AlsaDevice: [card: 0, device: 8, type: 1]
04-10 10:35:58.559   738   771 D UsbAlsaManager: Adding ALSA device AlsaDevice: [card: 0, device: 9, type: 2]
04-10 10:35:58.559   738   771 D UsbAlsaManager: Adding ALSA device AlsaDevice: [card: 0, device: 7, type: 1]
04-10 10:35:58.559   738   771 D UsbAlsaManager: Adding ALSA device AlsaDevice: [card: 0, device: 6, type: 1]
04-10 10:35:58.559   738   771 D UsbAlsaManager: Adding ALSA device AlsaDevice: [card: 0, device: 7, type: 2]
04-10 10:35:58.560   738   771 D UsbAlsaManager: Adding ALSA device AlsaDevice: [card: 0, device: 5, type: 1]
04-10 10:35:58.560   738   771 D UsbAlsaManager: Adding ALSA device AlsaDevice: [card: 0, device: 6, type: 2]
04-10 10:35:58.560   738   771 D UsbAlsaManager: Adding ALSA device AlsaDevice: [card: 0, device: 4, type: 1]
04-10 10:35:58.560   738   771 D UsbAlsaManager: Adding ALSA device AlsaDevice: [card: 0, device: 5, type: 2]
04-10 10:35:58.560   738   771 D UsbAlsaManager: Adding ALSA device AlsaDevice: [card: 0, device: 3, type: 1]
04-10 10:35:58.560   738   771 D UsbAlsaManager: Adding ALSA device AlsaDevice: [card: 0, device: 4, type: 2]
04-10 10:35:58.560   738   771 D UsbAlsaManager: Adding ALSA device AlsaDevice: [card: 0, device: 2, type: 1]
04-10 10:35:58.560   738   771 D UsbAlsaManager: Adding ALSA device AlsaDevice: [card: 0, device: 3, type: 2]
04-10 10:35:58.560   738   771 D UsbAlsaManager: Adding ALSA device AlsaDevice: [card: 0, device: 2, type: 2]
04-10 10:35:58.560   738   771 D UsbAlsaManager: Adding ALSA device AlsaDevice: [card: 0, device: 0, type: 1]
04-10 10:35:58.560   738   771 D UsbAlsaManager: Adding ALSA device AlsaDevice: [card: 0, device: 1, type: 2]
04-10 10:35:58.583   738   775 D BluetoothManagerService: Message: 20
04-10 10:35:58.583   738   775 D BluetoothManagerService: Added callback: android.bluetooth.BluetoothAdapter$1@6aa9730:true
04-10 10:35:58.584   738   775 D BluetoothManagerService: Message: 30
04-10 10:35:58.595   738   738 I Telecom : ViceNotificationImpl: ViceNotificationImpl
04-10 10:35:58.600  1425  1425 I sgdisk  : type=1400 audit(0.0:71): avc: denied { read } for name="disk:179,128" dev="tmpfs" ino=277 scontext=u:r:sgdisk:s0 tcontext=u:object_r:voldblk_device:s0 tclass=blk_file permissive=1
04-10 10:35:58.600  1425  1425 I sgdisk  : type=1400 audit(0.0:72): avc: denied { open } for path="/dev/block/vold/disk:179,128" dev="tmpfs" ino=277 scontext=u:r:sgdisk:s0 tcontext=u:object_r:voldblk_device:s0 tclass=blk_file permissive=1
04-10 10:35:58.600  1425  1425 I sgdisk  : type=1400 audit(0.0:73): avc: denied { getattr } for path="/dev/block/vold/disk:179,128" dev="tmpfs" ino=277 scontext=u:r:sgdisk:s0 tcontext=u:object_r:voldblk_device:s0 tclass=blk_file permissive=1
04-10 10:35:58.600  1425  1425 I sgdisk  : type=1400 audit(0.0:74): avc: denied { ioctl } for path="/dev/block/vold/disk:179,128" dev="tmpfs" ino=277 ioctlcmd=1268 scontext=u:r:sgdisk:s0 tcontext=u:object_r:voldblk_device:s0 tclass=blk_file permissive=1
04-10 10:35:58.600  1425  1425 I sgdisk  : type=1400 audit(0.0:75): avc: denied { write } for name="disk:179,128" dev="tmpfs" ino=277 scontext=u:r:sgdisk:s0 tcontext=u:object_r:voldblk_device:s0 tclass=blk_file permissive=1
04-10 10:35:58.602   738   775 D BluetoothManagerService: Message: 30
04-10 10:35:58.618   738  1426 I ActivityManager: Start proc 1427:android.process.acore/u0a11 for content provider com.android.providers.contacts/.CallLogProvider
04-10 10:35:58.619   738   738 I Telecom : BluetoothPhoneService: Ignoring IBluetoothDsdaService class not found exception 
04-10 10:35:58.620   584   584 I vold    : type=1400 audit(0.0:76): avc: denied { create } for name="private:179,130" scontext=u:r:vold:s0 tcontext=u:object_r:voldblk_device:s0 tclass=blk_file permissive=1
04-10 10:35:58.622   180   584 V vold    : DISK gpt F342FEEA-A652-4F60-B694-D8C566F84758
04-10 10:35:58.622   180   584 V vold    : PART 1 19A710A2-B3CA-11E4-B026-10604B889DCF 66CC8B1B-DB76-4226-AE5F-989E287F70EC android_meta
04-10 10:35:58.622   180   584 V vold    : PART 2 193D1EA4-B3CA-11E4-B075-10604B889DCF A0C0EE3A-FFB3-980B-8C9C-0DFF5E38A832 android_expand
04-10 10:35:58.623   180   584 D vold    : Found key for GUID a0c0ee3affb3980b8c9c0dff5e38a832
04-10 10:35:58.623   738   738 I Telecom : Class: TelecomSystem.INSTANCE being set
04-10 10:35:58.623   180   584 D vold    : PrivateVolume(private:179,130) is newed
04-10 10:35:58.624   738   738 W ContextImpl: Calling a method in the system process without a qualified user: android.app.ContextImpl.startService:1221 android.content.ContextWrapper.startService:581 com.android.server.telecom.components.TelecomService.initializeTelecomSystem:117 com.android.server.telecom.components.TelecomService.onBind:48 android.app.ActivityThread.handleBindService:2920 
04-10 10:35:58.624   180   584 E Cryptfs : Cannot remove dm-crypt device, retry(0), rtn(-1)
04-10 10:35:58.645   738   738 I PackageManager: Replacing preferred activity com.android.messaging/.ui.conversation.LaunchConversationActivity for user 0:
04-10 10:35:58.646   738   738 I PackageManager:   Action: "android.intent.action.SENDTO"
04-10 10:35:58.646   738   738 I PackageManager:   Category: "android.intent.category.DEFAULT"
04-10 10:35:58.646   738   738 I PackageManager:   Scheme: "sms"
04-10 10:35:58.646   738   738 I PackageManager:   AutoVerify=false
04-10 10:35:58.647   738   738 I PackageManager: Replacing preferred activity com.android.messaging/.ui.conversation.LaunchConversationActivity for user 0:
04-10 10:35:58.647   738   738 I PackageManager:   Action: "android.intent.action.SENDTO"
04-10 10:35:58.647   738   738 I PackageManager:   Category: "android.intent.category.DEFAULT"
04-10 10:35:58.647   738   738 I PackageManager:   Scheme: "smsto"
04-10 10:35:58.647   738   738 I PackageManager:   AutoVerify=false
04-10 10:35:58.647   738   738 I PackageManager: Replacing preferred activity com.android.messaging/.ui.conversation.LaunchConversationActivity for user 0:
04-10 10:35:58.647   738   738 I PackageManager:   Action: "android.intent.action.SENDTO"
04-10 10:35:58.647   738   738 I PackageManager:   Category: "android.intent.category.DEFAULT"
04-10 10:35:58.647   738   738 I PackageManager:   Scheme: "mms"
04-10 10:35:58.647   738   738 I PackageManager:   AutoVerify=false
04-10 10:35:58.647   738   738 I PackageManager: Replacing preferred activity com.android.messaging/.ui.conversation.LaunchConversationActivity for user 0:
04-10 10:35:58.647   738   738 I PackageManager:   Action: "android.intent.action.SENDTO"
04-10 10:35:58.647   738   738 I PackageManager:   Category: "android.intent.category.DEFAULT"
04-10 10:35:58.647   738   738 I PackageManager:   Scheme: "mmsto"
04-10 10:35:58.647   738   738 I PackageManager:   AutoVerify=false
04-10 10:35:58.651   738   738 I DefaultPermGrantPolicy: Granting permissions to default sms app for user:0
04-10 10:35:58.653   738   738 I DefaultPermGrantPolicy: Granting permissions to default dialer app for user:0
04-10 10:35:58.656   738   738 I Telecom : PhoneAccountRegistrar: SimCallManager queried, returning: null
04-10 10:35:58.667   738   738 I DefaultPermGrantPolicy: Granting permissions to default sms app for user:0
04-10 10:35:58.699  1427  1427 W System  : ClassLoader referenced unknown path: /system/priv-app/ContactsProvider/lib/arm
04-10 10:35:58.746  1427  1427 W System  : ClassLoader referenced unknown path: /system/app/UserDictionaryProvider/lib/arm
04-10 10:35:58.818  1427  1446 I ContactLocale: AddressBook Labels [ru-RU]: [, , , , , , , , , , , , , , , , , , , , , , , , , , , , , , , , , , , , , , , A, B, C, D, E, F, G, H, I, J, K, L, M, N, O, P, Q, R, S, T, U, V, W, X, Y, Z, , , , , , , , , , , , , , , , , , , , , , , , , , , , , , , , , , , , , , , , , , , , , , , , , , , , , , , , , , , , , , , , , , , , , , , , , , , , , , , , , , , , , , , , , , , , , , , , , , , , , , , , , , , , , , , , , , , , , , , , , , , , , , , , , , , , , , , , , , , , , , , , , , , , , , #, ]
04-10 10:35:58.822   738   775 D BluetoothManagerService: Message: 100
04-10 10:35:58.822   738   775 E BluetoothManagerService: MESSAGE_TIMEOUT_BIND
04-10 10:35:59.007  1427  1446 D ContactDirectoryManager: Found com.android.exchange.directory.provider
04-10 10:35:59.024   738   769 I ActivityManager: Start proc 1448:com.android.exchange/u0a40 for content provider com.android.exchange/.provider.ExchangeDirectoryProvider
04-10 10:35:59.110  1448  1448 W System  : ClassLoader referenced unknown path: /system/app/Exchange2/lib/arm
04-10 10:35:59.124   180   584 E Cryptfs : Cannot remove dm-crypt device, retry(1), rtn(-1)
04-10 10:35:59.143   738  1423 I ActivityManager: Start proc 1461:com.android.email/u0a38 for content provider com.android.email/.provider.EmailProvider
04-10 10:35:59.208  1427  1446 I ContactDirectoryManager: deleted 0 stale rows which don't have any relevant directory
04-10 10:35:59.216  1427  1446 I ContactDirectoryManager: Discovered 0 contact directories in 272ms
04-10 10:35:59.239  1461  1461 W System  : ClassLoader referenced unknown path: /system/app/Email/lib/arm
04-10 10:35:59.240  1427  1446 I ContactsProvider: Upgrading aggregation algorithm
04-10 10:35:59.244  1427  1446 I ContactAggregator: Marked all visible contacts for aggregation: 0 raw contacts, 3 ms
04-10 10:35:59.260  1427  1446 I ContactsProvider: Aggregation algorithm upgraded for 0 raw contacts in 20ms
04-10 10:35:59.296  1427  1446 I ContactsFTS: Rebuild contact search index in 31ms, 0 contacts
04-10 10:35:59.302  1461  1475 D ActivityThread: Loading provider com.android.email.provider;com.android.email.notifier: com.android.email.provider.EmailProvider
04-10 10:35:59.312  1461  1461 D ActivityThread: Loading provider com.android.email.provider;com.android.email.notifier: com.android.email.provider.EmailProvider
04-10 10:35:59.315  1461  1476 D ActivityThread: Loading provider com.android.email.provider;com.android.email.notifier: com.android.email.provider.EmailProvider
04-10 10:35:59.319  1461  1478 D ActivityThread: Loading provider com.android.email.provider;com.android.email.notifier: com.android.email.provider.EmailProvider
04-10 10:35:59.468   738  1424 W ActivityManager: Unable to start service Intent { cmp=com.android.email/.service.AttachmentService } U=0: not found
04-10 10:35:59.469   738  1422 W ActivityManager: Unable to start service Intent { act=com.android.mail.action.BACKUP_DATA_CHANGED pkg=com.android.email } U=0: not found
04-10 10:35:59.473   738  1424 W ActivityManager: Unable to start service Intent { act=com.android.mail.action.BACKUP_DATA_CHANGED pkg=com.android.email } U=0: not found
04-10 10:35:59.477   738  1359 W ActivityManager: Unable to start service Intent { act=com.android.mail.action.BACKUP_DATA_CHANGED pkg=com.android.email } U=0: not found
04-10 10:35:59.478   738  1424 W ActivityManager: Unable to start service Intent { act=com.android.mail.action.BACKUP_DATA_CHANGED pkg=com.android.email } U=0: not found
04-10 10:35:59.480  1461  1482 I Email   : Observing account changes for notifications
04-10 10:35:59.480   738  1359 W ActivityManager: Unable to start service Intent { act=com.android.mail.action.BACKUP_DATA_CHANGED pkg=com.android.email } U=0: not found
04-10 10:35:59.482   738  1354 W ActivityManager: Unable to start service Intent { act=com.android.mail.action.BACKUP_DATA_CHANGED pkg=com.android.email } U=0: not found
04-10 10:35:59.483   738  1359 W ActivityManager: Unable to start service Intent { act=com.android.mail.action.BACKUP_DATA_CHANGED pkg=com.android.email } U=0: not found
04-10 10:35:59.624   180   584 E Cryptfs : Cannot remove dm-crypt device, retry(2), rtn(-1)
04-10 10:35:59.902  1461  1475 W art     : Long monitor contention event with owner method=void java.lang.Thread.nativeCreate(java.lang.Thread, long, boolean) from Thread.java:4294967294 waiters=0 for 585ms
04-10 10:35:59.903  1461  1476 W art     : Long monitor contention event with owner method=void java.lang.Thread.nativeCreate(java.lang.Thread, long, boolean) from Thread.java:4294967294 waiters=1 for 581ms
04-10 10:35:59.904  1461  1478 W art     : Long monitor contention event with owner method=void java.lang.Thread.nativeCreate(java.lang.Thread, long, boolean) from Thread.java:4294967294 waiters=2 for 579ms
04-10 10:35:59.911   738  1422 W ActivityManager: Unable to start service Intent { cmp=com.android.email/.service.AttachmentService } U=0: not found
04-10 10:35:59.919   738   769 W ActivityManager: Unable to start service Intent { cmp=com.android.email/.service.AttachmentService } U=0: not found
04-10 10:35:59.923   738  1359 W ActivityManager: Unable to start service Intent { cmp=com.android.email/.service.AttachmentService } U=0: not found
04-10 10:35:59.928  1448  1448 I Exchange: EasService.onCreate
04-10 10:35:59.933  1461  1479 W art     : Long monitor contention event with owner method=boolean android.os.BinderProxy.transactNative(int, android.os.Parcel, android.os.Parcel, int) from Binder.java:4294967294 waiters=0 for 615ms
04-10 10:35:59.935   738  1422 W ActivityManager: Unable to start service Intent { cmp=com.android.email/.service.AttachmentService } U=0: not found
04-10 10:35:59.939  1448  1485 I Exchange: RestartPingTask
04-10 10:35:59.951  1461  1480 W art     : Long monitor contention event with owner method=boolean android.os.BinderProxy.transactNative(int, android.os.Parcel, android.os.Parcel, int) from Binder.java:4294967294 waiters=1 for 475ms
04-10 10:35:59.964  1448  1448 I Exchange: RestartPingsTask did not start any pings.
04-10 10:35:59.964  1448  1448 I Exchange: PSS stopIfIdle
04-10 10:35:59.964  1448  1448 I Exchange: PSS has no active accounts; stopping service.
04-10 10:35:59.968  1448  1448 I Exchange: onDestroy
04-10 10:36:00.021  1448  1448 I Exchange: EasService.onCreate
04-10 10:36:00.024  1448  1488 I Exchange: RestartPingTask
04-10 10:36:00.034  1448  1448 I Exchange: RestartPingsTask did not start any pings.
04-10 10:36:00.034  1448  1448 I Exchange: PSS stopIfIdle
04-10 10:36:00.034  1448  1448 I Exchange: PSS has no active accounts; stopping service.
04-10 10:36:00.035  1448  1448 I Exchange: onDestroy
04-10 10:36:00.125   180   584 E Cryptfs : Cannot remove dm-crypt device, retry(3), rtn(-1)
04-10 10:36:00.625   180   584 E Cryptfs : Cannot remove dm-crypt device, retry(4), rtn(-1)
04-10 10:36:01.125   180   584 E Cryptfs : Cannot remove dm-crypt device, retry(5), rtn(-1)
04-10 10:36:01.625   180   584 E Cryptfs : Cannot remove dm-crypt device, retry(6), rtn(-1)
04-10 10:36:02.125   180   584 E Cryptfs : Cannot remove dm-crypt device, retry(7), rtn(-1)
04-10 10:36:02.626   180   584 E Cryptfs : Cannot remove dm-crypt device, retry(8), rtn(-1)
04-10 10:36:02.659  1490  1490 F libc    : page record for 0xb6f9601c was not found (block_size=16)
04-10 10:36:03.126   180   584 E Cryptfs : Cannot remove dm-crypt device, retry(9), rtn(-1)
04-10 10:36:03.628   180   584 I Cryptfs : Enabling support for allow_discards in dmcrypt.
04-10 10:36:03.632   180   584 I Cryptfs : The dm-crypt device is already created, /dev/block/dm-0
04-10 10:36:03.633   180   183 V vold    : ----------------
04-10 10:36:03.633   180   183 V vold    : handleBlockEvent with action 2
04-10 10:36:03.633   180   183 D NetlinkEvent: NL param 'DEVPATH=/devices/virtual/block/dm-0'
04-10 10:36:03.633   180   183 D NetlinkEvent: NL param 'MAJOR=253'
04-10 10:36:03.633   180   183 D NetlinkEvent: NL param 'MINOR=0'
04-10 10:36:03.633   180   183 D NetlinkEvent: NL param 'DEVNAME=dm-0'
04-10 10:36:03.633   180   183 D NetlinkEvent: NL param 'DEVTYPE=disk'
04-10 10:36:03.633   180   183 D NetlinkEvent: NL param 'NPARTS=0'
04-10 10:36:03.634   180   183 V vold    : ----------------
04-10 10:36:03.634   180   183 V vold    : handleBlockEvent with action 2
04-10 10:36:03.634   180   183 D NetlinkEvent: NL param 'DEVPATH=/devices/virtual/block/dm-0'
04-10 10:36:03.634   180   183 D NetlinkEvent: NL param 'MAJOR=253'
04-10 10:36:03.634   738   987 D VoldConnector: RCV <- {650 private:179,130 1 "disk:179,128" "A0C0EE3A-FFB3-980B-8C9C-0DFF5E38A832"}
04-10 10:36:03.634   180   183 D NetlinkEvent: NL param 'MINOR=0'
04-10 10:36:03.634   180   183 D NetlinkEvent: NL param 'DEVNAME=dm-0'
04-10 10:36:03.634   180   183 D NetlinkEvent: NL param 'DEVTYPE=disk'
04-10 10:36:03.634   180   183 D NetlinkEvent: NL param 'NPARTS=0'
04-10 10:36:03.634   180   183 V vold    : ----------------
04-10 10:36:03.634   180   183 V vold    : handleBlockEvent with action 1
04-10 10:36:03.634   738   987 D VoldConnector: RCV <- {651 private:179,130 0}
04-10 10:36:03.634   180   183 D NetlinkEvent: NL param 'DEVPATH=/devices/virtual/block/dm-0'
04-10 10:36:03.634   180   183 D NetlinkEvent: NL param 'MAJOR=253'
04-10 10:36:03.634   180   183 D NetlinkEvent: NL param 'MINOR=0'
04-10 10:36:03.634   180   183 D NetlinkEvent: NL param 'DEVNAME=dm-0'
04-10 10:36:03.634   738   987 D VoldConnector: RCV <- {643 disk:179,128}
04-10 10:36:03.634   180   183 D NetlinkEvent: NL param 'DEVTYPE=disk'
04-10 10:36:03.634   180   183 D NetlinkEvent: NL param 'NPARTS=0'
04-10 10:36:03.634   738   987 D VoldConnector: RCV <- {200 25 Command succeeded}
04-10 10:36:03.634   180   183 V vold    : ----------------
04-10 10:36:03.634   180   183 V vold    : handleBlockEvent with action 3
04-10 10:36:03.634   180   183 D NetlinkEvent: NL param 'DEVPATH=/devices/virtual/block/dm-0'
04-10 10:36:03.634   180   183 D NetlinkEvent: NL param 'MAJOR=253'
04-10 10:36:03.634   180   183 D NetlinkEvent: NL param 'MINOR=0'
04-10 10:36:03.635   180   183 D NetlinkEvent: NL param 'DEVNAME=dm-0'
04-10 10:36:03.635   180   183 D NetlinkEvent: NL param 'DEVTYPE=disk'
04-10 10:36:03.635   180   183 D NetlinkEvent: NL param 'NPARTS=0'
04-10 10:36:03.635   180   183 D vold    : Disk at 253:0 changed
04-10 10:36:03.635   738   986 E VoldConnector: NDC Command {25 volume reset} took too long (5084ms)
04-10 10:36:03.636   738   986 D VoldConnector: SND -> {26 volume user_added 0 0}
04-10 10:36:03.636   180   584 D VoldCmdListener: volume user_added 0 0
04-10 10:36:03.636   738   987 D VoldConnector: RCV <- {200 26 Command succeeded}
04-10 10:36:03.637   738   773 W art     : Long monitor contention event with owner method=void java.lang.Object.wait!(long, int) from Object.java:4294967294 waiters=0 for 5.083s
04-10 10:36:03.638   738   771 W art     : Long monitor contention event with owner method=void java.lang.Object.wait!(long, int) from Object.java:4294967294 waiters=1 for 5.077s
04-10 10:36:03.638   738   771 W MountService: No primary storage defined yet; hacking together a stub
04-10 10:36:03.647   738   986 D VoldConnector: SND -> {27 volume mount private:179,130 0 -1}
04-10 10:36:03.647   180   584 D VoldCmdListener: volume mount private:179,130 0 -1
04-10 10:36:03.647   738   771 I SystemServer: WebViewFactory preparation
04-10 10:36:03.648   180   584 V vold    : /system/bin/blkid
04-10 10:36:03.648   180   584 V vold    :     -c
04-10 10:36:03.648   180   584 V vold    :     /dev/null
04-10 10:36:03.648   180   584 V vold    :     -s
04-10 10:36:03.648   738   987 D VoldConnector: RCV <- {651 private:179,130 1}
04-10 10:36:03.648   180   584 V vold    :     TYPE
04-10 10:36:03.648   180   584 V vold    :     -s
04-10 10:36:03.648   180   584 V vold    :     UUID
04-10 10:36:03.648   180   584 V vold    :     -s
04-10 10:36:03.648   180   584 V vold    :     LABEL
04-10 10:36:03.648   180   584 V vold    :     /dev/block/dm-0
04-10 10:36:03.680   738   771 I ActivityManager: Start proc 1500:WebViewLoader-armeabi-v7a/1037 [android.webkit.WebViewFactory$RelroFileCreator] for 
04-10 10:36:03.699   738   771 I ActivityManager: Start proc 1505:com.android.systemui/u0a26 for service com.android.systemui/.SystemUIService
04-10 10:36:03.701   738   738 D ZenLog  : disable_effects: -1|android|17040449|null|1000,booleanState
04-10 10:36:03.703   738   771 D NetworkManagement: enabling bandwidth control
04-10 10:36:03.705   738   738 D ZenLog  : disable_effects: -1|android|17040455|null|1000,booleanState
04-10 10:36:03.748  1500  1500 V WebViewFactory: RelroFileCreator (64bit = false),  32-bit lib: /system/app/webview/webview.apk!/lib/armeabi-v7a/libwebviewchromium.so, 64-bit lib: 
04-10 10:36:03.758   180   584 V vold    : /dev/block/dm-0: UUID="629a8e05-8eb0-4b97-b721-a3c19235831f" TYPE="ext4" 
04-10 10:36:03.759   738   987 D VoldConnector: RCV <- {652 private:179,130 ext4}
04-10 10:36:03.759   738   987 D VoldConnector: RCV <- {653 private:179,130 629a8e05-8eb0-4b97-b721-a3c19235831f}
04-10 10:36:03.759   738   987 D VoldConnector: RCV <- {654 private:179,130 }
04-10 10:36:03.759   738   987 D VoldConnector: RCV <- {655 private:179,130 /mnt/expand/629a8e05-8eb0-4b97-b721-a3c19235831f}
04-10 10:36:03.760   319   319 I memsicp : type=1400 audit(0.0:77): avc: denied { ioctl } for path="/dev/gsensor" dev="tmpfs" ino=3182 ioctlcmd=8511 scontext=u:r:init:s0 tcontext=u:object_r:gsensor_device:s0 tclass=chr_file permissive=1
04-10 10:36:03.808  1505  1505 W System  : ClassLoader referenced unknown path: /system/priv-app/SystemUI/lib/arm
04-10 10:36:03.823  1505  1505 V SystemUIService: Starting SystemUI services.
04-10 10:36:03.862   180   584 D Vold    : Running /system/bin/e2fsck on /dev/block/dm-0
04-10 10:36:03.862   180   584 V vold    : /system/bin/e2fsck
04-10 10:36:03.862   180   584 V vold    :     -y
04-10 10:36:03.862   180   584 V vold    :     /dev/block/dm-0
04-10 10:36:03.890  1532  1532 I e2fsck  : type=1400 audit(0.0:78): avc: denied { getattr } for path="/dev/block/zram0" dev="tmpfs" ino=3199 scontext=u:r:fsck:s0 tcontext=u:object_r:zram0_device:s0 tclass=blk_file permissive=1
04-10 10:36:03.899   180   584 I e2fsck  : e2fsck 1.42.9 (28-Dec-2013)
04-10 10:36:03.922   180   584 I e2fsck  : /dev/block/dm-0: clean, 3543/472352 files, 1527248/1886459 blocks
04-10 10:36:03.922   180   584 D vold    : private:179,130 passed filesystem check
04-10 10:36:03.928  1500  1500 I art     : System.exit called, status: 0
04-10 10:36:03.928  1500  1500 I AndroidRuntime: VM exiting with result code 0, cleanup skipped.
04-10 10:36:03.942   180   584 V vold    : Starting restorecon of /mnt/expand/629a8e05-8eb0-4b97-b721-a3c19235831f
04-10 10:36:03.944   738  1323 D NotificationSQLiteLog: Pruned event entries: 0
04-10 10:36:04.056  1505  1539 D WVMExtractorImpl: IsWidevineMedia() return 0
04-10 10:36:04.062   206   413 D WVMDrmPlugIn: WVMDrmPlugin::onInitialize : 4894
04-10 10:36:04.062   206   413 D WVMDrmPlugIn: WVMDrmPlugin::onSetOnInfoListener : add 4894
04-10 10:36:04.062   206   413 D DrmMtkPlugIn: DrmMtkPlugIn::onInitialize : 4894
04-10 10:36:04.062   206   413 D DrmMtkPlugIn: DrmMtkPlugIn::onSetOnInfoListener : 4894
04-10 10:36:04.067   206   206 W ServiceManager: Permission failure: com.oma.drm.permission.ACCESS_OMA_DRM from uid=10026 pid=1505
04-10 10:36:04.069   206   206 D WVMDrmPlugIn: WVMDrmPlugin::onTerminate : 4894
04-10 10:36:04.069   206   206 D DrmMtkPlugIn: DrmMtkPlugIn::onTerminate : 4894
04-10 10:36:04.086   738  1354 W AppWidgetServiceImpl: Failed to read state: java.io.FileNotFoundException: /data/system/users/0/appwidgets.xml: open failed: ENOENT (No such file or directory)
04-10 10:36:04.091   738  1354 V AppWidgetServiceImpl: Upgrading widget database from 0 to 1
04-10 10:36:04.114   207   720 D MtkOmxCore: Core_Init called
04-10 10:36:04.114   207   720 D MtkOmxCore: Core_Init gInstancePoolLock init
04-10 10:36:04.114   207   720 D MtkOmxCore: +MTK_OMX_Init tick=1523356564114
04-10 10:36:04.114   207   720 D MtkOmxCore: +ParseMtkCoreConfig
04-10 10:36:04.115   207   720 D MtkOmxCore: ParseMtkCoreConfig: gCoreComponentCounts = 31
04-10 10:36:04.115   207   720 D MtkOmxCore: -ParseMtkCoreConfig
04-10 10:36:04.116   207   720 D MtkOmxCore: Mtk_OMX_Init gCoreComponents 0xb154b000
04-10 10:36:04.116   207   720 D MtkOmxCore: +++++ dump_core_comp_table +++++
04-10 10:36:04.116   207   720 D MtkOmxCore: name(OMX.MTK.VIDEO.DECODER.HEVC), role(video_decoder.hevc), path(libMtkOmxVdecEx.so)
04-10 10:36:04.116   207   720 D MtkOmxCore: name(OMX.MTK.VIDEO.DECODER.H263), role(video_decoder.h263), path(libMtkOmxVdecEx.so)
04-10 10:36:04.116   207   720 D MtkOmxCore: name(OMX.MTK.VIDEO.DECODER.MPEG4), role(video_decoder.mpeg4), path(libMtkOmxVdecEx.so)
04-10 10:36:04.116   207   720 D MtkOmxCore: name(OMX.MTK.VIDEO.DECODER.AVC), role(video_decoder.avc), path(libMtkOmxVdecEx.so)
04-10 10:36:04.116   207   720 D MtkOmxCore: name(OMX.MTK.VIDEO.DECODER.RV), role(video_decoder.rv), path(libMtkOmxVdecEx.so)
04-10 10:36:04.116   207   720 D MtkOmxCore: name(OMX.MTK.VIDEO.DECODER.VC1), role(video_decoder.vc1), path(libMtkOmxVdecEx.so)
04-10 10:36:04.116   207   720 D MtkOmxCore: name(OMX.MTK.VIDEO.DECODER.VPX), role(video_decoder.vpx), path(libMtkOmxVdecEx.so)
04-10 10:36:04.116   207   720 D MtkOmxCore: name(OMX.MTK.VIDEO.DECODER.VP9), role(video_decoder.vp9), path(libMtkOmxVdecEx.so)
04-10 10:36:04.116   207   720 D MtkOmxCore: name(OMX.MTK.VIDEO.DECODER.DIVX), role(video_decoder.divx), path(libMtkOmxVdecEx.so)
04-10 10:36:04.116   207   720 D MtkOmxCore: name(OMX.MTK.VIDEO.DECODER.XVID), role(video_decoder.xvid), path(libMtkOmxVdecEx.so)
04-10 10:36:04.116   207   720 D MtkOmxCore: name(OMX.MTK.VIDEO.DECODER.S263), role(video_decoder.s263), path(libMtkOmxVdecEx.so)
04-10 10:36:04.116   207   720 D MtkOmxCore: name(OMX.MTK.AUDIO.DECODER.RA), role(audio_decoder.ra), path(libMtkOmxCookDec.so)
04-10 10:36:04.116   207   720 D MtkOmxCore: name(OMX.MTK.AUDIO.DECODER.MP3), role(audio_decoder.mp3), path(libMtkOmxMp3Dec.so)
04-10 10:36:04.116   207   720 D MtkOmxCore: name(OMX.MTK.AUDIO.DECODER.G711.ALAW), role(audio_decoder.g711), path(libMtkOmxG711Dec.so)
04-10 10:36:04.116   207   720 D MtkOmxCore: name(OMX.MTK.AUDIO.DECODER.G711.MLAW), role(audio_decoder.g711), path(libMtkOmxG711Dec.so)
04-10 10:36:04.116   207   720 D MtkOmxCore: name(OMX.MTK.AUDIO.DECODER.WMAPRO), role(audio_decoder.wma), path(libMtkOmxWmaProDec.so)
04-10 10:36:04.116   207   720 D MtkOmxCore: name(OMX.MTK.AUDIO.DECODER.WMA), role(audio_decoder.wma), path(libMtkOmxWmaDec.so)
04-10 10:36:04.116   207   720 D MtkOmxCore: name(OMX.MTK.VIDEO.ENCODER.AVC), role(video_encoder.avc), path(libMtkOmxVenc.so)
04-10 10:36:04.116   207   720 D MtkOmxCore: name(OMX.MTK.VIDEO.ENCODER.H263), role(video_encoder.h263), path(libMtkOmxVenc.so)
04-10 10:36:04.116   207   720 D MtkOmxCore: name(OMX.MTK.VIDEO.ENCODER.MPEG4), role(video_encoder.mpeg4), path(libMtkOmxVenc.so)
04-10 10:36:04.116   207   720 D MtkOmxCore: name(OMX.MTK.VIDEO.ENCODER.VPX), role(video_encoder.vp8), path(libMtkOmxVenc.so)
04-10 10:36:04.116   207   720 D MtkOmxCore: name(OMX.MTK.AUDIO.ENCODER.VORBIS), role(audio_encoder.vorbis), path(libMtkOmxVorbisEnc.so)
04-10 10:36:04.116   207   720 D MtkOmxCore: name(OMX.MTK.AUDIO.DECODER.APE), role(audio_decoder.ape), path(libMtkOmxApeDec.so)
04-10 10:36:04.116   207   720 D MtkOmxCore: name(OMX.MTK.AUDIO.DECODER.FLAC), role(audio_decoder.flac), path(libMtkOmxFlacDec.so)
04-10 10:36:04.116   207   720 D MtkOmxCore: name(OMX.MTK.AUDIO.DECODER.ADPCM.MS), role(audio_decoder.adpcm), path(libMtkOmxAdpcmDec.so)
04-10 10:36:04.116   207   720 D MtkOmxCore: name(OMX.MTK.AUDIO.DECODER.ADPCM.DVI), role(audio_decoder.adpcm), path(libMtkOmxAdpcmDec.so)
04-10 10:36:04.116   207   720 D MtkOmxCore: name(OMX.MTK.AUDIO.ENCODER.ADPCM.MS), role(audio_encoder.adpcm), path(libMtkOmxAdpcmEnc.so)
04-10 10:36:04.116   207   720 D MtkOmxCore: name(OMX.MTK.AUDIO.ENCODER.ADPCM.DVI), role(audio_encoder.adpcm), path(libMtkOmxAdpcmEnc.so)
04-10 10:36:04.116   207   720 D MtkOmxCore: name(OMX.MTK.AUDIO.DECODER.RAW), role(audio_decoder.raw), path(libMtkOmxRawDec.so)
04-10 10:36:04.117   207   720 D MtkOmxCore: name(OMX.MTK.AUDIO.DECODER.GSM), role(audio_decoder.gsm), path(libMtkOmxGsmDec.so)
04-10 10:36:04.117   207   720 D MtkOmxCore: name(OMX.MTK.AUDIO.DECODER.ALAC), role(audio_decoder.alac), path(libMtkOmxAlacDec.so)
04-10 10:36:04.117   207   720 D MtkOmxCore: ----- dump_core_comp_table -----
04-10 10:36:04.117   207   720 D MtkOmxCore: -MTK_OMX_Init tick=1523356564117
04-10 10:36:04.166   207   720 D MtkOmxCore: Mtk_OMX_GetHandle (OMX.MTK.VIDEO.DECODER.HEVC)
04-10 10:36:04.166   207   720 D MtkOmxCore: comp_index(0), path(libMtkOmxVdecEx.so) max_instance(26)
04-10 10:36:04.180   738   748 I art     : Background sticky concurrent mark sweep GC freed 31873(2MB) AllocSpace objects, 14(736KB) LOS objects, 28% free, 10MB/14MB, paused 8.485ms total 94.204ms
04-10 10:36:04.210  1505  1505 I vol.Events: writeEvent collection_started
04-10 10:36:04.232   207   720 I VDO_LOG : [VDEC_DRV_QUERY_TYPE_CHIP_NAME][D] VAL_CHIP_NAME_MT6580
04-10 10:36:04.232   207   720 E MtkOmxVdecEx: [0xb00a8000] OmxVdecLogEnable = 1, bOmxVdecPerfLogEnable = 0
04-10 10:36:04.232   207   720 D MtkOmxVdecEx: [0xb00a8000] MtkOmxVdec::MtkOmxVdec this= 0xB00A8000
04-10 10:36:04.232   207   720 E MtkOmxVdecEx: [0xb00a8000] [MtkOmxVdec]VAL_CHIP_NAME_MT6580
04-10 10:36:04.233   207   720 D MtkOmxVdecEx: [0xb00a8000] ClearMotion is not enabled. dlopen failed: library "/system/lib/libClearMotionFW.so" not found
04-10 10:36:04.233   207   720 D MtkOmxVdecEx: [0xb00a8000] Adaptive Playback Enable!
04-10 10:36:04.233   207   720 D MtkOmxVdecEx: [0xb00a8000] Priority Adjustment enabled (mPendingOutputThreshold=5)!!!
04-10 10:36:04.233   207   720 D MtkOmxVdecEx: [0xb00a8000] Priority Adjustment enabled (mTimeThreshold=133000)!!!
04-10 10:36:04.233   207   720 D MtkOmxMVAMgr: [0xb1572578] Create ion MVA Map!
04-10 10:36:04.234   207   720 D MtkOmxMVAMgr: [0xb15725a0] Create ion MVA Map!
04-10 10:36:04.234   207   720 D MtkOmxVdecEx: [0xb00a8000] MtkOmxComponentCreate mCompHandle(0xB00A8004)
04-10 10:36:04.234   207   720 E MtkOmxVdecEx: [0xb00a8000] MtkOmxVdec::ComponentInit (OMX.MTK.VIDEO.DECODER.HEVC)
04-10 10:36:04.234   207   720 I VDO_LOG : [ION][eVideoMemAlloc] mt_ion_open, val_public i4IonDevFd = 21 
04-10 10:36:04.234   207   720 I VDO_LOG : [ION][eVideoMemAlloc] pvMemVa = 0xb1dc0000, pvAlignMemVa = 0xb1dc0000, pvMemPa = 0x1f00000, pvAlignMemPa = 0x1f00000, MemSize = 840, ByteAlignment = 1
04-10 10:36:04.234   207   720 E VDO_LOG : u4StrideAlign 64, u4SliceHeightAlign 64 
04-10 10:36:04.235   207   720 I VDO_LOG : [GetChipVerAPI][0] 6580
04-10 10:36:04.235   207   720 D MtkOmxVdecEx: [0xb00a8000] allocate mFrameBuf: 0xb154d800 mOutputPortDef.nBufferCountActual:21 MAX_TOTAL_BUFFER_CNT:64 sizeof(FrmBufStruct):160
04-10 10:36:04.235   207   720 D MtkOmxVdecEx: [0xb00a8000] MtkOmxVdec 0xb00a8000: pipe : 23, 24
04-10 10:36:04.235   207   720 D MtkOmxVdecEx: [0xb00a8000] MtkOmxVdec 0xb00a8000: Convert pipe : 25, 26
04-10 10:36:04.235   207  1554 D MtkOmxVdecEx: [0xb00a8000] MtkOmxVdecDecodeThread created pVdec=0xB00A8000, tid=1554
