04-10 10:00:20.438  1906  1961 E AndroidRuntime: android.os.DeadObjectException
04-10 10:00:20.438  1906  1961 E AndroidRuntime: 	at android.os.BinderProxy.transactNative(Native Method)
04-10 10:00:20.438  1906  1961 E AndroidRuntime: 	at android.os.BinderProxy.transact(Binder.java:503)
04-10 10:00:20.438  1906  1961 E AndroidRuntime: 	at android.app.ActivityManagerProxy.handleApplicationCrash(ActivityManagerNative.java:4427)
04-10 10:00:20.438  1906  1961 E AndroidRuntime: 	at com.android.internal.os.RuntimeInit$UncaughtHandler.uncaughtException(RuntimeInit.java:90)
04-10 10:00:20.438  1906  1961 E AndroidRuntime: 	at java.lang.ThreadGroup.uncaughtException(ThreadGroup.java:693)
04-10 10:00:20.438  1906  1961 E AndroidRuntime: 	at java.lang.ThreadGroup.uncaughtException(ThreadGroup.java:690)
04-10 10:00:22.750  2032  2032 F libc    : page record for 0xb6f8401c was not found (block_size=16)
04-10 10:00:25.315  2107  2107 I chatty  : uid=1000 system_server expire 278 lines
04-10 10:00:25.406  2107  2130 I chatty  : uid=1000 system_server expire 5 lines
04-10 10:00:25.409  2107  2131 I chatty  : uid=1000 system_server expire 2 lines
04-10 10:00:25.538  2107  2140 I chatty  : uid=1000 system_server expire 4 lines
04-10 10:00:25.549  2107  2143 I chatty  : uid=1000 system_server expire 2 lines
04-10 10:00:27.234  2107  2223 I chatty  : uid=1000 system_server expire 1 line
04-10 10:00:27.554  2107  2249 I chatty  : uid=1000 system_server expire 15 lines
04-10 10:00:27.558   181   574 I Ext4Crypt: ext4 crypto complete called on /data
04-10 10:00:27.558   181   574 I Ext4Crypt: No master key, so not ext4enc
04-10 10:00:27.559  2107  2251 I chatty  : uid=1000 system_server expire 2 lines
04-10 10:00:27.569   181   573 D VoldCmdListener: asec list
04-10 10:00:27.570  2107  2250 I chatty  : uid=1000 system_server expire 39 lines
04-10 10:00:27.714   181   573 D VoldCmdListener: asec list
04-10 10:00:27.736  2107  2263 I chatty  : uid=1000 system_server expire 2 lines
04-10 10:00:27.806  2107  2244 I chatty  : uid=1000 system_server expire 1 line
04-10 10:00:28.530  2300  2300 F libc    : page record for 0xb6ee901c was not found (block_size=16)
04-10 10:00:33.199  2335  2335 F libc    : page record for 0xb6f7801c was not found (block_size=16)
04-10 10:00:33.286  2107  2326 I chatty  : uid=1000 system_server expire 2 lines
04-10 10:00:33.301  2107  2327 I chatty  : uid=1000 system_server expire 1 line
04-10 10:00:33.447   181   573 D VoldCmdListener: volume reset
04-10 10:00:33.689   181   573 V vold    : /system/bin/sgdisk
04-10 10:00:33.689   181   573 V vold    :     --android-dump
04-10 10:00:33.689   181   573 V vold    :     /dev/block/vold/disk:179,128
04-10 10:00:33.746   181   573 V vold    : DISK gpt F342FEEA-A652-4F60-B694-D8C566F84758
04-10 10:00:33.746   181   573 V vold    : PART 1 19A710A2-B3CA-11E4-B026-10604B889DCF 66CC8B1B-DB76-4226-AE5F-989E287F70EC android_meta
04-10 10:00:33.747   181   573 V vold    : PART 2 193D1EA4-B3CA-11E4-B075-10604B889DCF A0C0EE3A-FFB3-980B-8C9C-0DFF5E38A832 android_expand
04-10 10:00:33.748   181   573 D vold    : Found key for GUID a0c0ee3affb3980b8c9c0dff5e38a832
04-10 10:00:33.748   181   573 D vold    : PrivateVolume(private:179,130) is newed
04-10 10:00:33.749   181   573 E Cryptfs : Cannot remove dm-crypt device, retry(0), rtn(-1)
04-10 10:00:34.249   181   573 E Cryptfs : Cannot remove dm-crypt device, retry(1), rtn(-1)
04-10 10:00:34.750   181   573 E Cryptfs : Cannot remove dm-crypt device, retry(2), rtn(-1)
04-10 10:00:35.250   181   573 E Cryptfs : Cannot remove dm-crypt device, retry(3), rtn(-1)
04-10 10:00:35.750   181   573 E Cryptfs : Cannot remove dm-crypt device, retry(4), rtn(-1)
04-10 10:00:36.251   181   573 E Cryptfs : Cannot remove dm-crypt device, retry(5), rtn(-1)
04-10 10:00:36.751   181   573 E Cryptfs : Cannot remove dm-crypt device, retry(6), rtn(-1)
04-10 10:00:37.251   181   573 E Cryptfs : Cannot remove dm-crypt device, retry(7), rtn(-1)
04-10 10:00:37.751   181   573 E Cryptfs : Cannot remove dm-crypt device, retry(8), rtn(-1)
04-10 10:00:38.252   181   573 E Cryptfs : Cannot remove dm-crypt device, retry(9), rtn(-1)
04-10 10:00:38.598  2348  2348 F libc    : page record for 0xb6f5f01c was not found (block_size=16)
04-10 10:00:38.753   181   573 I Cryptfs : Enabling support for allow_discards in dmcrypt.
04-10 10:00:38.755   181   573 I Cryptfs : The dm-crypt device is already created, /dev/block/dm-0
04-10 10:00:38.755   181   186 V vold    : ----------------
04-10 10:00:38.755   181   186 V vold    : handleBlockEvent with action 2
04-10 10:00:38.755   181   186 D NetlinkEvent: NL param 'DEVPATH=/devices/virtual/block/dm-0'
04-10 10:00:38.755   181   186 D NetlinkEvent: NL param 'MAJOR=253'
04-10 10:00:38.755   181   186 D NetlinkEvent: NL param 'MINOR=0'
04-10 10:00:38.755   181   186 D NetlinkEvent: NL param 'DEVNAME=dm-0'
04-10 10:00:38.755   181   186 D NetlinkEvent: NL param 'DEVTYPE=disk'
04-10 10:00:38.756   181   186 D NetlinkEvent: NL param 'NPARTS=0'
04-10 10:00:38.756   181   186 V vold    : ----------------
04-10 10:00:38.756   181   186 V vold    : handleBlockEvent with action 2
04-10 10:00:38.756   181   186 D NetlinkEvent: NL param 'DEVPATH=/devices/virtual/block/dm-0'
04-10 10:00:38.756   181   186 D NetlinkEvent: NL param 'MAJOR=253'
04-10 10:00:38.756   181   186 D NetlinkEvent: NL param 'MINOR=0'
04-10 10:00:38.756   181   186 D NetlinkEvent: NL param 'DEVNAME=dm-0'
04-10 10:00:38.756   181   186 D NetlinkEvent: NL param 'DEVTYPE=disk'
04-10 10:00:38.756   181   186 D NetlinkEvent: NL param 'NPARTS=0'
04-10 10:00:38.756   181   186 V vold    : ----------------
04-10 10:00:38.756   181   186 V vold    : handleBlockEvent with action 1
04-10 10:00:38.756   181   186 D NetlinkEvent: NL param 'DEVPATH=/devices/virtual/block/dm-0'
04-10 10:00:38.756   181   186 D NetlinkEvent: NL param 'MAJOR=253'
04-10 10:00:38.756   181   186 D NetlinkEvent: NL param 'MINOR=0'
04-10 10:00:38.756   181   186 D NetlinkEvent: NL param 'DEVNAME=dm-0'
04-10 10:00:38.756   181   186 D NetlinkEvent: NL param 'DEVTYPE=disk'
04-10 10:00:38.756   181   186 D NetlinkEvent: NL param 'NPARTS=0'
04-10 10:00:38.756   181   186 V vold    : ----------------
04-10 10:00:38.756   181   186 V vold    : handleBlockEvent with action 3
04-10 10:00:38.756   181   186 D NetlinkEvent: NL param 'DEVPATH=/devices/virtual/block/dm-0'
04-10 10:00:38.756   181   186 D NetlinkEvent: NL param 'MAJOR=253'
04-10 10:00:38.757   181   186 D NetlinkEvent: NL param 'MINOR=0'
04-10 10:00:38.757   181   186 D NetlinkEvent: NL param 'DEVNAME=dm-0'
04-10 10:00:38.757   181   186 D NetlinkEvent: NL param 'DEVTYPE=disk'
04-10 10:00:38.757   181   186 D NetlinkEvent: NL param 'NPARTS=0'
04-10 10:00:38.757   181   186 D vold    : Disk at 253:0 changed
04-10 10:00:38.758   181   573 D VoldCmdListener: volume user_added 0 0
04-10 10:00:38.767   181   573 D VoldCmdListener: volume mount private:179,130 0 -1
04-10 10:00:38.767   181   573 V vold    : /system/bin/blkid
04-10 10:00:38.767   181   573 V vold    :     -c
04-10 10:00:38.767   181   573 V vold    :     /dev/null
04-10 10:00:38.768   181   573 V vold    :     -s
04-10 10:00:38.768   181   573 V vold    :     TYPE
04-10 10:00:38.768   181   573 V vold    :     -s
04-10 10:00:38.768   181   573 V vold    :     UUID
04-10 10:00:38.768   181   573 V vold    :     -s
04-10 10:00:38.768   181   573 V vold    :     LABEL
04-10 10:00:38.768   181   573 V vold    :     /dev/block/dm-0
04-10 10:00:38.847   181   573 V vold    : /dev/block/dm-0: UUID="629a8e05-8eb0-4b97-b721-a3c19235831f" TYPE="ext4" 
04-10 10:00:38.957   181   573 V vold    : /system/bin/e2fsck
04-10 10:00:38.957   181   573 V vold    :     -y
04-10 10:00:38.957   181   573 V vold    :     /dev/block/dm-0
04-10 10:00:39.123   181   573 D vold    : private:179,130 passed filesystem check
04-10 10:00:39.150   181   573 V vold    : Starting restorecon of /mnt/expand/629a8e05-8eb0-4b97-b721-a3c19235831f
04-10 10:00:39.499  2107  2125 I chatty  : uid=1000 system_server expire 2 lines
04-10 10:00:40.106  2107  2387 I chatty  : uid=1000 system_server expire 3 lines
04-10 10:00:40.402   181   573 V vold    : Waiting for restorecon...
04-10 10:00:41.074  2107  2489 I chatty  : uid=1000 system_server expire 1 line
04-10 10:00:41.402   181   573 V vold    : Waiting for restorecon...
04-10 10:00:41.402   181   573 V vold    : Finished restorecon of /mnt/expand/629a8e05-8eb0-4b97-b721-a3c19235831f
04-10 10:00:41.404   181   573 D vold    : EmulatedVolume(emulated:179,130) is newed
04-10 10:00:41.406  2107  2133 I chatty  : uid=1000 system_server expire 1 line
04-10 10:00:41.409   181   573 D VoldCmdListener: volume mount emulated:179,130 3 -1
04-10 10:00:41.410   181   573 V vold    : Waiting for FUSE to spin up...
04-10 10:00:41.461   181   573 V vold    : Waiting for FUSE to spin up...
04-10 10:00:41.513   181   573 I vold    : Linking /storage/emulated/0 to /mnt/m_external_sd
04-10 10:00:41.513   181   573 D NVRAM   : create_link_for_mtklogger(ext_sd_path = /storage/emulated/0)
04-10 10:00:41.513   181   573 D NVRAM   : This is normal boot.
04-10 10:00:42.126   181   573 D VoldCmdListener: volume user_started 0
04-10 10:00:42.127   181   573 D vold    : Linking /storage/emulated/0 to /mnt/user/0/primary
04-10 10:00:42.344  2107  2129 I chatty  : uid=1000 system_server expire 1 line
04-10 10:00:42.378  2733  2733 I ActivityThread: Switching default density from 300 to 320
04-10 10:00:42.466  2107  2780 I chatty  : uid=1000 system_server expire 1 line
04-10 10:00:42.611  2743  2743 I chatty  : uid=1000(system) com.android.settings:CryptKeeper expire 1 line
04-10 10:00:42.781  2107  2107 E AndroidRuntime: *** FATAL EXCEPTION IN SYSTEM PROCESS: main
04-10 10:00:42.781  2107  2107 E AndroidRuntime: java.lang.RuntimeException: createnewuserdir threw exception
04-10 10:00:42.781  2107  2107 E AndroidRuntime: 	at com.android.server.MountService.createNewUserDir(MountService.java:2659)
04-10 10:00:42.781  2107  2107 E AndroidRuntime: 	at android.os.storage.StorageManager.createNewUserDir(StorageManager.java:965)
04-10 10:00:42.781  2107  2107 E AndroidRuntime: 	at com.android.server.pm.UserManagerService.prepareUserDirectory(UserManagerService.java:1989)
04-10 10:00:42.781  2107  2107 E AndroidRuntime: 	at com.android.server.pm.PackageManagerService.reconcileUsers(PackageManagerService.java:16239)
04-10 10:00:42.781  2107  2107 E AndroidRuntime: 	at com.android.server.pm.PackageManagerService.-wrap34(PackageManagerService.java)
04-10 10:00:42.781  2107  2107 E AndroidRuntime: 	at com.android.server.pm.PackageManagerService$1.onVolumeStateChanged(PackageManagerService.java:1670)
04-10 10:00:42.781  2107  2107 E AndroidRuntime: 	at android.os.storage.StorageManager$StorageEventListenerDelegate.handleMessage(StorageManager.java:128)
04-10 10:00:42.781  2107  2107 E AndroidRuntime: 	at android.os.Handler.dispatchMessage(Handler.java:98)
04-10 10:00:42.781  2107  2107 E AndroidRuntime: 	at android.os.Looper.loop(Looper.java:148)
04-10 10:00:42.781  2107  2107 E AndroidRuntime: 	at com.android.server.SystemServer.run(SystemServer.java:285)
04-10 10:00:42.781  2107  2107 E AndroidRuntime: 	at com.android.server.SystemServer.main(SystemServer.java:170)
04-10 10:00:42.781  2107  2107 E AndroidRuntime: 	at java.lang.reflect.Method.invoke(Native Method)
04-10 10:00:42.781  2107  2107 E AndroidRuntime: 	at com.android.internal.os.ZygoteInit$MethodAndArgsCaller.run(ZygoteInit.java:726)
04-10 10:00:42.781  2107  2107 E AndroidRuntime: 	at com.android.internal.os.ZygoteInit.main(ZygoteInit.java:616)
04-10 10:00:42.781  2107  2107 E AndroidRuntime: Caused by: com.android.server.NativeDaemonConnector$NativeDaemonArgumentException: command '2 cryptfs createnewuserdir 0 /mnt/expand/629a8e05-8eb0-4b97-b721-a3c19235831f/user/0' failed with '500 2 Unknown cryptfs cmd'
04-10 10:00:42.781  2107  2107 E AndroidRuntime: 	at com.android.server.NativeDaemonConnector.executeForList(NativeDaemonConnector.java:441)
04-10 10:00:42.781  2107  2107 E AndroidRuntime: 	at com.android.server.NativeDaemonConnector.execute(NativeDaemonConnector.java:345)
04-10 10:00:42.781  2107  2107 E AndroidRuntime: 	at com.android.server.NativeDaemonConnector.execute(NativeDaemonConnector.java:340)
04-10 10:00:42.781  2107  2107 E AndroidRuntime: 	at com.android.server.MountService.createNewUserDir(MountService.java:2648)
04-10 10:00:42.781  2107  2107 E AndroidRuntime: 	... 13 more
04-10 10:00:42.872  2785  2785 W ActivityThread: Unable to get context for package com.android.providers.userdictionary while loading content provider com.android.providers.userdictionary.UserDictionaryProvider
04-10 10:00:42.888  2766  2766 E AndroidRuntime: FATAL EXCEPTION: main
04-10 10:00:42.888  2766  2766 E AndroidRuntime: Process: com.android.printspooler, PID: 2766
04-10 10:00:42.888  2766  2766 E AndroidRuntime: java.lang.RuntimeException: Unable to instantiate application android.app.Application: java.lang.IllegalStateException: Unable to get package info for com.android.printspooler; is system dying?
04-10 10:00:42.888  2766  2766 E AndroidRuntime: 	at android.app.LoadedApk.makeApplication(LoadedApk.java:578)
04-10 10:00:42.888  2766  2766 E AndroidRuntime: 	at android.app.ActivityThread.handleBindApplication(ActivityThread.java:4702)
04-10 10:00:42.888  2766  2766 E AndroidRuntime: 	at android.app.ActivityThread.-wrap1(ActivityThread.java)
04-10 10:00:42.888  2766  2766 E AndroidRuntime: 	at android.app.ActivityThread$H.handleMessage(ActivityThread.java:1421)
04-10 10:00:42.888  2766  2766 E AndroidRuntime: 	at android.os.Handler.dispatchMessage(Handler.java:102)
04-10 10:00:42.888  2766  2766 E AndroidRuntime: 	at android.os.Looper.loop(Looper.java:148)
04-10 10:00:42.888  2766  2766 E AndroidRuntime: 	at android.app.ActivityThread.main(ActivityThread.java:5439)
04-10 10:00:42.888  2766  2766 E AndroidRuntime: 	at java.lang.reflect.Method.invoke(Native Method)
04-10 10:00:42.888  2766  2766 E AndroidRuntime: 	at com.android.internal.os.ZygoteInit$MethodAndArgsCaller.run(ZygoteInit.java:726)
04-10 10:00:42.888  2766  2766 E AndroidRuntime: 	at com.android.internal.os.ZygoteInit.main(ZygoteInit.java:616)
04-10 10:00:42.888  2766  2766 E AndroidRuntime: Caused by: java.lang.IllegalStateException: Unable to get package info for com.android.printspooler; is system dying?
04-10 10:00:42.888  2766  2766 E AndroidRuntime: 	at android.app.LoadedApk.initializeJavaContextClassLoader(LoadedApk.java:420)
04-10 10:00:42.888  2766  2766 E AndroidRuntime: 	at android.app.LoadedApk.makeApplication(LoadedApk.java:570)
04-10 10:00:42.888  2766  2766 E AndroidRuntime: 	... 9 more
04-10 10:00:42.888  2766  2766 E AndroidRuntime: Caused by: android.os.DeadObjectException: Transaction failed on small parcel; remote process probably died
04-10 10:00:42.888  2766  2766 E AndroidRuntime: 	at android.os.BinderProxy.transactNative(Native Method)
04-10 10:00:42.888  2766  2766 E AndroidRuntime: 	at android.os.BinderProxy.transact(Binder.java:503)
04-10 10:00:42.888  2766  2766 E AndroidRuntime: 	at android.content.pm.IPackageManager$Stub$Proxy.getPackageInfo(IPackageManager.java:2163)
04-10 10:00:42.888  2766  2766 E AndroidRuntime: 	at android.app.LoadedApk.initializeJavaContextClassLoader(LoadedApk.java:418)
04-10 10:00:42.888  2766  2766 E AndroidRuntime: 	... 10 more
04-10 10:00:42.889  2766  2766 E AndroidRuntime: Error reporting crash
04-10 10:00:42.889  2766  2766 E AndroidRuntime: android.os.DeadObjectException: Transaction failed on small parcel; remote process probably died
04-10 10:00:42.889  2766  2766 E AndroidRuntime: 	at android.os.BinderProxy.transactNative(Native Method)
04-10 10:00:42.889  2766  2766 E AndroidRuntime: 	at android.os.BinderProxy.transact(Binder.java:503)
04-10 10:00:42.889  2766  2766 E AndroidRuntime: 	at android.app.ActivityManagerProxy.handleApplicationCrash(ActivityManagerNative.java:4427)
04-10 10:00:42.889  2766  2766 E AndroidRuntime: 	at com.android.internal.os.RuntimeInit$UncaughtHandler.uncaughtException(RuntimeInit.java:90)
04-10 10:00:42.889  2766  2766 E AndroidRuntime: 	at java.lang.ThreadGroup.uncaughtException(ThreadGroup.java:693)
04-10 10:00:42.889  2766  2766 E AndroidRuntime: 	at java.lang.ThreadGroup.uncaughtException(ThreadGroup.java:690)
04-10 10:00:42.932  2374  2374 E AndroidRuntime: FATAL EXCEPTION: main
04-10 10:00:42.932  2374  2374 E AndroidRuntime: Process: com.android.systemui, PID: 2374
04-10 10:00:42.932  2374  2374 E AndroidRuntime: java.lang.RuntimeException: android.os.DeadObjectException: Transaction failed on small parcel; remote process probably died
04-10 10:00:42.932  2374  2374 E AndroidRuntime: 	at com.android.systemui.statusbar.policy.UserInfoController.queryForUserInformation(UserInfoController.java:134)
04-10 10:00:42.932  2374  2374 E AndroidRuntime: 	at com.android.systemui.statusbar.policy.UserInfoController.reloadUserInfo(UserInfoController.java:119)
04-10 10:00:42.932  2374  2374 E AndroidRuntime: 	at com.android.systemui.statusbar.phone.PhoneStatusBar.makeStatusBarView(PhoneStatusBar.java:1017)
04-10 10:00:42.932  2374  2374 E AndroidRuntime: 	at com.android.systemui.statusbar.slim.SlimStatusBar.makeStatusBarView(SlimStatusBar.java:224)
04-10 10:00:42.932  2374  2374 E AndroidRuntime: 	at com.android.systemui.statusbar.phone.PhoneStatusBar.addStatusBarWindow(PhoneStatusBar.java:2937)
04-10 10:00:42.932  2374  2374 E AndroidRuntime: 	at com.android.systemui.statusbar.phone.PhoneStatusBar.createAndAddWindows(PhoneStatusBar.java:2933)
04-10 10:00:42.932  2374  2374 E AndroidRuntime: 	at com.android.systemui.statusbar.BaseStatusBar.start(BaseStatusBar.java:615)
04-10 10:00:42.932  2374  2374 E AndroidRuntime: 	at com.android.systemui.statusbar.phone.PhoneStatusBar.start(PhoneStatusBar.java:664)
04-10 10:00:42.932  2374  2374 E AndroidRuntime: 	at com.android.systemui.statusbar.slim.SlimStatusBar.start(SlimStatusBar.java:209)
04-10 10:00:42.932  2374  2374 E AndroidRuntime: 	at com.android.systemui.statusbar.SystemBars.createStatusBarFromConfig(SystemBars.java:106)
04-10 10:00:42.932  2374  2374 E AndroidRuntime: 	at com.android.systemui.statusbar.SystemBars.onNoService(SystemBars.java:58)
04-10 10:00:42.932  2374  2374 E AndroidRuntime: 	at com.android.systemui.statusbar.ServiceMonitor.startService(ServiceMonitor.java:230)
04-10 10:00:42.932  2374  2374 E AndroidRuntime: 	at com.android.systemui.statusbar.ServiceMonitor.-wrap5(ServiceMonitor.java)
04-10 10:00:42.932  2374  2374 E AndroidRuntime: 	at com.android.systemui.statusbar.ServiceMonitor$1.handleMessage(ServiceMonitor.java:73)
04-10 10:00:42.932  2374  2374 E AndroidRuntime: 	at android.os.Handler.dispatchMessage(Handler.java:102)
04-10 10:00:42.932  2374  2374 E AndroidRuntime: 	at android.os.Looper.loop(Looper.java:148)
04-10 10:00:42.932  2374  2374 E AndroidRuntime: 	at android.app.ActivityThread.main(ActivityThread.java:5439)
04-10 10:00:42.932  2374  2374 E AndroidRuntime: 	at java.lang.reflect.Method.invoke(Native Method)
04-10 10:00:42.932  2374  2374 E AndroidRuntime: 	at com.android.internal.os.ZygoteInit$MethodAndArgsCaller.run(ZygoteInit.java:726)
04-10 10:00:42.932  2374  2374 E AndroidRuntime: 	at com.android.internal.os.ZygoteInit.main(ZygoteInit.java:616)
04-10 10:00:42.932  2374  2374 E AndroidRuntime: Caused by: android.os.DeadObjectException: Transaction failed on small parcel; remote process probably died
04-10 10:00:42.932  2374  2374 E AndroidRuntime: 	at android.os.BinderProxy.transactNative(Native Method)
04-10 10:00:42.932  2374  2374 E AndroidRuntime: 	at android.os.BinderProxy.transact(Binder.java:503)
04-10 10:00:42.932  2374  2374 E AndroidRuntime: 	at android.app.ActivityManagerProxy.getCurrentUser(ActivityManagerNative.java:5074)
04-10 10:00:42.932  2374  2374 E AndroidRuntime: 	at com.android.systemui.statusbar.policy.UserInfoController.queryForUserInformation(UserInfoController.java:126)
04-10 10:00:42.932  2374  2374 E AndroidRuntime: 	... 19 more
04-10 10:00:42.939  2374  2374 E AndroidRuntime: Error reporting crash
04-10 10:00:42.939  2374  2374 E AndroidRuntime: android.os.DeadObjectException: Transaction failed on small parcel; remote process probably died
04-10 10:00:42.939  2374  2374 E AndroidRuntime: 	at android.os.BinderProxy.transactNative(Native Method)
04-10 10:00:42.939  2374  2374 E AndroidRuntime: 	at android.os.BinderProxy.transact(Binder.java:503)
04-10 10:00:42.939  2374  2374 E AndroidRuntime: 	at android.app.ActivityManagerProxy.handleApplicationCrash(ActivityManagerNative.java:4427)
04-10 10:00:42.939  2374  2374 E AndroidRuntime: 	at com.android.internal.os.RuntimeInit$UncaughtHandler.uncaughtException(RuntimeInit.java:90)
04-10 10:00:42.939  2374  2374 E AndroidRuntime: 	at java.lang.ThreadGroup.uncaughtException(ThreadGroup.java:693)
04-10 10:00:42.939  2374  2374 E AndroidRuntime: 	at java.lang.ThreadGroup.uncaughtException(ThreadGroup.java:690)
04-10 10:00:42.956  2708  2708 E ActivityThread: Failed to find provider info for settings
04-10 10:00:42.959  2708  2708 E AndroidRuntime: FATAL EXCEPTION: main
04-10 10:00:42.959  2708  2708 E AndroidRuntime: Process: com.android.inputmethod.latin, PID: 2708
04-10 10:00:42.959  2708  2708 E AndroidRuntime: java.lang.RuntimeException: Unable to create service com.android.inputmethod.latin.LatinIME: java.lang.NullPointerException: Attempt to invoke interface method 'android.os.Bundle android.content.IContentProvider.call(java.lang.String, java.lang.String, java.lang.String, android.os.Bundle)' on a null object reference
04-10 10:00:42.959  2708  2708 E AndroidRuntime: 	at android.app.ActivityThread.handleCreateService(ActivityThread.java:2903)
04-10 10:00:42.959  2708  2708 E AndroidRuntime: 	at android.app.ActivityThread.-wrap4(ActivityThread.java)
04-10 10:00:42.959  2708  2708 E AndroidRuntime: 	at android.app.ActivityThread$H.handleMessage(ActivityThread.java:1443)
04-10 10:00:42.959  2708  2708 E AndroidRuntime: 	at android.os.Handler.dispatchMessage(Handler.java:102)
04-10 10:00:42.959  2708  2708 E AndroidRuntime: 	at android.os.Looper.loop(Looper.java:148)
04-10 10:00:42.959  2708  2708 E AndroidRuntime: 	at android.app.ActivityThread.main(ActivityThread.java:5439)
04-10 10:00:42.959  2708  2708 E AndroidRuntime: 	at java.lang.reflect.Method.invoke(Native Method)
04-10 10:00:42.959  2708  2708 E AndroidRuntime: 	at com.android.internal.os.ZygoteInit$MethodAndArgsCaller.run(ZygoteInit.java:726)
04-10 10:00:42.959  2708  2708 E AndroidRuntime: 	at com.android.internal.os.ZygoteInit.main(ZygoteInit.java:616)
04-10 10:00:42.959  2708  2708 E AndroidRuntime: Caused by: java.lang.NullPointerException: Attempt to invoke interface method 'android.os.Bundle android.content.IContentProvider.call(java.lang.String, java.lang.String, java.lang.String, android.os.Bundle)' on a null object reference
04-10 10:00:42.959  2708  2708 E AndroidRuntime: 	at android.provider.Settings$NameValueCache.getStringForUser(Settings.java:1369)
04-10 10:00:42.959  2708  2708 E AndroidRuntime: 	at android.provider.Settings$Global.getStringForUser(Settings.java:7872)
04-10 10:00:42.959  2708  2708 E AndroidRuntime: 	at android.provider.Settings$Global.getString(Settings.java:7861)
04-10 10:00:42.959  2708  2708 E AndroidRuntime: 	at android.provider.Settings$Global.getInt(Settings.java:7928)
04-10 10:00:42.959  2708  2708 E AndroidRuntime: 	at android.inputmethodservice.InputMethodService.initViews(InputMethodService.java:727)
04-10 10:00:42.959  2708  2708 E AndroidRuntime: 	at android.inputmethodservice.InputMethodService.onCreate(InputMethodService.java:692)
04-10 10:00:42.959  2708  2708 E AndroidRuntime: 	at com.android.inputmethod.latin.LatinIME.onCreate(LatinIME.java:556)
04-10 10:00:42.959  2708  2708 E AndroidRuntime: 	at android.app.ActivityThread.handleCreateService(ActivityThread.java:2893)
04-10 10:00:42.959  2708  2708 E AndroidRuntime: 	... 8 more
04-10 10:00:42.961  2708  2708 E AndroidRuntime: Error reporting crash
04-10 10:00:42.961  2708  2708 E AndroidRuntime: android.os.DeadObjectException
04-10 10:00:42.961  2708  2708 E AndroidRuntime: 	at android.os.BinderProxy.transactNative(Native Method)
04-10 10:00:42.961  2708  2708 E AndroidRuntime: 	at android.os.BinderProxy.transact(Binder.java:503)
04-10 10:00:42.961  2708  2708 E AndroidRuntime: 	at android.app.ActivityManagerProxy.handleApplicationCrash(ActivityManagerNative.java:4427)
04-10 10:00:42.961  2708  2708 E AndroidRuntime: 	at com.android.internal.os.RuntimeInit$UncaughtHandler.uncaughtException(RuntimeInit.java:90)
04-10 10:00:42.961  2708  2708 E AndroidRuntime: 	at java.lang.ThreadGroup.uncaughtException(ThreadGroup.java:693)
04-10 10:00:42.961  2708  2708 E AndroidRuntime: 	at java.lang.ThreadGroup.uncaughtException(ThreadGroup.java:690)
04-10 10:00:42.994  2824  2824 E AndroidRuntime: FATAL EXCEPTION: main
04-10 10:00:42.994  2824  2824 E AndroidRuntime: PID: 2824
04-10 10:00:42.994  2824  2824 E AndroidRuntime: java.lang.NullPointerException: Attempt to invoke interface method 'void android.app.IActivityManager.attachApplication(android.app.IApplicationThread)' on a null object reference
04-10 10:00:42.994  2824  2824 E AndroidRuntime: 	at android.app.ActivityThread.attach(ActivityThread.java:5267)
04-10 10:00:42.994  2824  2824 E AndroidRuntime: 	at android.app.ActivityThread.main(ActivityThread.java:5426)
04-10 10:00:42.994  2824  2824 E AndroidRuntime: 	at java.lang.reflect.Method.invoke(Native Method)
04-10 10:00:42.994  2824  2824 E AndroidRuntime: 	at com.android.internal.os.ZygoteInit$MethodAndArgsCaller.run(ZygoteInit.java:726)
04-10 10:00:42.994  2824  2824 E AndroidRuntime: 	at com.android.internal.os.ZygoteInit.main(ZygoteInit.java:616)
04-10 10:00:42.995  2824  2824 E AndroidRuntime: Error reporting crash
04-10 10:00:42.995  2824  2824 E AndroidRuntime: java.lang.NullPointerException: Attempt to invoke interface method 'void android.app.IActivityManager.handleApplicationCrash(android.os.IBinder, android.app.ApplicationErrorReport$CrashInfo)' on a null object reference
04-10 10:00:42.995  2824  2824 E AndroidRuntime: 	at com.android.internal.os.RuntimeInit$UncaughtHandler.uncaughtException(RuntimeInit.java:90)
04-10 10:00:42.995  2824  2824 E AndroidRuntime: 	at java.lang.ThreadGroup.uncaughtException(ThreadGroup.java:693)
04-10 10:00:42.995  2824  2824 E AndroidRuntime: 	at java.lang.ThreadGroup.uncaughtException(ThreadGroup.java:690)
04-10 10:00:43.007  2785  2834 E ActivityThread: Failed to find provider info for settings
04-10 10:00:43.008  2785  2834 E AndroidRuntime: FATAL EXCEPTION: ContactsProviderWorker
04-10 10:00:43.008  2785  2834 E AndroidRuntime: Process: android.process.acore, PID: 2785
04-10 10:00:43.008  2785  2834 E AndroidRuntime: java.lang.NullPointerException: Attempt to invoke interface method 'android.os.Bundle android.content.IContentProvider.call(java.lang.String, java.lang.String, java.lang.String, android.os.Bundle)' on a null object reference
04-10 10:00:43.008  2785  2834 E AndroidRuntime: 	at android.provider.Settings$NameValueCache.getStringForUser(Settings.java:1369)
04-10 10:00:43.008  2785  2834 E AndroidRuntime: 	at android.provider.Settings$Global.getStringForUser(Settings.java:7872)
04-10 10:00:43.008  2785  2834 E AndroidRuntime: 	at android.provider.Settings$Global.getString(Settings.java:7861)
04-10 10:00:43.008  2785  2834 E AndroidRuntime: 	at android.provider.Settings$Global.getInt(Settings.java:7928)
04-10 10:00:43.008  2785  2834 E AndroidRuntime: 	at com.android.providers.contacts.ContactsProvider2.initForDefaultLocale(ContactsProvider2.java:1604)
04-10 10:00:43.008  2785  2834 E AndroidRuntime: 	at com.android.providers.contacts.ContactsProvider2.performBackgroundTask(ContactsProvider2.java:1687)
04-10 10:00:43.008  2785  2834 E AndroidRuntime: 	at com.android.providers.contacts.ContactsProvider2$1.handleMessage(ContactsProvider2.java:1516)
04-10 10:00:43.008  2785  2834 E AndroidRuntime: 	at android.os.Handler.dispatchMessage(Handler.java:102)
04-10 10:00:43.008  2785  2834 E AndroidRuntime: 	at android.os.Looper.loop(Looper.java:148)
04-10 10:00:43.008  2785  2834 E AndroidRuntime: 	at android.os.HandlerThread.run(HandlerThread.java:61)
04-10 10:00:43.010  2785  2834 E AndroidRuntime: Error reporting crash
04-10 10:00:43.010  2785  2834 E AndroidRuntime: android.os.DeadObjectException
04-10 10:00:43.010  2785  2834 E AndroidRuntime: 	at android.os.BinderProxy.transactNative(Native Method)
04-10 10:00:43.010  2785  2834 E AndroidRuntime: 	at android.os.BinderProxy.transact(Binder.java:503)
04-10 10:00:43.010  2785  2834 E AndroidRuntime: 	at android.app.ActivityManagerProxy.handleApplicationCrash(ActivityManagerNative.java:4427)
04-10 10:00:43.010  2785  2834 E AndroidRuntime: 	at com.android.internal.os.RuntimeInit$UncaughtHandler.uncaughtException(RuntimeInit.java:90)
04-10 10:00:43.010  2785  2834 E AndroidRuntime: 	at java.lang.ThreadGroup.uncaughtException(ThreadGroup.java:693)
04-10 10:00:43.010  2785  2834 E AndroidRuntime: 	at java.lang.ThreadGroup.uncaughtException(ThreadGroup.java:690)
04-10 10:00:43.040  2845  2845 F libc    : page record for 0xb6f0001c was not found (block_size=16)
04-10 10:00:48.019  2962  2962 F libc    : page record for 0xb6f5601c was not found (block_size=16)
04-10 10:00:48.643  2985  2985 I chatty  : uid=1000 system_server expire 279 lines
04-10 10:00:48.740  2985  3008 I chatty  : uid=1000 system_server expire 4 lines
04-10 10:00:48.743  2985  3009 I chatty  : uid=1000 system_server expire 2 lines
04-10 10:00:48.873  2985  3018 I chatty  : uid=1000 system_server expire 4 lines
04-10 10:00:48.885  2985  3021 I chatty  : uid=1000 system_server expire 2 lines
04-10 10:00:50.545  2985  3098 I chatty  : uid=1000 system_server expire 1 line
04-10 10:00:50.832  2985  3125 I chatty  : uid=1000 system_server expire 20 lines
04-10 10:00:50.837   181   574 I Ext4Crypt: ext4 crypto complete called on /data
04-10 10:00:50.837   181   574 I Ext4Crypt: No master key, so not ext4enc
04-10 10:00:50.859  2985  3127 I chatty  : uid=1000 system_server expire 2 lines
04-10 10:00:50.863   181   573 D VoldCmdListener: asec list
04-10 10:00:50.863  2985  3126 I chatty  : uid=1000 system_server expire 39 lines
04-10 10:00:51.012   181   573 D VoldCmdListener: asec list
04-10 10:00:51.035  2985  3120 I chatty  : uid=1000 system_server expire 1 line
04-10 10:00:51.065  2985  3135 I chatty  : uid=1000 system_server expire 2 lines
04-10 10:00:52.819  3176  3176 F libc    : page record for 0xb6f6701c was not found (block_size=16)
04-10 10:00:56.617  2985  3181 I chatty  : uid=1000 system_server expire 2 lines
04-10 10:00:56.632  2985  3182 I chatty  : uid=1000 system_server expire 1 line
04-10 10:00:56.781   181   573 D VoldCmdListener: volume reset
04-10 10:00:57.027   181   573 V vold    : /system/bin/sgdisk
04-10 10:00:57.027   181   573 V vold    :     --android-dump
04-10 10:00:57.027   181   573 V vold    :     /dev/block/vold/disk:179,128
04-10 10:00:57.083   181   573 V vold    : DISK gpt F342FEEA-A652-4F60-B694-D8C566F84758
04-10 10:00:57.083   181   573 V vold    : PART 1 19A710A2-B3CA-11E4-B026-10604B889DCF 66CC8B1B-DB76-4226-AE5F-989E287F70EC android_meta
04-10 10:00:57.083   181   573 V vold    : PART 2 193D1EA4-B3CA-11E4-B075-10604B889DCF A0C0EE3A-FFB3-980B-8C9C-0DFF5E38A832 android_expand
04-10 10:00:57.084   181   573 D vold    : Found key for GUID a0c0ee3affb3980b8c9c0dff5e38a832
04-10 10:00:57.084   181   573 D vold    : PrivateVolume(private:179,130) is newed
04-10 10:00:57.085   181   573 E Cryptfs : Cannot remove dm-crypt device, retry(0), rtn(-1)
04-10 10:00:57.586   181   573 E Cryptfs : Cannot remove dm-crypt device, retry(1), rtn(-1)
04-10 10:00:57.912  3202  3202 F libc    : page record for 0xb6f3801c was not found (block_size=16)
04-10 10:00:58.086   181   573 E Cryptfs : Cannot remove dm-crypt device, retry(2), rtn(-1)
04-10 10:00:58.586   181   573 E Cryptfs : Cannot remove dm-crypt device, retry(3), rtn(-1)
04-10 10:00:59.086   181   573 E Cryptfs : Cannot remove dm-crypt device, retry(4), rtn(-1)
04-10 10:00:59.586   181   573 E Cryptfs : Cannot remove dm-crypt device, retry(5), rtn(-1)
04-10 10:01:00.087   181   573 E Cryptfs : Cannot remove dm-crypt device, retry(6), rtn(-1)
04-10 10:01:00.587   181   573 E Cryptfs : Cannot remove dm-crypt device, retry(7), rtn(-1)
04-10 10:01:01.087   181   573 E Cryptfs : Cannot remove dm-crypt device, retry(8), rtn(-1)
04-10 10:01:01.587   181   573 E Cryptfs : Cannot remove dm-crypt device, retry(9), rtn(-1)
04-10 10:01:02.089   181   573 I Cryptfs : Enabling support for allow_discards in dmcrypt.
04-10 10:01:02.090   181   573 I Cryptfs : The dm-crypt device is already created, /dev/block/dm-0
04-10 10:01:02.091   181   186 V vold    : ----------------
04-10 10:01:02.091   181   186 V vold    : handleBlockEvent with action 2
04-10 10:01:02.091   181   186 D NetlinkEvent: NL param 'DEVPATH=/devices/virtual/block/dm-0'
04-10 10:01:02.091   181   186 D NetlinkEvent: NL param 'MAJOR=253'
04-10 10:01:02.091   181   186 D NetlinkEvent: NL param 'MINOR=0'
04-10 10:01:02.091   181   186 D NetlinkEvent: NL param 'DEVNAME=dm-0'
04-10 10:01:02.091   181   186 D NetlinkEvent: NL param 'DEVTYPE=disk'
04-10 10:01:02.091   181   186 D NetlinkEvent: NL param 'NPARTS=0'
04-10 10:01:02.091   181   186 V vold    : ----------------
04-10 10:01:02.091   181   186 V vold    : handleBlockEvent with action 2
04-10 10:01:02.091   181   186 D NetlinkEvent: NL param 'DEVPATH=/devices/virtual/block/dm-0'
04-10 10:01:02.091   181   186 D NetlinkEvent: NL param 'MAJOR=253'
04-10 10:01:02.091   181   186 D NetlinkEvent: NL param 'MINOR=0'
04-10 10:01:02.091   181   186 D NetlinkEvent: NL param 'DEVNAME=dm-0'
04-10 10:01:02.091   181   186 D NetlinkEvent: NL param 'DEVTYPE=disk'
04-10 10:01:02.091   181   186 D NetlinkEvent: NL param 'NPARTS=0'
04-10 10:01:02.092  2985  3125 I chatty  : uid=1000 system_server expire 6 lines
04-10 10:01:02.093   181   573 D VoldCmdListener: volume user_added 0 0
04-10 10:01:02.093   181   186 V vold    : ----------------
04-10 10:01:02.093   181   186 V vold    : handleBlockEvent with action 1
04-10 10:01:02.093   181   186 D NetlinkEvent: NL param 'DEVPATH=/devices/virtual/block/dm-0'
04-10 10:01:02.093   181   186 D NetlinkEvent: NL param 'MAJOR=253'
04-10 10:01:02.093   181   186 D NetlinkEvent: NL param 'MINOR=0'
04-10 10:01:02.093   181   186 D NetlinkEvent: NL param 'DEVNAME=dm-0'
04-10 10:01:02.093   181   186 D NetlinkEvent: NL param 'DEVTYPE=disk'
04-10 10:01:02.093   181   186 D NetlinkEvent: NL param 'NPARTS=0'
04-10 10:01:02.093   181   186 V vold    : ----------------
04-10 10:01:02.093   181   186 V vold    : handleBlockEvent with action 3
04-10 10:01:02.093   181   186 D NetlinkEvent: NL param 'DEVPATH=/devices/virtual/block/dm-0'
04-10 10:01:02.093   181   186 D NetlinkEvent: NL param 'MAJOR=253'
04-10 10:01:02.093   181   186 D NetlinkEvent: NL param 'MINOR=0'
04-10 10:01:02.094   181   186 D NetlinkEvent: NL param 'DEVNAME=dm-0'
04-10 10:01:02.094   181   186 D NetlinkEvent: NL param 'DEVTYPE=disk'
04-10 10:01:02.094   181   186 D NetlinkEvent: NL param 'NPARTS=0'
04-10 10:01:02.094   181   186 D vold    : Disk at 253:0 changed
04-10 10:01:02.108   181   573 D VoldCmdListener: volume mount private:179,130 0 -1
04-10 10:01:02.108   181   573 V vold    : /system/bin/blkid
04-10 10:01:02.108   181   573 V vold    :     -c
04-10 10:01:02.108   181   573 V vold    :     /dev/null
04-10 10:01:02.108   181   573 V vold    :     -s
04-10 10:01:02.108   181   573 V vold    :     TYPE
04-10 10:01:02.108   181   573 V vold    :     -s
04-10 10:01:02.109   181   573 V vold    :     UUID
04-10 10:01:02.109   181   573 V vold    :     -s
04-10 10:01:02.109   181   573 V vold    :     LABEL
04-10 10:01:02.109   181   573 V vold    :     /dev/block/dm-0
04-10 10:01:02.191   181   573 V vold    : /dev/block/dm-0: UUID="629a8e05-8eb0-4b97-b721-a3c19235831f" TYPE="ext4" 
04-10 10:01:02.264   181   573 V vold    : /system/bin/e2fsck
04-10 10:01:02.264   181   573 V vold    :     -y
04-10 10:01:02.264   181   573 V vold    :     /dev/block/dm-0
04-10 10:01:02.365   181   573 D vold    : private:179,130 passed filesystem check
04-10 10:01:02.385   181   573 V vold    : Starting restorecon of /mnt/expand/629a8e05-8eb0-4b97-b721-a3c19235831f
04-10 10:01:02.615  2985  3003 I chatty  : uid=1000 system_server expire 3 lines
04-10 10:01:03.639   181   573 V vold    : Waiting for restorecon...
04-10 10:01:04.169  3477  3477 F libc    : page record for 0xb6f6b01c was not found (block_size=16)
04-10 10:01:04.236  2985  3254 I chatty  : uid=1000 system_server expire 1 line
04-10 10:01:04.639   181   573 V vold    : Waiting for restorecon...
04-10 10:01:04.639   181   573 V vold    : Finished restorecon of /mnt/expand/629a8e05-8eb0-4b97-b721-a3c19235831f
04-10 10:01:04.640   181   573 D vold    : EmulatedVolume(emulated:179,130) is newed
04-10 10:01:04.644  2985  3010 I chatty  : uid=1000 system_server expire 1 line
04-10 10:01:04.648   181   573 D VoldCmdListener: volume mount emulated:179,130 3 -1
04-10 10:01:04.652   181   573 V vold    : Waiting for FUSE to spin up...
04-10 10:01:04.709   181   573 I vold    : Linking /storage/emulated/0 to /mnt/m_external_sd
04-10 10:01:04.709   181   573 D NVRAM   : create_link_for_mtklogger(ext_sd_path = /storage/emulated/0)
04-10 10:01:04.710   181   573 D NVRAM   : This is normal boot.
04-10 10:01:05.268   181   573 D VoldCmdListener: volume user_started 0
04-10 10:01:05.268   181   573 D vold    : Linking /storage/emulated/0 to /mnt/user/0/primary
04-10 10:01:05.655  2985  3624 I chatty  : uid=1000 system_server expire 1 line
04-10 10:01:05.959  3573  3573 I chatty  : uid=1000(system) com.android.settings:CryptKeeper expire 1 line
04-10 10:01:06.005  2985  3641 I chatty  : uid=1000 system_server expire 2 lines
04-10 10:01:06.012  2985  2985 E AndroidRuntime: *** FATAL EXCEPTION IN SYSTEM PROCESS: main
04-10 10:01:06.012  2985  2985 E AndroidRuntime: java.lang.RuntimeException: createnewuserdir threw exception
04-10 10:01:06.012  2985  2985 E AndroidRuntime: 	at com.android.server.MountService.createNewUserDir(MountService.java:2659)
04-10 10:01:06.012  2985  2985 E AndroidRuntime: 	at android.os.storage.StorageManager.createNewUserDir(StorageManager.java:965)
04-10 10:01:06.012  2985  2985 E AndroidRuntime: 	at com.android.server.pm.UserManagerService.prepareUserDirectory(UserManagerService.java:1989)
04-10 10:01:06.012  2985  2985 E AndroidRuntime: 	at com.android.server.pm.PackageManagerService.reconcileUsers(PackageManagerService.java:16239)
04-10 10:01:06.012  2985  2985 E AndroidRuntime: 	at com.android.server.pm.PackageManagerService.-wrap34(PackageManagerService.java)
04-10 10:01:06.012  2985  2985 E AndroidRuntime: 	at com.android.server.pm.PackageManagerService$1.onVolumeStateChanged(PackageManagerService.java:1670)
04-10 10:01:06.012  2985  2985 E AndroidRuntime: 	at android.os.storage.StorageManager$StorageEventListenerDelegate.handleMessage(StorageManager.java:128)
04-10 10:01:06.012  2985  2985 E AndroidRuntime: 	at android.os.Handler.dispatchMessage(Handler.java:98)
04-10 10:01:06.012  2985  2985 E AndroidRuntime: 	at android.os.Looper.loop(Looper.java:148)
04-10 10:01:06.012  2985  2985 E AndroidRuntime: 	at com.android.server.SystemServer.run(SystemServer.java:285)
04-10 10:01:06.012  2985  2985 E AndroidRuntime: 	at com.android.server.SystemServer.main(SystemServer.java:170)
04-10 10:01:06.012  2985  2985 E AndroidRuntime: 	at java.lang.reflect.Method.invoke(Native Method)
04-10 10:01:06.012  2985  2985 E AndroidRuntime: 	at com.android.internal.os.ZygoteInit$MethodAndArgsCaller.run(ZygoteInit.java:726)
04-10 10:01:06.012  2985  2985 E AndroidRuntime: 	at com.android.internal.os.ZygoteInit.main(ZygoteInit.java:616)
04-10 10:01:06.012  2985  2985 E AndroidRuntime: Caused by: com.android.server.NativeDaemonConnector$NativeDaemonArgumentException: command '2 cryptfs createnewuserdir 0 /mnt/expand/629a8e05-8eb0-4b97-b721-a3c19235831f/user/0' failed with '500 2 Unknown cryptfs cmd'
04-10 10:01:06.012  2985  2985 E AndroidRuntime: 	at com.android.server.NativeDaemonConnector.executeForList(NativeDaemonConnector.java:441)
04-10 10:01:06.012  2985  2985 E AndroidRuntime: 	at com.android.server.NativeDaemonConnector.execute(NativeDaemonConnector.java:345)
04-10 10:01:06.012  2985  2985 E AndroidRuntime: 	at com.android.server.NativeDaemonConnector.execute(NativeDaemonConnector.java:340)
04-10 10:01:06.012  2985  2985 E AndroidRuntime: 	at com.android.server.MountService.createNewUserDir(MountService.java:2648)
04-10 10:01:06.012  2985  2985 E AndroidRuntime: 	... 13 more
04-10 10:01:06.193  3579  3579 E AndroidRuntime: FATAL EXCEPTION: main
04-10 10:01:06.193  3579  3579 E AndroidRuntime: Process: android.process.media, PID: 3579
04-10 10:01:06.193  3579  3579 E AndroidRuntime: java.lang.RuntimeException: Unable to instantiate application android.app.Application: java.lang.IllegalStateException: Unable to get package info for com.android.providers.downloads; is system dying?
04-10 10:01:06.193  3579  3579 E AndroidRuntime: 	at android.app.LoadedApk.makeApplication(LoadedApk.java:578)
04-10 10:01:06.193  3579  3579 E AndroidRuntime: 	at android.app.ActivityThread.handleBindApplication(ActivityThread.java:4702)
04-10 10:01:06.193  3579  3579 E AndroidRuntime: 	at android.app.ActivityThread.-wrap1(ActivityThread.java)
04-10 10:01:06.193  3579  3579 E AndroidRuntime: 	at android.app.ActivityThread$H.handleMessage(ActivityThread.java:1421)
04-10 10:01:06.193  3579  3579 E AndroidRuntime: 	at android.os.Handler.dispatchMessage(Handler.java:102)
04-10 10:01:06.193  3579  3579 E AndroidRuntime: 	at android.os.Looper.loop(Looper.java:148)
04-10 10:01:06.193  3579  3579 E AndroidRuntime: 	at android.app.ActivityThread.main(ActivityThread.java:5439)
04-10 10:01:06.193  3579  3579 E AndroidRuntime: 	at java.lang.reflect.Method.invoke(Native Method)
04-10 10:01:06.193  3579  3579 E AndroidRuntime: 	at com.android.internal.os.ZygoteInit$MethodAndArgsCaller.run(ZygoteInit.java:726)
04-10 10:01:06.193  3579  3579 E AndroidRuntime: 	at com.android.internal.os.ZygoteInit.main(ZygoteInit.java:616)
04-10 10:01:06.193  3579  3579 E AndroidRuntime: Caused by: java.lang.IllegalStateException: Unable to get package info for com.android.providers.downloads; is system dying?
04-10 10:01:06.193  3579  3579 E AndroidRuntime: 	at android.app.LoadedApk.initializeJavaContextClassLoader(LoadedApk.java:420)
04-10 10:01:06.193  3579  3579 E AndroidRuntime: 	at android.app.LoadedApk.makeApplication(LoadedApk.java:570)
04-10 10:01:06.193  3579  3579 E AndroidRuntime: 	... 9 more
04-10 10:01:06.193  3579  3579 E AndroidRuntime: Caused by: android.os.DeadObjectException: Transaction failed on small parcel; remote process probably died
04-10 10:01:06.193  3579  3579 E AndroidRuntime: 	at android.os.BinderProxy.transactNative(Native Method)
04-10 10:01:06.193  3579  3579 E AndroidRuntime: 	at android.os.BinderProxy.transact(Binder.java:503)
04-10 10:01:06.193  3579  3579 E AndroidRuntime: 	at android.content.pm.IPackageManager$Stub$Proxy.getPackageInfo(IPackageManager.java:2163)
04-10 10:01:06.193  3579  3579 E AndroidRuntime: 	at android.app.LoadedApk.initializeJavaContextClassLoader(LoadedApk.java:418)
04-10 10:01:06.193  3579  3579 E AndroidRuntime: 	... 10 more
04-10 10:01:06.195  3579  3579 E AndroidRuntime: Error reporting crash
04-10 10:01:06.195  3579  3579 E AndroidRuntime: android.os.DeadObjectException: Transaction failed on small parcel; remote process probably died
04-10 10:01:06.195  3579  3579 E AndroidRuntime: 	at android.os.BinderProxy.transactNative(Native Method)
04-10 10:01:06.195  3579  3579 E AndroidRuntime: 	at android.os.BinderProxy.transact(Binder.java:503)
04-10 10:01:06.195  3579  3579 E AndroidRuntime: 	at android.app.ActivityManagerProxy.handleApplicationCrash(ActivityManagerNative.java:4427)
04-10 10:01:06.195  3579  3579 E AndroidRuntime: 	at com.android.internal.os.RuntimeInit$UncaughtHandler.uncaughtException(RuntimeInit.java:90)
04-10 10:01:06.195  3579  3579 E AndroidRuntime: 	at java.lang.ThreadGroup.uncaughtException(ThreadGroup.java:693)
04-10 10:01:06.195  3579  3579 E AndroidRuntime: 	at java.lang.ThreadGroup.uncaughtException(ThreadGroup.java:690)
04-10 10:01:06.241  3625  3625 W ActivityThread: Unable to get context for package com.android.providers.userdictionary while loading content provider com.android.providers.userdictionary.UserDictionaryProvider
04-10 10:01:06.258  3625  3676 E ActivityThread: Failed to find provider info for settings
04-10 10:01:06.262  3542  3687 E AndroidRuntime: FATAL EXCEPTION: AsyncTask #1
04-10 10:01:06.262  3542  3687 E AndroidRuntime: Process: com.android.inputmethod.latin, PID: 3542
04-10 10:01:06.262  3542  3687 E AndroidRuntime: java.lang.RuntimeException: An error occurred while executing doInBackground()
04-10 10:01:06.262  3542  3687 E AndroidRuntime: 	at android.os.AsyncTask$3.done(AsyncTask.java:309)
04-10 10:01:06.262  3542  3687 E AndroidRuntime: 	at java.util.concurrent.FutureTask.finishCompletion(FutureTask.java:354)
04-10 10:01:06.262  3542  3687 E AndroidRuntime: 	at java.util.concurrent.FutureTask.setException(FutureTask.java:223)
04-10 10:01:06.262  3542  3687 E AndroidRuntime: 	at java.util.concurrent.FutureTask.run(FutureTask.java:242)
04-10 10:01:06.262  3542  3687 E AndroidRuntime: 	at android.os.AsyncTask$SerialExecutor$1.run(AsyncTask.java:234)
04-10 10:01:06.262  3542  3687 E AndroidRuntime: 	at java.util.concurrent.ThreadPoolExecutor.runWorker(ThreadPoolExecutor.java:1113)
04-10 10:01:06.262  3542  3687 E AndroidRuntime: 	at java.util.concurrent.ThreadPoolExecutor$Worker.run(ThreadPoolExecutor.java:588)
04-10 10:01:06.262  3542  3687 E AndroidRuntime: 	at java.lang.Thread.run(Thread.java:818)
04-10 10:01:06.262  3542  3687 E AndroidRuntime: Caused by: java.lang.RuntimeException: Package manager has died
04-10 10:01:06.262  3542  3687 E AndroidRuntime: 	at android.app.ApplicationPackageManager.getPackageInfo(ApplicationPackageManager.java:134)
04-10 10:01:06.262  3542  3687 E AndroidRuntime: 	at com.android.inputmethod.latin.utils.TargetPackageInfoGetterTask.doInBackground(TargetPackageInfoGetterTask.java:55)
04-10 10:01:06.262  3542  3687 E AndroidRuntime: 	at com.android.inputmethod.latin.utils.TargetPackageInfoGetterTask.doInBackground(TargetPackageInfoGetterTask.java:51)
04-10 10:01:06.262  3542  3687 E AndroidRuntime: 	at android.os.AsyncTask$2.call(AsyncTask.java:295)
04-10 10:01:06.262  3542  3687 E AndroidRuntime: 	at java.util.concurrent.FutureTask.run(FutureTask.java:237)
04-10 10:01:06.262  3542  3687 E AndroidRuntime: 	... 4 more
04-10 10:01:06.262  3542  3687 E AndroidRuntime: Caused by: android.os.DeadObjectException
04-10 10:01:06.262  3542  3687 E AndroidRuntime: 	at android.os.BinderProxy.transactNative(Native Method)
04-10 10:01:06.262  3542  3687 E AndroidRuntime: 	at android.os.BinderProxy.transact(Binder.java:503)
04-10 10:01:06.262  3542  3687 E AndroidRuntime: 	at android.content.pm.IPackageManager$Stub$Proxy.getPackageInfo(IPackageManager.java:2163)
04-10 10:01:06.262  3542  3687 E AndroidRuntime: 	at android.app.ApplicationPackageManager.getPackageInfo(ApplicationPackageManager.java:129)
04-10 10:01:06.262  3542  3687 E AndroidRuntime: 	... 8 more
04-10 10:01:06.263  3542  3687 E AndroidRuntime: Error reporting crash
04-10 10:01:06.263  3542  3687 E AndroidRuntime: android.os.DeadObjectException
04-10 10:01:06.263  3542  3687 E AndroidRuntime: 	at android.os.BinderProxy.transactNative(Native Method)
04-10 10:01:06.263  3542  3687 E AndroidRuntime: 	at android.os.BinderProxy.transact(Binder.java:503)
04-10 10:01:06.263  3542  3687 E AndroidRuntime: 	at android.app.ActivityManagerProxy.handleApplicationCrash(ActivityManagerNative.java:4427)
04-10 10:01:06.263  3542  3687 E AndroidRuntime: 	at com.android.internal.os.RuntimeInit$UncaughtHandler.uncaughtException(RuntimeInit.java:90)
04-10 10:01:06.263  3542  3687 E AndroidRuntime: 	at java.lang.ThreadGroup.uncaughtException(ThreadGroup.java:693)
04-10 10:01:06.263  3542  3687 E AndroidRuntime: 	at java.lang.ThreadGroup.uncaughtException(ThreadGroup.java:690)
04-10 10:01:06.265  3625  3676 E AndroidRuntime: FATAL EXCEPTION: ContactsProviderWorker
04-10 10:01:06.265  3625  3676 E AndroidRuntime: Process: android.process.acore, PID: 3625
04-10 10:01:06.265  3625  3676 E AndroidRuntime: java.lang.NullPointerException: Attempt to invoke interface method 'android.os.Bundle android.content.IContentProvider.call(java.lang.String, java.lang.String, java.lang.String, android.os.Bundle)' on a null object reference
04-10 10:01:06.265  3625  3676 E AndroidRuntime: 	at android.provider.Settings$NameValueCache.getStringForUser(Settings.java:1369)
04-10 10:01:06.265  3625  3676 E AndroidRuntime: 	at android.provider.Settings$Global.getStringForUser(Settings.java:7872)
04-10 10:01:06.265  3625  3676 E AndroidRuntime: 	at android.provider.Settings$Global.getString(Settings.java:7861)
04-10 10:01:06.265  3625  3676 E AndroidRuntime: 	at android.provider.Settings$Global.getInt(Settings.java:7928)
04-10 10:01:06.265  3625  3676 E AndroidRuntime: 	at com.android.providers.contacts.ContactsProvider2.initForDefaultLocale(ContactsProvider2.java:1604)
