04-10 09:57:02.084   181   573 E Cryptfs : Cannot remove dm-crypt device, retry(6), rtn(-1)
04-10 09:57:02.584   181   573 E Cryptfs : Cannot remove dm-crypt device, retry(7), rtn(-1)
04-10 09:57:03.084   181   573 E Cryptfs : Cannot remove dm-crypt device, retry(8), rtn(-1)
04-10 09:57:03.585   181   573 E Cryptfs : Cannot remove dm-crypt device, retry(9), rtn(-1)
04-10 09:57:04.088   181   573 I Cryptfs : Enabling support for allow_discards in dmcrypt.
04-10 09:57:04.089   181   573 I Cryptfs : The dm-crypt device is already created, /dev/block/dm-0
04-10 09:57:04.090   181   186 V vold    : ----------------
04-10 09:57:04.090   181   186 V vold    : handleBlockEvent with action 2
04-10 09:57:04.090   181   186 D NetlinkEvent: NL param 'DEVPATH=/devices/virtual/block/dm-0'
04-10 09:57:04.090   181   186 D NetlinkEvent: NL param 'MAJOR=253'
04-10 09:57:04.090   181   186 D NetlinkEvent: NL param 'MINOR=0'
04-10 09:57:04.090   181   186 D NetlinkEvent: NL param 'DEVNAME=dm-0'
04-10 09:57:04.090   181   186 D NetlinkEvent: NL param 'DEVTYPE=disk'
04-10 09:57:04.090   181   186 D NetlinkEvent: NL param 'NPARTS=0'
04-10 09:57:04.090   181   186 V vold    : ----------------
04-10 09:57:04.090   181   186 V vold    : handleBlockEvent with action 2
04-10 09:57:04.090   181   186 D NetlinkEvent: NL param 'DEVPATH=/devices/virtual/block/dm-0'
04-10 09:57:04.090   181   186 D NetlinkEvent: NL param 'MAJOR=253'
04-10 09:57:04.090   181   186 D NetlinkEvent: NL param 'MINOR=0'
04-10 09:57:04.090   181   186 D NetlinkEvent: NL param 'DEVNAME=dm-0'
04-10 09:57:04.090   181   186 D NetlinkEvent: NL param 'DEVTYPE=disk'
04-10 09:57:04.090   181   186 D NetlinkEvent: NL param 'NPARTS=0'
04-10 09:57:04.090   181   186 V vold    : ----------------
04-10 09:57:04.091   181   186 V vold    : handleBlockEvent with action 1
04-10 09:57:04.091   181   186 D NetlinkEvent: NL param 'DEVPATH=/devices/virtual/block/dm-0'
04-10 09:57:04.091   181   186 D NetlinkEvent: NL param 'MAJOR=253'
04-10 09:57:04.091   181   186 D NetlinkEvent: NL param 'MINOR=0'
04-10 09:57:04.091   181   186 D NetlinkEvent: NL param 'DEVNAME=dm-0'
04-10 09:57:04.091   181   186 D NetlinkEvent: NL param 'DEVTYPE=disk'
04-10 09:57:04.091   181   186 D NetlinkEvent: NL param 'NPARTS=0'
04-10 09:57:04.091   181   186 V vold    : ----------------
04-10 09:57:04.091   181   186 V vold    : handleBlockEvent with action 3
04-10 09:57:04.091   181   186 D NetlinkEvent: NL param 'DEVPATH=/devices/virtual/block/dm-0'
04-10 09:57:04.091   181   186 D NetlinkEvent: NL param 'MAJOR=253'
04-10 09:57:04.091   181   186 D NetlinkEvent: NL param 'MINOR=0'
04-10 09:57:04.091   181   186 D NetlinkEvent: NL param 'DEVNAME=dm-0'
04-10 09:57:04.091   181   186 D NetlinkEvent: NL param 'DEVTYPE=disk'
04-10 09:57:04.091   181   186 D NetlinkEvent: NL param 'NPARTS=0'
04-10 09:57:04.091   181   186 D vold    : Disk at 253:0 changed
04-10 09:57:04.093   181   573 D VoldCmdListener: volume user_added 0 0
04-10 09:57:04.149   181   573 D VoldCmdListener: volume mount private:179,130 0 -1
04-10 09:57:04.149   181   573 V vold    : /system/bin/blkid
04-10 09:57:04.150   181   573 V vold    :     -c
04-10 09:57:04.150   181   573 V vold    :     /dev/null
04-10 09:57:04.150   181   573 V vold    :     -s
04-10 09:57:04.150   181   573 V vold    :     TYPE
04-10 09:57:04.150   181   573 V vold    :     -s
04-10 09:57:04.150   181   573 V vold    :     UUID
04-10 09:57:04.150   181   573 V vold    :     -s
04-10 09:57:04.150   181   573 V vold    :     LABEL
04-10 09:57:04.150   181   573 V vold    :     /dev/block/dm-0
04-10 09:57:04.314   181   573 V vold    : /dev/block/dm-0: UUID="629a8e05-8eb0-4b97-b721-a3c19235831f" TYPE="ext4" 
04-10 09:57:04.411   181   573 V vold    : /system/bin/e2fsck
04-10 09:57:04.411   181   573 V vold    :     -y
04-10 09:57:04.411   181   573 V vold    :     /dev/block/dm-0
04-10 09:57:04.491   181   573 D vold    : private:179,130 passed filesystem check
04-10 09:57:04.518   181   573 V vold    : Starting restorecon of /mnt/expand/629a8e05-8eb0-4b97-b721-a3c19235831f
04-10 09:57:04.570 29856 29874 I chatty  : uid=1000 system_server expire 4 lines
04-10 09:57:05.770   181   573 V vold    : Waiting for restorecon...
04-10 09:57:06.770   181   573 V vold    : Waiting for restorecon...
04-10 09:57:06.771   181   573 V vold    : Finished restorecon of /mnt/expand/629a8e05-8eb0-4b97-b721-a3c19235831f
04-10 09:57:06.772   181   573 D vold    : EmulatedVolume(emulated:179,130) is newed
04-10 09:57:06.775 29856 29882 I chatty  : uid=1000 system_server expire 1 line
04-10 09:57:06.776   181   573 D VoldCmdListener: volume mount emulated:179,130 3 -1
04-10 09:57:06.779   181   573 V vold    : Waiting for FUSE to spin up...
04-10 09:57:06.832   181   573 I vold    : Linking /storage/emulated/0 to /mnt/m_external_sd
04-10 09:57:06.832   181   573 D NVRAM   : create_link_for_mtklogger(ext_sd_path = /storage/emulated/0)
04-10 09:57:06.832   181   573 D NVRAM   : This is normal boot.
04-10 09:57:07.128   181   573 D VoldCmdListener: volume user_started 0
04-10 09:57:07.128   181   573 D vold    : Linking /storage/emulated/0 to /mnt/user/0/primary
04-10 09:57:07.309 30432 30432 I ActivityThread: Switching default density from 300 to 320
04-10 09:57:07.345 29856 29878 I chatty  : uid=1000 system_server expire 1 line
04-10 09:57:07.429 29856 30499 I chatty  : uid=1000 system_server expire 1 line
04-10 09:57:07.812 30473 30473 I chatty  : uid=1000(system) com.android.settings:CryptKeeper expire 1 line
04-10 09:57:07.919 29856 29873 I chatty  : uid=1000 system_server expire 2 lines
04-10 09:57:08.207 30511 30573 E ActivityThread: Failed to find provider info for settings
04-10 09:57:12.343 30722 30722 I chatty  : uid=1000 system_server expire 279 lines
04-10 09:57:12.445 30722 30745 I chatty  : uid=1000 system_server expire 5 lines
04-10 09:57:12.448 30722 30746 I chatty  : uid=1000 system_server expire 2 lines
04-10 09:57:12.589 30722 30756 I chatty  : uid=1000 system_server expire 4 lines
04-10 09:57:12.600 30722 30758 I chatty  : uid=1000 system_server expire 2 lines
04-10 09:57:14.334 30722 30841 I chatty  : uid=1000 system_server expire 1 line
04-10 09:57:14.580 30722 30862 I chatty  : uid=1000 system_server expire 39 lines
04-10 09:57:14.590   181   574 I Ext4Crypt: ext4 crypto complete called on /data
04-10 09:57:14.590   181   574 I Ext4Crypt: No master key, so not ext4enc
04-10 09:57:14.596 30722 30865 I chatty  : uid=1000 system_server expire 2 lines
04-10 09:57:14.603   181   573 D VoldCmdListener: asec list
04-10 09:57:14.604 30722 30863 I chatty  : uid=1000 system_server expire 39 lines
04-10 09:57:14.724   181   573 D VoldCmdListener: asec list
04-10 09:57:14.745 30722 30872 I chatty  : uid=1000 system_server expire 2 lines
04-10 09:57:14.821 30722 30858 I chatty  : uid=1000 system_server expire 1 line
04-10 09:57:20.296 30722 30926 I chatty  : uid=1000 system_server expire 2 lines
04-10 09:57:20.309 30722 30927 I chatty  : uid=1000 system_server expire 1 line
04-10 09:57:20.460   181   573 D VoldCmdListener: volume reset
04-10 09:57:20.731   181   573 V vold    : /system/bin/sgdisk
04-10 09:57:20.731   181   573 V vold    :     --android-dump
04-10 09:57:20.731   181   573 V vold    :     /dev/block/vold/disk:179,128
04-10 09:57:20.787   181   573 V vold    : DISK gpt F342FEEA-A652-4F60-B694-D8C566F84758
04-10 09:57:20.787   181   573 V vold    : PART 1 19A710A2-B3CA-11E4-B026-10604B889DCF 66CC8B1B-DB76-4226-AE5F-989E287F70EC android_meta
04-10 09:57:20.787   181   573 V vold    : PART 2 193D1EA4-B3CA-11E4-B075-10604B889DCF A0C0EE3A-FFB3-980B-8C9C-0DFF5E38A832 android_expand
04-10 09:57:20.788   181   573 D vold    : Found key for GUID a0c0ee3affb3980b8c9c0dff5e38a832
04-10 09:57:20.788   181   573 D vold    : PrivateVolume(private:179,130) is newed
04-10 09:57:20.789   181   573 E Cryptfs : Cannot remove dm-crypt device, retry(0), rtn(-1)
04-10 09:57:21.289   181   573 E Cryptfs : Cannot remove dm-crypt device, retry(1), rtn(-1)
04-10 09:57:21.789   181   573 E Cryptfs : Cannot remove dm-crypt device, retry(2), rtn(-1)
04-10 09:57:22.290   181   573 E Cryptfs : Cannot remove dm-crypt device, retry(3), rtn(-1)
04-10 09:57:22.790   181   573 E Cryptfs : Cannot remove dm-crypt device, retry(4), rtn(-1)
04-10 09:57:23.290   181   573 E Cryptfs : Cannot remove dm-crypt device, retry(5), rtn(-1)
--------- beginning of crash
04-10 09:57:23.626 30947 30947 F libc    : page record for 0xb6ebe01c was not found (block_size=16)
04-10 09:57:23.791   181   573 E Cryptfs : Cannot remove dm-crypt device, retry(6), rtn(-1)
04-10 09:57:24.291   181   573 E Cryptfs : Cannot remove dm-crypt device, retry(7), rtn(-1)
04-10 09:57:24.791   181   573 E Cryptfs : Cannot remove dm-crypt device, retry(8), rtn(-1)
04-10 09:57:25.291   181   573 E Cryptfs : Cannot remove dm-crypt device, retry(9), rtn(-1)
04-10 09:57:25.796   181   573 I Cryptfs : Enabling support for allow_discards in dmcrypt.
04-10 09:57:25.799   181   573 I Cryptfs : The dm-crypt device is already created, /dev/block/dm-0
04-10 09:57:25.801   181   186 V vold    : ----------------
04-10 09:57:25.801   181   186 V vold    : handleBlockEvent with action 2
04-10 09:57:25.801   181   186 D NetlinkEvent: NL param 'DEVPATH=/devices/virtual/block/dm-0'
04-10 09:57:25.801   181   186 D NetlinkEvent: NL param 'MAJOR=253'
04-10 09:57:25.801   181   186 D NetlinkEvent: NL param 'MINOR=0'
04-10 09:57:25.801   181   186 D NetlinkEvent: NL param 'DEVNAME=dm-0'
04-10 09:57:25.801   181   186 D NetlinkEvent: NL param 'DEVTYPE=disk'
04-10 09:57:25.801   181   186 D NetlinkEvent: NL param 'NPARTS=0'
04-10 09:57:25.802   181   186 V vold    : ----------------
04-10 09:57:25.802   181   186 V vold    : handleBlockEvent with action 2
04-10 09:57:25.802   181   186 D NetlinkEvent: NL param 'DEVPATH=/devices/virtual/block/dm-0'
04-10 09:57:25.802   181   186 D NetlinkEvent: NL param 'MAJOR=253'
04-10 09:57:25.802   181   186 D NetlinkEvent: NL param 'MINOR=0'
04-10 09:57:25.802   181   186 D NetlinkEvent: NL param 'DEVNAME=dm-0'
04-10 09:57:25.802   181   186 D NetlinkEvent: NL param 'DEVTYPE=disk'
04-10 09:57:25.802   181   186 D NetlinkEvent: NL param 'NPARTS=0'
04-10 09:57:25.802   181   186 V vold    : ----------------
04-10 09:57:25.802   181   186 V vold    : handleBlockEvent with action 1
04-10 09:57:25.802   181   186 D NetlinkEvent: NL param 'DEVPATH=/devices/virtual/block/dm-0'
04-10 09:57:25.802   181   186 D NetlinkEvent: NL param 'MAJOR=253'
04-10 09:57:25.802   181   186 D NetlinkEvent: NL param 'MINOR=0'
04-10 09:57:25.802   181   186 D NetlinkEvent: NL param 'DEVNAME=dm-0'
04-10 09:57:25.802   181   186 D NetlinkEvent: NL param 'DEVTYPE=disk'
04-10 09:57:25.802   181   186 D NetlinkEvent: NL param 'NPARTS=0'
04-10 09:57:25.802   181   186 V vold    : ----------------
04-10 09:57:25.802   181   186 V vold    : handleBlockEvent with action 3
04-10 09:57:25.802   181   186 D NetlinkEvent: NL param 'DEVPATH=/devices/virtual/block/dm-0'
04-10 09:57:25.802   181   186 D NetlinkEvent: NL param 'MAJOR=253'
04-10 09:57:25.802   181   186 D NetlinkEvent: NL param 'MINOR=0'
04-10 09:57:25.802   181   186 D NetlinkEvent: NL param 'DEVNAME=dm-0'
04-10 09:57:25.802   181   186 D NetlinkEvent: NL param 'DEVTYPE=disk'
04-10 09:57:25.802   181   186 D NetlinkEvent: NL param 'NPARTS=0'
04-10 09:57:25.802   181   186 D vold    : Disk at 253:0 changed
04-10 09:57:25.804   181   573 D VoldCmdListener: volume user_added 0 0
04-10 09:57:25.859   181   573 D VoldCmdListener: volume mount private:179,130 0 -1
04-10 09:57:25.859   181   573 V vold    : /system/bin/blkid
04-10 09:57:25.859   181   573 V vold    :     -c
04-10 09:57:25.859   181   573 V vold    :     /dev/null
04-10 09:57:25.859   181   573 V vold    :     -s
04-10 09:57:25.859   181   573 V vold    :     TYPE
04-10 09:57:25.859   181   573 V vold    :     -s
04-10 09:57:25.859   181   573 V vold    :     UUID
04-10 09:57:25.859   181   573 V vold    :     -s
04-10 09:57:25.859   181   573 V vold    :     LABEL
04-10 09:57:25.859   181   573 V vold    :     /dev/block/dm-0
04-10 09:57:25.993   181   573 V vold    : /dev/block/dm-0: UUID="629a8e05-8eb0-4b97-b721-a3c19235831f" TYPE="ext4" 
04-10 09:57:26.097   181   573 V vold    : /system/bin/e2fsck
04-10 09:57:26.097   181   573 V vold    :     -y
04-10 09:57:26.097   181   573 V vold    :     /dev/block/dm-0
04-10 09:57:26.234   181   573 D vold    : private:179,130 passed filesystem check
04-10 09:57:26.266   181   573 V vold    : Starting restorecon of /mnt/expand/629a8e05-8eb0-4b97-b721-a3c19235831f
04-10 09:57:26.353 30722 30740 I chatty  : uid=1000 system_server expire 2 lines
04-10 09:57:26.877 30722 30993 I chatty  : uid=1000 system_server expire 2 lines
04-10 09:57:27.519   181   573 V vold    : Waiting for restorecon...
04-10 09:57:27.965 31242 31242 F libc    : page record for 0xb6ec501c was not found (block_size=16)
04-10 09:57:28.520   181   573 V vold    : Waiting for restorecon...
04-10 09:57:28.520   181   573 V vold    : Finished restorecon of /mnt/expand/629a8e05-8eb0-4b97-b721-a3c19235831f
04-10 09:57:28.521   181   573 D vold    : EmulatedVolume(emulated:179,130) is newed
04-10 09:57:28.524 30722 30747 I chatty  : uid=1000 system_server expire 1 line
04-10 09:57:28.526   181   573 D VoldCmdListener: volume mount emulated:179,130 3 -1
04-10 09:57:28.530   181   573 V vold    : Waiting for FUSE to spin up...
04-10 09:57:28.594   181   573 I vold    : Linking /storage/emulated/0 to /mnt/m_external_sd
04-10 09:57:28.594   181   573 D NVRAM   : create_link_for_mtklogger(ext_sd_path = /storage/emulated/0)
04-10 09:57:28.594   181   573 D NVRAM   : This is normal boot.
04-10 09:57:28.941   181   573 D VoldCmdListener: volume user_started 0
04-10 09:57:28.944   181   573 D vold    : Linking /storage/emulated/0 to /mnt/user/0/primary
04-10 09:57:29.256 30722 31361 I chatty  : uid=1000 system_server expire 1 line
04-10 09:57:29.480 31333 31333 I chatty  : uid=1000(system) com.android.settings:CryptKeeper expire 1 line
04-10 09:57:29.529 30722 30722 E AndroidRuntime: *** FATAL EXCEPTION IN SYSTEM PROCESS: main
04-10 09:57:29.529 30722 30722 E AndroidRuntime: java.lang.RuntimeException: createnewuserdir threw exception
04-10 09:57:29.529 30722 30722 E AndroidRuntime: 	at com.android.server.MountService.createNewUserDir(MountService.java:2659)
04-10 09:57:29.529 30722 30722 E AndroidRuntime: 	at android.os.storage.StorageManager.createNewUserDir(StorageManager.java:965)
04-10 09:57:29.529 30722 30722 E AndroidRuntime: 	at com.android.server.pm.UserManagerService.prepareUserDirectory(UserManagerService.java:1989)
04-10 09:57:29.529 30722 30722 E AndroidRuntime: 	at com.android.server.pm.PackageManagerService.reconcileUsers(PackageManagerService.java:16239)
04-10 09:57:29.529 30722 30722 E AndroidRuntime: 	at com.android.server.pm.PackageManagerService.-wrap34(PackageManagerService.java)
04-10 09:57:29.529 30722 30722 E AndroidRuntime: 	at com.android.server.pm.PackageManagerService$1.onVolumeStateChanged(PackageManagerService.java:1670)
04-10 09:57:29.529 30722 30722 E AndroidRuntime: 	at android.os.storage.StorageManager$StorageEventListenerDelegate.handleMessage(StorageManager.java:128)
04-10 09:57:29.529 30722 30722 E AndroidRuntime: 	at android.os.Handler.dispatchMessage(Handler.java:98)
04-10 09:57:29.529 30722 30722 E AndroidRuntime: 	at android.os.Looper.loop(Looper.java:148)
04-10 09:57:29.529 30722 30722 E AndroidRuntime: 	at com.android.server.SystemServer.run(SystemServer.java:285)
04-10 09:57:29.529 30722 30722 E AndroidRuntime: 	at com.android.server.SystemServer.main(SystemServer.java:170)
04-10 09:57:29.529 30722 30722 E AndroidRuntime: 	at java.lang.reflect.Method.invoke(Native Method)
04-10 09:57:29.529 30722 30722 E AndroidRuntime: 	at com.android.internal.os.ZygoteInit$MethodAndArgsCaller.run(ZygoteInit.java:726)
04-10 09:57:29.529 30722 30722 E AndroidRuntime: 	at com.android.internal.os.ZygoteInit.main(ZygoteInit.java:616)
04-10 09:57:29.529 30722 30722 E AndroidRuntime: Caused by: com.android.server.NativeDaemonConnector$NativeDaemonArgumentException: command '2 cryptfs createnewuserdir 0 /mnt/expand/629a8e05-8eb0-4b97-b721-a3c19235831f/user/0' failed with '500 2 Unknown cryptfs cmd'
04-10 09:57:29.529 30722 30722 E AndroidRuntime: 	at com.android.server.NativeDaemonConnector.executeForList(NativeDaemonConnector.java:441)
04-10 09:57:29.529 30722 30722 E AndroidRuntime: 	at com.android.server.NativeDaemonConnector.execute(NativeDaemonConnector.java:345)
04-10 09:57:29.529 30722 30722 E AndroidRuntime: 	at com.android.server.NativeDaemonConnector.execute(NativeDaemonConnector.java:340)
04-10 09:57:29.529 30722 30722 E AndroidRuntime: 	at com.android.server.MountService.createNewUserDir(MountService.java:2648)
04-10 09:57:29.529 30722 30722 E AndroidRuntime: 	... 13 more
04-10 09:57:29.584 30722 31015 I chatty  : uid=1000 system_server expire 2 lines
04-10 09:57:29.774 30722 30744 I chatty  : uid=1000 system_server expire 1 line
04-10 09:57:29.895 31301 31301 E ActivityThread: Failed to find provider info for settings
04-10 09:57:29.897 31301 31301 E AndroidRuntime: FATAL EXCEPTION: main
04-10 09:57:29.897 31301 31301 E AndroidRuntime: Process: com.android.inputmethod.latin, PID: 31301
04-10 09:57:29.897 31301 31301 E AndroidRuntime: java.lang.RuntimeException: Unable to create service com.android.inputmethod.latin.LatinIME: java.lang.NullPointerException: Attempt to invoke interface method 'android.os.Bundle android.content.IContentProvider.call(java.lang.String, java.lang.String, java.lang.String, android.os.Bundle)' on a null object reference
04-10 09:57:29.897 31301 31301 E AndroidRuntime: 	at android.app.ActivityThread.handleCreateService(ActivityThread.java:2903)
04-10 09:57:29.897 31301 31301 E AndroidRuntime: 	at android.app.ActivityThread.-wrap4(ActivityThread.java)
04-10 09:57:29.897 31301 31301 E AndroidRuntime: 	at android.app.ActivityThread$H.handleMessage(ActivityThread.java:1443)
04-10 09:57:29.897 31301 31301 E AndroidRuntime: 	at android.os.Handler.dispatchMessage(Handler.java:102)
04-10 09:57:29.897 31301 31301 E AndroidRuntime: 	at android.os.Looper.loop(Looper.java:148)
04-10 09:57:29.897 31301 31301 E AndroidRuntime: 	at android.app.ActivityThread.main(ActivityThread.java:5439)
04-10 09:57:29.897 31301 31301 E AndroidRuntime: 	at java.lang.reflect.Method.invoke(Native Method)
04-10 09:57:29.897 31301 31301 E AndroidRuntime: 	at com.android.internal.os.ZygoteInit$MethodAndArgsCaller.run(ZygoteInit.java:726)
04-10 09:57:29.897 31301 31301 E AndroidRuntime: 	at com.android.internal.os.ZygoteInit.main(ZygoteInit.java:616)
04-10 09:57:29.897 31301 31301 E AndroidRuntime: Caused by: java.lang.NullPointerException: Attempt to invoke interface method 'android.os.Bundle android.content.IContentProvider.call(java.lang.String, java.lang.String, java.lang.String, android.os.Bundle)' on a null object reference
04-10 09:57:29.897 31301 31301 E AndroidRuntime: 	at android.provider.Settings$NameValueCache.getStringForUser(Settings.java:1369)
04-10 09:57:29.897 31301 31301 E AndroidRuntime: 	at android.provider.Settings$Global.getStringForUser(Settings.java:7872)
04-10 09:57:29.897 31301 31301 E AndroidRuntime: 	at android.provider.Settings$Global.getString(Settings.java:7861)
04-10 09:57:29.897 31301 31301 E AndroidRuntime: 	at android.provider.Settings$Global.getInt(Settings.java:7928)
04-10 09:57:29.897 31301 31301 E AndroidRuntime: 	at android.inputmethodservice.InputMethodService.initViews(InputMethodService.java:727)
04-10 09:57:29.897 31301 31301 E AndroidRuntime: 	at android.inputmethodservice.InputMethodService.onCreate(InputMethodService.java:692)
04-10 09:57:29.897 31301 31301 E AndroidRuntime: 	at com.android.inputmethod.latin.LatinIME.onCreate(LatinIME.java:556)
04-10 09:57:29.897 31301 31301 E AndroidRuntime: 	at android.app.ActivityThread.handleCreateService(ActivityThread.java:2893)
04-10 09:57:29.897 31301 31301 E AndroidRuntime: 	... 8 more
04-10 09:57:29.898 31301 31301 E AndroidRuntime: Error reporting crash
04-10 09:57:29.898 31301 31301 E AndroidRuntime: android.os.DeadObjectException
04-10 09:57:29.898 31301 31301 E AndroidRuntime: 	at android.os.BinderProxy.transactNative(Native Method)
04-10 09:57:29.898 31301 31301 E AndroidRuntime: 	at android.os.BinderProxy.transact(Binder.java:503)
04-10 09:57:29.898 31301 31301 E AndroidRuntime: 	at android.app.ActivityManagerProxy.handleApplicationCrash(ActivityManagerNative.java:4427)
04-10 09:57:29.898 31301 31301 E AndroidRuntime: 	at com.android.internal.os.RuntimeInit$UncaughtHandler.uncaughtException(RuntimeInit.java:90)
04-10 09:57:29.898 31301 31301 E AndroidRuntime: 	at java.lang.ThreadGroup.uncaughtException(ThreadGroup.java:693)
04-10 09:57:29.898 31301 31301 E AndroidRuntime: 	at java.lang.ThreadGroup.uncaughtException(ThreadGroup.java:690)
04-10 09:57:29.913 31362 31405 E ActivityThread: Failed to find provider info for settings
04-10 09:57:29.914 31362 31405 E AndroidRuntime: FATAL EXCEPTION: ContactsProviderWorker
04-10 09:57:29.914 31362 31405 E AndroidRuntime: Process: android.process.acore, PID: 31362
04-10 09:57:29.914 31362 31405 E AndroidRuntime: java.lang.NullPointerException: Attempt to invoke interface method 'android.os.Bundle android.content.IContentProvider.call(java.lang.String, java.lang.String, java.lang.String, android.os.Bundle)' on a null object reference
04-10 09:57:29.914 31362 31405 E AndroidRuntime: 	at android.provider.Settings$NameValueCache.getStringForUser(Settings.java:1369)
04-10 09:57:29.914 31362 31405 E AndroidRuntime: 	at android.provider.Settings$Global.getStringForUser(Settings.java:7872)
04-10 09:57:29.914 31362 31405 E AndroidRuntime: 	at android.provider.Settings$Global.getString(Settings.java:7861)
04-10 09:57:29.914 31362 31405 E AndroidRuntime: 	at android.provider.Settings$Global.getInt(Settings.java:7928)
04-10 09:57:29.914 31362 31405 E AndroidRuntime: 	at com.android.providers.contacts.ContactsProvider2.initForDefaultLocale(ContactsProvider2.java:1604)
04-10 09:57:29.914 31362 31405 E AndroidRuntime: 	at com.android.providers.contacts.ContactsProvider2.performBackgroundTask(ContactsProvider2.java:1687)
04-10 09:57:29.914 31362 31405 E AndroidRuntime: 	at com.android.providers.contacts.ContactsProvider2$1.handleMessage(ContactsProvider2.java:1516)
04-10 09:57:29.914 31362 31405 E AndroidRuntime: 	at android.os.Handler.dispatchMessage(Handler.java:102)
04-10 09:57:29.914 31362 31405 E AndroidRuntime: 	at android.os.Looper.loop(Looper.java:148)
04-10 09:57:29.914 31362 31405 E AndroidRuntime: 	at android.os.HandlerThread.run(HandlerThread.java:61)
04-10 09:57:30.037 30960 30960 E AndroidRuntime: FATAL EXCEPTION: main
04-10 09:57:30.037 30960 30960 E AndroidRuntime: Process: com.android.systemui, PID: 30960
04-10 09:57:30.037 30960 30960 E AndroidRuntime: java.lang.RuntimeException: android.os.DeadObjectException
04-10 09:57:30.037 30960 30960 E AndroidRuntime: 	at com.android.systemui.statusbar.policy.UserInfoController.queryForUserInformation(UserInfoController.java:134)
04-10 09:57:30.037 30960 30960 E AndroidRuntime: 	at com.android.systemui.statusbar.policy.UserInfoController.reloadUserInfo(UserInfoController.java:119)
04-10 09:57:30.037 30960 30960 E AndroidRuntime: 	at com.android.systemui.statusbar.phone.PhoneStatusBar.makeStatusBarView(PhoneStatusBar.java:1017)
04-10 09:57:30.037 30960 30960 E AndroidRuntime: 	at com.android.systemui.statusbar.slim.SlimStatusBar.makeStatusBarView(SlimStatusBar.java:224)
04-10 09:57:30.037 30960 30960 E AndroidRuntime: 	at com.android.systemui.statusbar.phone.PhoneStatusBar.addStatusBarWindow(PhoneStatusBar.java:2937)
04-10 09:57:30.037 30960 30960 E AndroidRuntime: 	at com.android.systemui.statusbar.phone.PhoneStatusBar.createAndAddWindows(PhoneStatusBar.java:2933)
04-10 09:57:30.037 30960 30960 E AndroidRuntime: 	at com.android.systemui.statusbar.BaseStatusBar.start(BaseStatusBar.java:615)
04-10 09:57:30.037 30960 30960 E AndroidRuntime: 	at com.android.systemui.statusbar.phone.PhoneStatusBar.start(PhoneStatusBar.java:664)
04-10 09:57:30.037 30960 30960 E AndroidRuntime: 	at com.android.systemui.statusbar.slim.SlimStatusBar.start(SlimStatusBar.java:209)
04-10 09:57:30.037 30960 30960 E AndroidRuntime: 	at com.android.systemui.statusbar.SystemBars.createStatusBarFromConfig(SystemBars.java:106)
04-10 09:57:30.037 30960 30960 E AndroidRuntime: 	at com.android.systemui.statusbar.SystemBars.onNoService(SystemBars.java:58)
04-10 09:57:30.037 30960 30960 E AndroidRuntime: 	at com.android.systemui.statusbar.ServiceMonitor.startService(ServiceMonitor.java:230)
04-10 09:57:30.037 30960 30960 E AndroidRuntime: 	at com.android.systemui.statusbar.ServiceMonitor.-wrap5(ServiceMonitor.java)
04-10 09:57:30.037 30960 30960 E AndroidRuntime: 	at com.android.systemui.statusbar.ServiceMonitor$1.handleMessage(ServiceMonitor.java:73)
04-10 09:57:30.037 30960 30960 E AndroidRuntime: 	at android.os.Handler.dispatchMessage(Handler.java:102)
04-10 09:57:30.037 30960 30960 E AndroidRuntime: 	at android.os.Looper.loop(Looper.java:148)
04-10 09:57:30.037 30960 30960 E AndroidRuntime: 	at android.app.ActivityThread.main(ActivityThread.java:5439)
04-10 09:57:30.037 30960 30960 E AndroidRuntime: 	at java.lang.reflect.Method.invoke(Native Method)
04-10 09:57:30.037 30960 30960 E AndroidRuntime: 	at com.android.internal.os.ZygoteInit$MethodAndArgsCaller.run(ZygoteInit.java:726)
04-10 09:57:30.037 30960 30960 E AndroidRuntime: 	at com.android.internal.os.ZygoteInit.main(ZygoteInit.java:616)
04-10 09:57:30.037 30960 30960 E AndroidRuntime: Caused by: android.os.DeadObjectException
04-10 09:57:30.037 30960 30960 E AndroidRuntime: 	at android.os.BinderProxy.transactNative(Native Method)
04-10 09:57:30.037 30960 30960 E AndroidRuntime: 	at android.os.BinderProxy.transact(Binder.java:503)
04-10 09:57:30.037 30960 30960 E AndroidRuntime: 	at android.app.ActivityManagerProxy.getCurrentUser(ActivityManagerNative.java:5074)
04-10 09:57:30.037 30960 30960 E AndroidRuntime: 	at com.android.systemui.statusbar.policy.UserInfoController.queryForUserInformation(UserInfoController.java:126)
04-10 09:57:30.037 30960 30960 E AndroidRuntime: 	... 19 more
04-10 09:57:30.038 30960 30960 E AndroidRuntime: Error reporting crash
04-10 09:57:30.038 30960 30960 E AndroidRuntime: android.os.DeadObjectException
04-10 09:57:30.038 30960 30960 E AndroidRuntime: 	at android.os.BinderProxy.transactNative(Native Method)
04-10 09:57:30.038 30960 30960 E AndroidRuntime: 	at android.os.BinderProxy.transact(Binder.java:503)
04-10 09:57:30.038 30960 30960 E AndroidRuntime: 	at android.app.ActivityManagerProxy.handleApplicationCrash(ActivityManagerNative.java:4427)
04-10 09:57:30.038 30960 30960 E AndroidRuntime: 	at com.android.internal.os.RuntimeInit$UncaughtHandler.uncaughtException(RuntimeInit.java:90)
04-10 09:57:30.038 30960 30960 E AndroidRuntime: 	at java.lang.ThreadGroup.uncaughtException(ThreadGroup.java:693)
04-10 09:57:30.038 30960 30960 E AndroidRuntime: 	at java.lang.ThreadGroup.uncaughtException(ThreadGroup.java:690)
04-10 09:57:30.051 31362 31405 E AndroidRuntime: Error reporting crash
04-10 09:57:30.051 31362 31405 E AndroidRuntime: android.os.DeadObjectException
04-10 09:57:30.051 31362 31405 E AndroidRuntime: 	at android.os.BinderProxy.transactNative(Native Method)
04-10 09:57:30.051 31362 31405 E AndroidRuntime: 	at android.os.BinderProxy.transact(Binder.java:503)
04-10 09:57:30.051 31362 31405 E AndroidRuntime: 	at android.app.ActivityManagerProxy.handleApplicationCrash(ActivityManagerNative.java:4427)
04-10 09:57:30.051 31362 31405 E AndroidRuntime: 	at com.android.internal.os.RuntimeInit$UncaughtHandler.uncaughtException(RuntimeInit.java:90)
04-10 09:57:30.051 31362 31405 E AndroidRuntime: 	at java.lang.ThreadGroup.uncaughtException(ThreadGroup.java:693)
04-10 09:57:30.051 31362 31405 E AndroidRuntime: 	at java.lang.ThreadGroup.uncaughtException(ThreadGroup.java:690)
04-10 09:57:33.262 31512 31512 F libc    : page record for 0xb6f4c01c was not found (block_size=16)
04-10 09:57:35.294 31576 31576 I chatty  : uid=1000 system_server expire 263 lines
04-10 09:57:35.543 31576 31607 I chatty  : uid=1000 system_server expire 4 lines
04-10 09:57:35.546 31576 31608 I chatty  : uid=1000 system_server expire 2 lines
04-10 09:57:35.676 31576 31617 I chatty  : uid=1000 system_server expire 4 lines
04-10 09:57:35.688 31576 31619 I chatty  : uid=1000 system_server expire 2 lines
04-10 09:57:37.916 31576 31722 I chatty  : uid=1000 system_server expire 1 line
04-10 09:57:38.169 31746 31746 F libc    : page record for 0xb6f5501c was not found (block_size=16)
04-10 09:57:38.190 31576 31747 I chatty  : uid=1000 system_server expire 39 lines
04-10 09:57:38.193   181   574 I Ext4Crypt: ext4 crypto complete called on /data
04-10 09:57:38.193   181   574 I Ext4Crypt: No master key, so not ext4enc
04-10 09:57:38.196 31576 31758 I chatty  : uid=1000 system_server expire 2 lines
04-10 09:57:38.198   181   573 D VoldCmdListener: asec list
04-10 09:57:38.198 31576 31757 I chatty  : uid=1000 system_server expire 39 lines
04-10 09:57:38.301   181   573 D VoldCmdListener: asec list
04-10 09:57:38.365 31576 31739 I chatty  : uid=1000 system_server expire 1 line
04-10 09:57:39.901 31576 31767 I chatty  : uid=1000 system_server expire 2 lines
04-10 09:57:39.915 31576 31768 I chatty  : uid=1000 system_server expire 1 line
04-10 09:57:40.067   181   573 D VoldCmdListener: volume reset
04-10 09:57:40.316   181   573 V vold    : /system/bin/sgdisk
04-10 09:57:40.316   181   573 V vold    :     --android-dump
04-10 09:57:40.316   181   573 V vold    :     /dev/block/vold/disk:179,128
04-10 09:57:40.374   181   573 V vold    : DISK gpt F342FEEA-A652-4F60-B694-D8C566F84758
04-10 09:57:40.374   181   573 V vold    : PART 1 19A710A2-B3CA-11E4-B026-10604B889DCF 66CC8B1B-DB76-4226-AE5F-989E287F70EC android_meta
04-10 09:57:40.374   181   573 V vold    : PART 2 193D1EA4-B3CA-11E4-B075-10604B889DCF A0C0EE3A-FFB3-980B-8C9C-0DFF5E38A832 android_expand
04-10 09:57:40.375   181   573 D vold    : Found key for GUID a0c0ee3affb3980b8c9c0dff5e38a832
04-10 09:57:40.375   181   573 D vold    : PrivateVolume(private:179,130) is newed
04-10 09:57:40.376   181   573 E Cryptfs : Cannot remove dm-crypt device, retry(0), rtn(-1)
04-10 09:57:40.877   181   573 E Cryptfs : Cannot remove dm-crypt device, retry(1), rtn(-1)
04-10 09:57:41.377   181   573 E Cryptfs : Cannot remove dm-crypt device, retry(2), rtn(-1)
04-10 09:57:41.877   181   573 E Cryptfs : Cannot remove dm-crypt device, retry(3), rtn(-1)
04-10 09:57:42.377   181   573 E Cryptfs : Cannot remove dm-crypt device, retry(4), rtn(-1)
04-10 09:57:42.878   181   573 E Cryptfs : Cannot remove dm-crypt device, retry(5), rtn(-1)
04-10 09:57:43.203 31796 31796 F libc    : page record for 0xb6f2101c was not found (block_size=16)
04-10 09:57:43.378   181   573 E Cryptfs : Cannot remove dm-crypt device, retry(6), rtn(-1)
04-10 09:57:43.878   181   573 E Cryptfs : Cannot remove dm-crypt device, retry(7), rtn(-1)
04-10 09:57:44.378   181   573 E Cryptfs : Cannot remove dm-crypt device, retry(8), rtn(-1)
04-10 09:57:44.878   181   573 E Cryptfs : Cannot remove dm-crypt device, retry(9), rtn(-1)
04-10 09:57:45.383   181   573 I Cryptfs : Enabling support for allow_discards in dmcrypt.
04-10 09:57:45.385   181   573 I Cryptfs : The dm-crypt device is already created, /dev/block/dm-0
04-10 09:57:45.387   181   186 V vold    : ----------------
04-10 09:57:45.387   181   186 V vold    : handleBlockEvent with action 2
04-10 09:57:45.387   181   186 D NetlinkEvent: NL param 'DEVPATH=/devices/virtual/block/dm-0'
04-10 09:57:45.387   181   186 D NetlinkEvent: NL param 'MAJOR=253'
04-10 09:57:45.387   181   186 D NetlinkEvent: NL param 'MINOR=0'
04-10 09:57:45.387   181   186 D NetlinkEvent: NL param 'DEVNAME=dm-0'
04-10 09:57:45.387   181   186 D NetlinkEvent: NL param 'DEVTYPE=disk'
04-10 09:57:45.387   181   186 D NetlinkEvent: NL param 'NPARTS=0'
04-10 09:57:45.387   181   186 V vold    : ----------------
04-10 09:57:45.387   181   186 V vold    : handleBlockEvent with action 2
04-10 09:57:45.387   181   186 D NetlinkEvent: NL param 'DEVPATH=/devices/virtual/block/dm-0'
04-10 09:57:45.387   181   186 D NetlinkEvent: NL param 'MAJOR=253'
04-10 09:57:45.388   181   186 D NetlinkEvent: NL param 'MINOR=0'
04-10 09:57:45.388   181   186 D NetlinkEvent: NL param 'DEVNAME=dm-0'
04-10 09:57:45.388   181   186 D NetlinkEvent: NL param 'DEVTYPE=disk'
04-10 09:57:45.388   181   186 D NetlinkEvent: NL param 'NPARTS=0'
04-10 09:57:45.388   181   186 V vold    : ----------------
04-10 09:57:45.388   181   186 V vold    : handleBlockEvent with action 1
04-10 09:57:45.388   181   186 D NetlinkEvent: NL param 'DEVPATH=/devices/virtual/block/dm-0'
04-10 09:57:45.388   181   186 D NetlinkEvent: NL param 'MAJOR=253'
04-10 09:57:45.388   181   186 D NetlinkEvent: NL param 'MINOR=0'
04-10 09:57:45.388   181   186 D NetlinkEvent: NL param 'DEVNAME=dm-0'
04-10 09:57:45.388   181   186 D NetlinkEvent: NL param 'DEVTYPE=disk'
04-10 09:57:45.388   181   186 D NetlinkEvent: NL param 'NPARTS=0'
04-10 09:57:45.388   181   186 V vold    : ----------------
04-10 09:57:45.388   181   186 V vold    : handleBlockEvent with action 3
04-10 09:57:45.388   181   186 D NetlinkEvent: NL param 'DEVPATH=/devices/virtual/block/dm-0'
04-10 09:57:45.388   181   186 D NetlinkEvent: NL param 'MAJOR=253'
04-10 09:57:45.388   181   186 D NetlinkEvent: NL param 'MINOR=0'
04-10 09:57:45.388   181   186 D NetlinkEvent: NL param 'DEVNAME=dm-0'
04-10 09:57:45.388   181   186 D NetlinkEvent: NL param 'DEVTYPE=disk'
04-10 09:57:45.388   181   186 D NetlinkEvent: NL param 'NPARTS=0'
04-10 09:57:45.388   181   186 D vold    : Disk at 253:0 changed
04-10 09:57:45.389   181   573 D VoldCmdListener: volume user_added 0 0
04-10 09:57:45.398   181   573 D VoldCmdListener: volume mount private:179,130 0 -1
04-10 09:57:45.398   181   573 V vold    : /system/bin/blkid
04-10 09:57:45.398   181   573 V vold    :     -c
04-10 09:57:45.398   181   573 V vold    :     /dev/null
04-10 09:57:45.398   181   573 V vold    :     -s
04-10 09:57:45.398   181   573 V vold    :     TYPE
04-10 09:57:45.398   181   573 V vold    :     -s
04-10 09:57:45.398   181   573 V vold    :     UUID
04-10 09:57:45.398   181   573 V vold    :     -s
04-10 09:57:45.398   181   573 V vold    :     LABEL
04-10 09:57:45.398   181   573 V vold    :     /dev/block/dm-0
04-10 09:57:45.535   181   573 V vold    : /dev/block/dm-0: UUID="629a8e05-8eb0-4b97-b721-a3c19235831f" TYPE="ext4" 
04-10 09:57:45.622   181   573 V vold    : /system/bin/e2fsck
04-10 09:57:45.622   181   573 V vold    :     -y
04-10 09:57:45.622   181   573 V vold    :     /dev/block/dm-0
04-10 09:57:45.703   181   573 D vold    : private:179,130 passed filesystem check
04-10 09:57:45.725   181   573 V vold    : Starting restorecon of /mnt/expand/629a8e05-8eb0-4b97-b721-a3c19235831f
04-10 09:57:46.019 31576 31595 I chatty  : uid=1000 system_server expire 2 lines
04-10 09:57:46.670 31576 31843 I chatty  : uid=1000 system_server expire 1 line
04-10 09:57:46.979   181   573 V vold    : Waiting for restorecon...
04-10 09:57:47.612 31576 31594 I chatty  : uid=1000 system_server expire 3 lines
04-10 09:57:47.979   181   573 V vold    : Waiting for restorecon...
04-10 09:57:47.979   181   573 V vold    : Finished restorecon of /mnt/expand/629a8e05-8eb0-4b97-b721-a3c19235831f
04-10 09:57:47.981   181   573 D vold    : EmulatedVolume(emulated:179,130) is newed
04-10 09:57:47.983 31576 31609 I chatty  : uid=1000 system_server expire 1 line
04-10 09:57:47.985   181   573 D VoldCmdListener: volume mount emulated:179,130 3 -1
04-10 09:57:47.987   181   573 V vold    : Waiting for FUSE to spin up...
04-10 09:57:48.043   181   573 I vold    : Linking /storage/emulated/0 to /mnt/m_external_sd
04-10 09:57:48.044   181   573 D NVRAM   : create_link_for_mtklogger(ext_sd_path = /storage/emulated/0)
04-10 09:57:48.044   181   573 D NVRAM   : This is normal boot.
04-10 09:57:48.057 32115 32115 F libc    : page record for 0xb6ecc01c was not found (block_size=16)
04-10 09:57:48.700   181   573 D VoldCmdListener: volume user_started 0
04-10 09:57:48.700   181   573 D vold    : Linking /storage/emulated/0 to /mnt/user/0/primary
04-10 09:57:48.704 31576 31576 I chatty  : uid=1000 system_server expire 16 lines
04-10 09:57:48.834 32153 32153 I ActivityThread: Switching default density from 300 to 320
04-10 09:57:48.905 31576 31606 I chatty  : uid=1000 system_server expire 1 line
04-10 09:57:49.033 31576 32217 I chatty  : uid=1000 system_server expire 1 line
04-10 09:57:49.166 32183 32183 I chatty  : uid=1000(system) com.android.settings:CryptKeeper expire 1 line
04-10 09:57:49.337 31576 31576 E AndroidRuntime: *** FATAL EXCEPTION IN SYSTEM PROCESS: main
04-10 09:57:49.337 31576 31576 E AndroidRuntime: java.lang.RuntimeException: createnewuserdir threw exception
04-10 09:57:49.337 31576 31576 E AndroidRuntime: 	at com.android.server.MountService.createNewUserDir(MountService.java:2659)
04-10 09:57:49.337 31576 31576 E AndroidRuntime: 	at android.os.storage.StorageManager.createNewUserDir(StorageManager.java:965)
04-10 09:57:49.337 31576 31576 E AndroidRuntime: 	at com.android.server.pm.UserManagerService.prepareUserDirectory(UserManagerService.java:1989)
04-10 09:57:49.337 31576 31576 E AndroidRuntime: 	at com.android.server.pm.PackageManagerService.reconcileUsers(PackageManagerService.java:16239)
04-10 09:57:49.337 31576 31576 E AndroidRuntime: 	at com.android.server.pm.PackageManagerService.-wrap34(PackageManagerService.java)
04-10 09:57:49.337 31576 31576 E AndroidRuntime: 	at com.android.server.pm.PackageManagerService$1.onVolumeStateChanged(PackageManagerService.java:1670)
04-10 09:57:49.337 31576 31576 E AndroidRuntime: 	at android.os.storage.StorageManager$StorageEventListenerDelegate.handleMessage(StorageManager.java:128)
04-10 09:57:49.337 31576 31576 E AndroidRuntime: 	at android.os.Handler.dispatchMessage(Handler.java:98)
04-10 09:57:49.337 31576 31576 E AndroidRuntime: 	at android.os.Looper.loop(Looper.java:148)
04-10 09:57:49.337 31576 31576 E AndroidRuntime: 	at com.android.server.SystemServer.run(SystemServer.java:285)
04-10 09:57:49.337 31576 31576 E AndroidRuntime: 	at com.android.server.SystemServer.main(SystemServer.java:170)
04-10 09:57:49.337 31576 31576 E AndroidRuntime: 	at java.lang.reflect.Method.invoke(Native Method)
04-10 09:57:49.337 31576 31576 E AndroidRuntime: 	at com.android.internal.os.ZygoteInit$MethodAndArgsCaller.run(ZygoteInit.java:726)
04-10 09:57:49.337 31576 31576 E AndroidRuntime: 	at com.android.internal.os.ZygoteInit.main(ZygoteInit.java:616)
04-10 09:57:49.337 31576 31576 E AndroidRuntime: Caused by: com.android.server.NativeDaemonConnector$NativeDaemonArgumentException: command '2 cryptfs createnewuserdir 0 /mnt/expand/629a8e05-8eb0-4b97-b721-a3c19235831f/user/0' failed with '500 2 Unknown cryptfs cmd'
04-10 09:57:49.337 31576 31576 E AndroidRuntime: 	at com.android.server.NativeDaemonConnector.executeForList(NativeDaemonConnector.java:441)
04-10 09:57:49.337 31576 31576 E AndroidRuntime: 	at com.android.server.NativeDaemonConnector.execute(NativeDaemonConnector.java:345)
04-10 09:57:49.337 31576 31576 E AndroidRuntime: 	at com.android.server.NativeDaemonConnector.execute(NativeDaemonConnector.java:340)
04-10 09:57:49.337 31576 31576 E AndroidRuntime: 	at com.android.server.MountService.createNewUserDir(MountService.java:2648)
04-10 09:57:49.337 31576 31576 E AndroidRuntime: 	... 13 more
04-10 09:57:49.708 32153 32280 E ActivityThread: Failed to find provider info for user_dictionary
04-10 09:57:49.744 31817 31817 E AndroidRuntime: FATAL EXCEPTION: main
04-10 09:57:49.744 31817 31817 E AndroidRuntime: Process: com.android.systemui, PID: 31817
04-10 09:57:49.744 31817 31817 E AndroidRuntime: android.view.InflateException: Binary XML file line #333: Attempt to invoke virtual method 'android.graphics.drawable.Drawable android.graphics.drawable.Drawable.mutate()' on a null object reference
04-10 09:57:49.744 31817 31817 E AndroidRuntime: 	at android.view.LayoutInflater.inflate(LayoutInflater.java:539)
04-10 09:57:49.744 31817 31817 E AndroidRuntime: 	at android.view.LayoutInflater.inflate(LayoutInflater.java:423)
04-10 09:57:49.744 31817 31817 E AndroidRuntime: 	at android.view.LayoutInflater.inflate(LayoutInflater.java:374)
04-10 09:57:49.744 31817 31817 E AndroidRuntime: 	at android.view.View.inflate(View.java:19803)
04-10 09:57:49.744 31817 31817 E AndroidRuntime: 	at com.android.systemui.statusbar.slim.SlimStatusBar.makeStatusBarView(SlimStatusBar.java:228)
04-10 09:57:49.744 31817 31817 E AndroidRuntime: 	at com.android.systemui.statusbar.phone.PhoneStatusBar.addStatusBarWindow(PhoneStatusBar.java:2937)
04-10 09:57:49.744 31817 31817 E AndroidRuntime: 	at com.android.systemui.statusbar.phone.PhoneStatusBar.createAndAddWindows(PhoneStatusBar.java:2933)
04-10 09:57:49.744 31817 31817 E AndroidRuntime: 	at com.android.systemui.statusbar.BaseStatusBar.start(BaseStatusBar.java:615)
04-10 09:57:49.744 31817 31817 E AndroidRuntime: 	at com.android.systemui.statusbar.phone.PhoneStatusBar.start(PhoneStatusBar.java:664)
04-10 09:57:49.744 31817 31817 E AndroidRuntime: 	at com.android.systemui.statusbar.slim.SlimStatusBar.start(SlimStatusBar.java:209)
04-10 09:57:49.744 31817 31817 E AndroidRuntime: 	at com.android.systemui.statusbar.SystemBars.createStatusBarFromConfig(SystemBars.java:106)
04-10 09:57:49.744 31817 31817 E AndroidRuntime: 	at com.android.systemui.statusbar.SystemBars.onNoService(SystemBars.java:58)
04-10 09:57:49.744 31817 31817 E AndroidRuntime: 	at com.android.systemui.statusbar.ServiceMonitor.startService(ServiceMonitor.java:230)
04-10 09:57:49.744 31817 31817 E AndroidRuntime: 	at com.android.systemui.statusbar.ServiceMonitor.-wrap5(ServiceMonitor.java)
04-10 09:57:49.744 31817 31817 E AndroidRuntime: 	at com.android.systemui.statusbar.ServiceMonitor$1.handleMessage(ServiceMonitor.java:73)
04-10 09:57:49.744 31817 31817 E AndroidRuntime: 	at android.os.Handler.dispatchMessage(Handler.java:102)
04-10 09:57:49.744 31817 31817 E AndroidRuntime: 	at android.os.Looper.loop(Looper.java:148)
04-10 09:57:49.744 31817 31817 E AndroidRuntime: 	at android.app.ActivityThread.main(ActivityThread.java:5439)
04-10 09:57:49.744 31817 31817 E AndroidRuntime: 	at java.lang.reflect.Method.invoke(Native Method)
04-10 09:57:49.744 31817 31817 E AndroidRuntime: 	at com.android.internal.os.ZygoteInit$MethodAndArgsCaller.run(ZygoteInit.java:726)
04-10 09:57:49.744 31817 31817 E AndroidRuntime: 	at com.android.internal.os.ZygoteInit.main(ZygoteInit.java:616)
04-10 09:57:49.744 31817 31817 E AndroidRuntime: Caused by: java.lang.NullPointerException: Attempt to invoke virtual method 'android.graphics.drawable.Drawable android.graphics.drawable.Drawable.mutate()' on a null object reference
04-10 09:57:49.744 31817 31817 E AndroidRuntime: 	at com.android.systemui.statusbar.phone.SlimNavigationBarView.getIcons(SlimNavigationBarView.java:343)
04-10 09:57:49.744 31817 31817 E AndroidRuntime: 	at com.android.systemui.statusbar.phone.SlimNavigationBarView.updateSettings(SlimNavigationBarView.java:950)
04-10 09:57:49.744 31817 31817 E AndroidRuntime: 	at com.android.systemui.statusbar.phone.SlimNavigationBarView.onFinishInflate(SlimNavigationBarView.java:773)
04-10 09:57:49.744 31817 31817 E AndroidRuntime: 	at android.view.LayoutInflater.rInflate(LayoutInflater.java:844)
04-10 09:57:49.744 31817 31817 E AndroidRuntime: 	at android.view.LayoutInflater.rInflateChildren(LayoutInflater.java:798)
04-10 09:57:49.744 31817 31817 E AndroidRuntime: 	at android.view.LayoutInflater.inflate(LayoutInflater.java:515)
04-10 09:57:49.744 31817 31817 E AndroidRuntime: 	... 20 more
04-10 09:57:49.745 31817 31817 E AndroidRuntime: Error reporting crash
04-10 09:57:49.745 31817 31817 E AndroidRuntime: android.os.DeadObjectException
04-10 09:57:49.745 31817 31817 E AndroidRuntime: 	at android.os.BinderProxy.transactNative(Native Method)
04-10 09:57:49.745 31817 31817 E AndroidRuntime: 	at android.os.BinderProxy.transact(Binder.java:503)
04-10 09:57:49.745 31817 31817 E AndroidRuntime: 	at android.app.ActivityManagerProxy.handleApplicationCrash(ActivityManagerNative.java:4427)
04-10 09:57:49.745 31817 31817 E AndroidRuntime: 	at com.android.internal.os.RuntimeInit$UncaughtHandler.uncaughtException(RuntimeInit.java:90)
04-10 09:57:49.745 31817 31817 E AndroidRuntime: 	at java.lang.ThreadGroup.uncaughtException(ThreadGroup.java:693)
04-10 09:57:49.745 31817 31817 E AndroidRuntime: 	at java.lang.ThreadGroup.uncaughtException(ThreadGroup.java:690)
04-10 09:57:49.873 32226 32277 E AndroidRuntime: FATAL EXCEPTION: ContactsProviderWorker
04-10 09:57:49.873 32226 32277 E AndroidRuntime: Process: android.process.acore, PID: 32226
04-10 09:57:49.873 32226 32277 E AndroidRuntime: java.lang.RuntimeException: Package manager has died
04-10 09:57:49.873 32226 32277 E AndroidRuntime: 	at android.app.ApplicationPackageManager.getInstalledPackages(ApplicationPackageManager.java:592)
04-10 09:57:49.873 32226 32277 E AndroidRuntime: 	at android.app.ApplicationPackageManager.getInstalledPackages(ApplicationPackageManager.java:582)
04-10 09:57:49.873 32226 32277 E AndroidRuntime: 	at com.android.providers.contacts.ContactDirectoryManager.getDirectoryProviderPackages(ContactDirectoryManager.java:217)
04-10 09:57:49.873 32226 32277 E AndroidRuntime: 	at com.android.providers.contacts.ContactDirectoryManager.scanAllPackages(ContactDirectoryManager.java:266)
04-10 09:57:49.873 32226 32277 E AndroidRuntime: 	at com.android.providers.contacts.ContactDirectoryManager.scanAllPackagesIfNeeded(ContactDirectoryManager.java:191)
04-10 09:57:49.873 32226 32277 E AndroidRuntime: 	at com.android.providers.contacts.ContactDirectoryManager.scanAllPackages(ContactDirectoryManager.java:181)
04-10 09:57:49.873 32226 32277 E AndroidRuntime: 	at com.android.providers.contacts.ContactsProvider2.updateDirectoriesInBackground(ContactsProvider2.java:1890)
04-10 09:57:49.873 32226 32277 E AndroidRuntime: 	at com.android.providers.contacts.ContactsProvider2.performBackgroundTask(ContactsProvider2.java:1690)
04-10 09:57:49.873 32226 32277 E AndroidRuntime: 	at com.android.providers.contacts.ContactsProvider2$1.handleMessage(ContactsProvider2.java:1516)
04-10 09:57:49.873 32226 32277 E AndroidRuntime: 	at android.os.Handler.dispatchMessage(Handler.java:102)
04-10 09:57:49.873 32226 32277 E AndroidRuntime: 	at android.os.Looper.loop(Looper.java:148)
04-10 09:57:49.873 32226 32277 E AndroidRuntime: 	at android.os.HandlerThread.run(HandlerThread.java:61)
04-10 09:57:49.873 32226 32277 E AndroidRuntime: Caused by: android.os.DeadObjectException
04-10 09:57:49.873 32226 32277 E AndroidRuntime: 	at android.os.BinderProxy.transactNative(Native Method)
04-10 09:57:49.873 32226 32277 E AndroidRuntime: 	at android.os.BinderProxy.transact(Binder.java:503)
04-10 09:57:49.873 32226 32277 E AndroidRuntime: 	at android.content.pm.IPackageManager$Stub$Proxy.getInstalledPackages(IPackageManager.java:3192)
04-10 09:57:49.873 32226 32277 E AndroidRuntime: 	at android.app.ApplicationPackageManager.getInstalledPackages(ApplicationPackageManager.java:589)
04-10 09:57:49.873 32226 32277 E AndroidRuntime: 	... 11 more
04-10 09:57:49.875 32226 32277 E AndroidRuntime: Error reporting crash
04-10 09:57:49.875 32226 32277 E AndroidRuntime: android.os.DeadObjectException
04-10 09:57:49.875 32226 32277 E AndroidRuntime: 	at android.os.BinderProxy.transactNative(Native Method)
04-10 09:57:49.875 32226 32277 E AndroidRuntime: 	at android.os.BinderProxy.transact(Binder.java:503)
04-10 09:57:49.875 32226 32277 E AndroidRuntime: 	at android.app.ActivityManagerProxy.handleApplicationCrash(ActivityManagerNative.java:4427)
04-10 09:57:49.875 32226 32277 E AndroidRuntime: 	at com.android.internal.os.RuntimeInit$UncaughtHandler.uncaughtException(RuntimeInit.java:90)
04-10 09:57:49.875 32226 32277 E AndroidRuntime: 	at java.lang.ThreadGroup.uncaughtException(ThreadGroup.java:693)
04-10 09:57:49.875 32226 32277 E AndroidRuntime: 	at java.lang.ThreadGroup.uncaughtException(ThreadGroup.java:690)
04-10 09:57:53.061 32361 32361 F libc    : page record for 0xb6ec701c was not found (block_size=16)
04-10 09:57:58.074 32534 32534 F libc    : page record for 0xb6eb401c was not found (block_size=16)
04-10 09:58:03.096 32571 32571 F libc    : page record for 0xb6f0d01c was not found (block_size=16)
04-10 09:58:08.107 32572 32572 F libc    : page record for 0xb6f1b01c was not found (block_size=16)
04-10 09:58:13.124 32573 32573 F libc    : page record for 0xb6f7501c was not found (block_size=16)
04-10 09:58:18.137 32574 32574 F libc    : page record for 0xb6fa101c was not found (block_size=16)
04-10 09:58:23.159 32575 32575 F libc    : page record for 0xb6f2801c was not found (block_size=16)
04-10 09:58:28.185 32576 32576 F libc    : page record for 0xb6f4e01c was not found (block_size=16)
04-10 09:58:33.214 32577 32577 F libc    : page record for 0xb6f2101c was not found (block_size=16)
04-10 09:58:38.234 32578 32578 F libc    : page record for 0xb6f2901c was not found (block_size=16)
04-10 09:58:43.244 32579 32579 F libc    : page record for 0xb6fa201c was not found (block_size=16)
04-10 09:58:48.257 32580 32580 F libc    : page record for 0xb6f1e01c was not found (block_size=16)
